Component: ARM Compiler 5.06 update 1 (build 61) Tool: armlink [4d35a8]

==============================================================================

Section Cross References

    blinky.o(.text) refers to rt_cmsis.o(i.osThreadCreate) for osThreadCreate
    blinky.o(.text) refers to rt_cmsis.o(i.osSignalWait) for osSignalWait
    blinky.o(.text) refers to led_mcb1800.o(.text) for LED_On(unsigned)
    blinky.o(.text) refers to oop_example.o(.text) for Foo::get_value_private()
    blinky.o(.text) refers to eventrecorder.o(.text) for EventRecord2
    blinky.o(.text) refers to rt_cmsis.o(i.osThreadYield) for osThreadYield
    blinky.o(.text) refers to rt_cmsis.o(i.osKernelInitialize) for osKernelInitialize
    blinky.o(.text) refers to system_lpc18xx.o(.text) for SystemCoreClockUpdate
    blinky.o(.text) refers to rt_cmsis.o(i.osKernelStart) for osKernelStart
    blinky.o(.text) refers to rt_cmsis.o(i.osDelay) for osDelay
    blinky.o(.text) refers to rt_cmsis.o(i.osSignalSet) for osSignalSet
    blinky.o(.text) refers to blinky.o(.constdata) for os_thread_def_Thread_LED
    blinky.o(.text) refers to blinky.o(.data) for tid_Thread_LED
    blinky.o(.ARM.exidx) refers to blinky.o(.text) for .text
    blinky.o(.constdata) refers to blinky.o(.text) for Thread_LED(const void*)
    oop_example.o(.ARM.exidx) refers to oop_example.o(.text) for .text
    led_mcb1800.o(.text) refers to gpio_lpc18xx.o(.text) for GPIO_PortClock(unsigned)
    led_mcb1800.o(.text) refers to scu_lpc18xx.o(.text) for SCU_PinConfigure(unsigned char, unsigned char, unsigned)
    led_mcb1800.o(.text) refers to led_mcb1800.o(.constdata) for LED_PIN
    led_mcb1800.o(.ARM.exidx) refers to led_mcb1800.o(.text) for .text
    rtx_conf_cm.o(.emb_text) refers to rt_cmsis.o(i.osKernelInitialize) for osKernelInitialize
    rtx_conf_cm.o(.emb_text) refers to rt_cmsis.o(i.osThreadCreate) for osThreadCreate
    rtx_conf_cm.o(.emb_text) refers to rt_cmsis.o(i.osKernelStart) for osKernelStart
    rtx_conf_cm.o(.emb_text) refers to exit.o(.text) for exit
    rtx_conf_cm.o(.emb_text) refers to rtx_conf_cm.o(.constdata) for os_thread_def_main
    rtx_conf_cm.o(.text) refers to rt_task.o(i.rt_tsk_self) for rt_tsk_self
    rtx_conf_cm.o(.text) refers to rt_mutex.o(i.rt_mut_init) for rt_mut_init
    rtx_conf_cm.o(.text) refers to rt_cmsis.o(.data) for os_running
    rtx_conf_cm.o(.text) refers to rtx_conf_cm.o(.bss) for .bss
    rtx_conf_cm.o(.text) refers to libspace.o(.bss) for __libspace_start
    rtx_conf_cm.o(.text) refers to rtx_conf_cm.o(.data) for .data
    rtx_conf_cm.o(.text) refers to rt_mutex.o(i.rt_mut_wait) for rt_mut_wait
    rtx_conf_cm.o(.text) refers to rt_mutex.o(i.rt_mut_release) for rt_mut_release
    rtx_conf_cm.o(.constdata) refers to rt_cmsis.o(i.osTimerThread) for osTimerThread
    rtx_conf_cm.o(.constdata) refers to rtx_conf_cm.o(.bss) for os_messageQ_q_osTimerMessageQ
    rtx_conf_cm.o(.constdata) refers to blinky.o(.text) for main
    eventrecorder.o(.text) refers to rt_memclr_w.o(.text) for __aeabi_memclr4
    eventrecorder.o(.text) refers to rt_memcpy_v6.o(.text) for __aeabi_memcpy
    eventrecorder.o(.text) refers to eventrecorder.o(.noinit) for EventStatus
    eventrecorder.o(.text) refers to system_lpc18xx.o(.data) for SystemCoreClock
    eventrecorder.o(.text) refers to eventrecorder.o(.constdata) for EventRecorderInfo
    eventrecorder.o(.ARM.exidx) refers to eventrecorder.o(.text) for .text
    eventrecorder.o(.constdata) refers to eventrecorder.o(.noinit) for EventBuffer
    retarget_io.o(.text) refers to strcmpv7m.o(.text) for strcmp
    retarget_io.o(.text) refers to retarget_io.o(.data) for ITM_RxBuffer
    retarget_io.o(.ARM.exidx) refers to retarget_io.o(.text) for .text
    gpio_lpc18xx.o(.ARM.exidx) refers to gpio_lpc18xx.o(.text) for .text
    scu_lpc18xx.o(.ARM.exidx) refers to scu_lpc18xx.o(.text) for .text
    startup_lpc18xx.o(STACK) refers (Special) to heapauxi.o(.text) for __use_two_region_memory
    startup_lpc18xx.o(HEAP) refers (Special) to heapauxi.o(.text) for __use_two_region_memory
    startup_lpc18xx.o(RESET) refers (Special) to heapauxi.o(.text) for __use_two_region_memory
    startup_lpc18xx.o(RESET) refers to startup_lpc18xx.o(STACK) for __initial_sp
    startup_lpc18xx.o(RESET) refers to startup_lpc18xx.o(.text) for Reset_Handler
    startup_lpc18xx.o(RESET) refers to hal_cm3.o(.emb_text) for SVC_Handler
    startup_lpc18xx.o(.text) refers (Special) to heapauxi.o(.text) for __use_two_region_memory
    startup_lpc18xx.o(.text) refers to system_lpc18xx.o(.text) for SystemInit
    startup_lpc18xx.o(.text) refers to __main.o(!!!main) for __main
    startup_lpc18xx.o(.text) refers to startup_lpc18xx.o(HEAP) for Heap_Mem
    startup_lpc18xx.o(.text) refers to startup_lpc18xx.o(STACK) for Stack_Mem
    system_lpc18xx.o(.text) refers to lludivv7m.o(.text) for __aeabi_uldivmod
    system_lpc18xx.o(.text) refers to system_lpc18xx.o(.data) for SystemCoreClock
[...]

112 unused section(s) (total 4025 bytes) removed from the image.

==============================================================================

Image Symbol Table

    Local Symbols

    Symbol Name                              Value     Ov Type        Size  Object(Section)

    ../clib/angel/boardlib.s                 0x00000000   Number         0  boardinit1.o ABSOLUTE
    ../clib/angel/boardlib.s                 0x00000000   Number         0  boardinit2.o ABSOLUTE
    ../clib/angel/boardlib.s                 0x00000000   Number         0  boardshut.o ABSOLUTE
    ../clib/angel/handlers.s                 0x00000000   Number         0  __scatter_copy.o ABSOLUTE
    ../clib/angel/handlers.s                 0x00000000   Number         0  __scatter_zi.o ABSOLUTE
    ../clib/angel/kernel.s                   0x00000000   Number         0  __rtentry.o ABSOLUTE
    ../clib/angel/kernel.s                   0x00000000   Number         0  rtexit.o ABSOLUTE
    ../clib/angel/kernel.s                   0x00000000   Number         0  __rtentry2.o ABSOLUTE
    ../clib/angel/kernel.s                   0x00000000   Number         0  __rtentry4.o ABSOLUTE
    ../clib/angel/kernel.s                   0x00000000   Number         0  rtexit2.o ABSOLUTE
    ../clib/angel/rt.s                       0x00000000   Number         0  rt_raise.o ABSOLUTE
    ../clib/angel/rt.s                       0x00000000   Number         0  aeabi_ldiv0.o ABSOLUTE
    ../clib/angel/rt.s                       0x00000000   Number         0  aeabi_ldiv0_sigfpe.o ABSOLUTE
    ../clib/angel/rt.s                       0x00000000   Number         0  rt_div0.o ABSOLUTE
    ../clib/angel/scatter.s                  0x00000000   Number         0  __scatter.o ABSOLUTE
    ../clib/angel/startup.s                  0x00000000   Number         0  __main.o ABSOLUTE
    ../clib/angel/sys.s                      0x00000000   Number         0  sys_stackheap_outer.o ABSOLUTE
    ../clib/angel/sys.s                      0x00000000   Number         0  indicate_semi.o ABSOLUTE
    ../clib/angel/sys.s                      0x00000000   Number         0  use_no_semi.o ABSOLUTE
    ../clib/angel/sys.s                      0x00000000   Number         0  libspace.o ABSOLUTE
    ../clib/angel/sysapp.c                   0x00000000   Number         0  sys_command.o ABSOLUTE
    ../clib/angel/sysapp.c                   0x00000000   Number         0  sys_wrch.o ABSOLUTE
    ../clib/angel/sysapp.c                   0x00000000   Number         0  sys_exit.o ABSOLUTE
    ../clib/armsys.c                         0x00000000   Number         0  no_argv.o ABSOLUTE
    ../clib/armsys.c                         0x00000000   Number         0  _get_argv_nomalloc.o ABSOLUTE
    ../clib/armsys.c                         0x00000000   Number         0  argv_veneer.o ABSOLUTE
    ../clib/armsys.c                         0x00000000   Number         0  argv_veneer.o ABSOLUTE
    ../clib/heapalloc.c                      0x00000000   Number         0  hrguard.o ABSOLUTE
    ../clib/heapaux.c                        0x00000000   Number         0  heapauxi.o ABSOLUTE
    ../clib/libinit.s                        0x00000000   Number         0  libinit2.o ABSOLUTE
    ../clib/libinit.s                        0x00000000   Number         0  libinit.o ABSOLUTE
    ../clib/libinit.s                        0x00000000   Number         0  libshutdown2.o ABSOLUTE
    ../clib/libinit.s                        0x00000000   Number         0  libshutdown.o ABSOLUTE
    ../clib/longlong.s                       0x00000000   Number         0  lludivv7m.o ABSOLUTE
    ../clib/memcpset.s                       0x00000000   Number         0  strcmpv7m.o ABSOLUTE
    ../clib/memcpset.s                       0x00000000   Number         0  rt_memcpy_v6.o ABSOLUTE
    ../clib/memcpset.s                       0x00000000   Number         0  rt_memcpy_w.o ABSOLUTE
    ../clib/memcpset.s                       0x00000000   Number         0  rt_memclr_w.o ABSOLUTE
    ../clib/signal.c                         0x00000000   Number         0  defsig_rtred_inner.o ABSOLUTE
    ../clib/signal.c                         0x00000000   Number         0  defsig_abrt_inner.o ABSOLUTE
    ../clib/signal.c                         0x00000000   Number         0  defsig_fpe_outer.o ABSOLUTE
    ../clib/signal.c                         0x00000000   Number         0  defsig_fpe_formal.o ABSOLUTE
    ../clib/signal.c                         0x00000000   Number         0  __raise.o ABSOLUTE
    ../clib/signal.c                         0x00000000   Number         0  defsig_general.o ABSOLUTE
    ../clib/signal.c                         0x00000000   Number         0  defsig_fpe_inner.o ABSOLUTE
    ../clib/signal.c                         0x00000000   Number         0  defsig_exit.o ABSOLUTE
    ../clib/signal.c                         0x00000000   Number         0  defsig_other.o ABSOLUTE
    ../clib/signal.c                         0x00000000   Number         0  defsig_segv_inner.o ABSOLUTE
    ../clib/signal.c                         0x00000000   Number         0  defsig_cppl_inner.o ABSOLUTE
    ../clib/signal.c                         0x00000000   Number         0  defsig_pvfn_inner.o ABSOLUTE
    ../clib/signal.c                         0x00000000   Number         0  defsig_stak_inner.o ABSOLUTE
    ../clib/signal.c                         0x00000000   Number         0  defsig_rtmem_formal.o ABSOLUTE
    ../clib/signal.c                         0x00000000   Number         0  defsig_rtmem_outer.o ABSOLUTE
    ../clib/signal.c                         0x00000000   Number         0  defsig_rtmem_inner.o ABSOLUTE
    ../clib/signal.s                         0x00000000   Number         0  defsig.o ABSOLUTE
    ../clib/stdlib.c                         0x00000000   Number         0  exit.o ABSOLUTE
    ../fplib/fpinit.s                        0x00000000   Number         0  fpinit.o ABSOLUTE
    ..\HAL_CM.c                              0x00000000   Number         0  hal_cm.o ABSOLUTE
    ..\\rt_CMSIS.c                           0x00000000   Number         0  rt_cmsis.o ABSOLUTE
    ..\\rt_System.c                          0x00000000   Number         0  rt_system.o ABSOLUTE
    ..\rt_CMSIS.c                            0x00000000   Number         0  rt_cmsis.o ABSOLUTE
    ..\rt_Event.c                            0x00000000   Number         0  rt_event.o ABSOLUTE
    ..\rt_List.c                             0x00000000   Number         0  rt_list.o ABSOLUTE
    ..\rt_Mailbox.c                          0x00000000   Number         0  rt_mailbox.o ABSOLUTE
    ..\rt_MemBox.c                           0x00000000   Number         0  rt_membox.o ABSOLUTE
    ..\rt_Memory.c                           0x00000000   Number         0  rt_memory.o ABSOLUTE
    ..\rt_Mutex.c                            0x00000000   Number         0  rt_mutex.o ABSOLUTE
    ..\rt_Robin.c                            0x00000000   Number         0  rt_robin.o ABSOLUTE
    ..\rt_Semaphore.c                        0x00000000   Number         0  rt_semaphore.o ABSOLUTE
    ..\rt_System.c                           0x00000000   Number         0  rt_system.o ABSOLUTE
    ..\rt_Task.c                             0x00000000   Number         0  rt_task.o ABSOLUTE
    ..\rt_Time.c                             0x00000000   Number         0  rt_time.o ABSOLUTE
    Blinky.cpp                               0x00000000   Number         0  blinky.o ABSOLUTE
    Blinky.cpp                               0x00000000   Number         0  blinky.o ABSOLUTE
    C:\Keil_v5\ARM\PACK\Keil\ARM_Compiler\1.2.0-Dev8\Source\EventRecorder.c 0x00000000   Number         0  eventrecorder.o ABSOLUTE
    C:\Keil_v5\ARM\PACK\Keil\ARM_Compiler\1.2.0-Dev8\Source\retarget_io.c 0x00000000   Number         0  retarget_io.o ABSOLUTE
    C:\Keil_v5\ARM\PACK\Keil\LPC1800_DFP\2.7.0-dev16\Boards\Keil\MCB1800\Common\LED_MCB1800.c 0x00000000   Number         0  led_mcb1800.o ABSOLUTE
    C:\Keil_v5\ARM\PACK\Keil\LPC1800_DFP\2.7.0-dev16\RTE_Driver\GPIO_LPC18xx.c 0x00000000   Number         0  gpio_lpc18xx.o ABSOLUTE
    C:\Keil_v5\ARM\PACK\Keil\LPC1800_DFP\2.7.0-dev16\RTE_Driver\SCU_LPC18xx.c 0x00000000   Number         0  scu_lpc18xx.o ABSOLUTE
    C:\\Keil_v5\\ARM\\PACK\\Keil\\ARM_Compiler\\1.2.0-Dev8\\Source\\EventRecorder.c 0x00000000   Number         0  eventrecorder.o ABSOLUTE
    C:\\Keil_v5\\ARM\\PACK\\Keil\\LPC1800_DFP\\2.7.0-dev16\\RTE_Driver\\GPIO_LPC18xx.c 0x00000000   Number         0  gpio_lpc18xx.o ABSOLUTE
    C:\\Keil_v5\\ARM\\PACK\\Keil\\LPC1800_DFP\\2.7.0-dev16\\RTE_Driver\\SCU_LPC18xx.c 0x00000000   Number         0  scu_lpc18xx.o ABSOLUTE
    HAL_CM3.c                                0x00000000   Number         0  hal_cm3.o ABSOLUTE
    HAL_CM3.c                                0x00000000   Number         0  hal_cm3.o ABSOLUTE
    OOP_Example.cpp                          0x00000000   Number         0  oop_example.o ABSOLUTE
    RTE\CMSIS\RTX_Conf_CM.c                  0x00000000   Number         0  rtx_conf_cm.o ABSOLUTE
    RTE\Device\LPC1857\startup_LPC18xx.s     0x00000000   Number         0  startup_lpc18xx.o ABSOLUTE
    RTE\Device\LPC1857\system_LPC18xx.c      0x00000000   Number         0  system_lpc18xx.o ABSOLUTE
    RTE\\CMSIS\\RTX_Conf_CM.c                0x00000000   Number         0  rtx_conf_cm.o ABSOLUTE
    RTE\\Device\\LPC1857\\system_LPC18xx.c   0x00000000   Number         0  system_lpc18xx.o ABSOLUTE
    SVC_Table.s                              0x00000000   Number         0  svc_table.o ABSOLUTE
    dc.s                                     0x00000000   Number         0  dc.o ABSOLUTE
    .data                                    0x10000000   Section       36  blinky.o(.data)
    .data                                    0x10000024   Section       20  rtx_conf_cm.o(.data)
    nr_mutex                                 0x10000034   Data           4  rtx_conf_cm.o(.data)
    .data                                    0x10000038   Section        4  system_lpc18xx.o(.data)
    .data                                    0x1000003c   Section        8  rt_cmsis.o(.data)
    .data                                    0x10000044   Section        8  rt_task.o(.data)
    .data                                    0x1000004c   Section        8  rt_system.o(.data)
    os_lock                                  0x1000004c   Data           1  rt_system.o(.data)
    os_psh_flag                              0x1000004d   Data           1  rt_system.o(.data)
    pend_flags                               0x1000004e   Data           1  rt_system.o(.data)
    .data                                    0x10000054   Section        4  rt_time.o(.data)
    .data                                    0x10000058   Section        8  rt_robin.o(.data)
    .data                                    0x10000060   Section        1  hal_cm.o(.data)
    .bss                                     0x10000068   Section    28528  rtx_conf_cm.o(.bss)
    std_libspace                             0x10006a78   Data        1248  rtx_conf_cm.o(.bss)
    std_libmutex                             0x10006f58   Data         128  rtx_conf_cm.o(.bss)
    .bss                                     0x10006fd8   Section       52  rt_task.o(.bss)
    .bss                                     0x1000700c   Section       48  rt_list.o(.bss)
    .bss                                     0x1000703c   Section       96  libspace.o(.bss)
    HEAP                                     0x100070a0   Section      512  startup_lpc18xx.o(HEAP)
    Heap_Mem                                 0x100070a0   Data         512  startup_lpc18xx.o(HEAP)
    STACK                                    0x100072a0   Section     1024  startup_lpc18xx.o(STACK)
    Stack_Mem                                0x100072a0   Data        1024  startup_lpc18xx.o(STACK)
    __initial_sp                             0x100076a0   Data           0  startup_lpc18xx.o(STACK)
    RESET                                    0x1a000000   Section      768  startup_lpc18xx.o(RESET)
    !!!main                                  0x1a000300   Section        8  __main.o(!!!main)
    !!!scatter                               0x1a000308   Section       52  __scatter.o(!!!scatter)
    !!handler_copy                           0x1a00033c   Section       26  __scatter_copy.o(!!handler_copy)
    !!handler_zi                             0x1a000358   Section       28  __scatter_zi.o(!!handler_zi)
    .ARM.Collect$$libinit$$00000000          0x1a000374   Section        2  libinit.o(.ARM.Collect$$libinit$$00000000)
    .ARM.Collect$$libinit$$00000002          0x1a000376   Section        0  libinit2.o(.ARM.Collect$$libinit$$00000002)
    .ARM.Collect$$libinit$$00000004          0x1a000376   Section        0  libinit2.o(.ARM.Collect$$libinit$$00000004)
    .ARM.Collect$$libinit$$0000000A          0x1a000376   Section        0  libinit2.o(.ARM.Collect$$libinit$$0000000A)
    .ARM.Collect$$libinit$$0000000C          0x1a000376   Section        0  libinit2.o(.ARM.Collect$$libinit$$0000000C)
    .ARM.Collect$$libinit$$0000000E          0x1a000376   Section        0  libinit2.o(.ARM.Collect$$libinit$$0000000E)
    .ARM.Collect$$libinit$$00000011          0x1a000376   Section        0  libinit2.o(.ARM.Collect$$libinit$$00000011)
    .ARM.Collect$$libinit$$00000013          0x1a000376   Section        0  libinit2.o(.ARM.Collect$$libinit$$00000013)
    .ARM.Collect$$libinit$$00000015          0x1a000376   Section        0  libinit2.o(.ARM.Collect$$libinit$$00000015)
    .ARM.Collect$$libinit$$00000017          0x1a000376   Section        0  libinit2.o(.ARM.Collect$$libinit$$00000017)
    .ARM.Collect$$libinit$$00000019          0x1a000376   Section        0  libinit2.o(.ARM.Collect$$libinit$$00000019)
    .ARM.Collect$$libinit$$0000001B          0x1a000376   Section        0  libinit2.o(.ARM.Collect$$libinit$$0000001B)
    .ARM.Collect$$libinit$$0000001D          0x1a000376   Section        0  libinit2.o(.ARM.Collect$$libinit$$0000001D)
    .ARM.Collect$$libinit$$0000001F          0x1a000376   Section        0  libinit2.o(.ARM.Collect$$libinit$$0000001F)
    .ARM.Collect$$libinit$$00000021          0x1a000376   Section        0  libinit2.o(.ARM.Collect$$libinit$$00000021)
    .ARM.Collect$$libinit$$00000023          0x1a000376   Section        0  libinit2.o(.ARM.Collect$$libinit$$00000023)
    .ARM.Collect$$libinit$$00000025          0x1a000376   Section        0  libinit2.o(.ARM.Collect$$libinit$$00000025)
    .ARM.Collect$$libinit$$0000002C          0x1a000376   Section        0  libinit2.o(.ARM.Collect$$libinit$$0000002C)
    .ARM.Collect$$libinit$$0000002E          0x1a000376   Section        0  libinit2.o(.ARM.Collect$$libinit$$0000002E)
    .ARM.Collect$$libinit$$00000030          0x1a000376   Section        0  libinit2.o(.ARM.Collect$$libinit$$00000030)
    .ARM.Collect$$libinit$$00000032          0x1a000376   Section        0  libinit2.o(.ARM.Collect$$libinit$$00000032)
    .ARM.Collect$$libinit$$00000033          0x1a000376   Section        2  libinit2.o(.ARM.Collect$$libinit$$00000033)
    .ARM.Collect$$libshutdown$$00000000      0x1a000378   Section        2  libshutdown.o(.ARM.Collect$$libshutdown$$00000000)
    .ARM.Collect$$libshutdown$$00000002      0x1a00037a   Section        0  libshutdown2.o(.ARM.Collect$$libshutdown$$00000002)
    .ARM.Collect$$libshutdown$$00000004      0x1a00037a   Section        0  libshutdown2.o(.ARM.Collect$$libshutdown$$00000004)
    .ARM.Collect$$libshutdown$$00000007      0x1a00037a   Section        0  libshutdown2.o(.ARM.Collect$$libshutdown$$00000007)
    .ARM.Collect$$libshutdown$$0000000A      0x1a00037a   Section        0  libshutdown2.o(.ARM.Collect$$libshutdown$$0000000A)
    .ARM.Collect$$libshutdown$$0000000C      0x1a00037a   Section        0  libshutdown2.o(.ARM.Collect$$libshutdown$$0000000C)
    .ARM.Collect$$libshutdown$$0000000F      0x1a00037a   Section        0  libshutdown2.o(.ARM.Collect$$libshutdown$$0000000F)
    .ARM.Collect$$libshutdown$$00000010      0x1a00037a   Section        2  libshutdown2.o(.ARM.Collect$$libshutdown$$00000010)
    .ARM.Collect$$rtentry$$00000000          0x1a00037c   Section        0  __rtentry.o(.ARM.Collect$$rtentry$$00000000)
    .ARM.Collect$$rtentry$$00000002          0x1a00037c   Section        0  __rtentry2.o(.ARM.Collect$$rtentry$$00000002)
    .ARM.Collect$$rtentry$$00000004          0x1a00037c   Section        6  __rtentry4.o(.ARM.Collect$$rtentry$$00000004)
    .ARM.Collect$$rtentry$$00000009          0x1a000382   Section        0  __rtentry2.o(.ARM.Collect$$rtentry$$00000009)
    .ARM.Collect$$rtentry$$0000000A          0x1a000382   Section        4  __rtentry2.o(.ARM.Collect$$rtentry$$0000000A)
    .ARM.Collect$$rtentry$$0000000B          0x1a000386   Section        8  __rtentry2.o(.ARM.Collect$$rtentry$$0000000B)
    .ARM.Collect$$rtentry$$0000000D          0x1a00038e   Section        8  __rtentry2.o(.ARM.Collect$$rtentry$$0000000D)
    .ARM.Collect$$rtexit$$00000000           0x1a000396   Section        2  rtexit.o(.ARM.Collect$$rtexit$$00000000)
    .ARM.Collect$$rtexit$$00000002           0x1a000398   Section        0  rtexit2.o(.ARM.Collect$$rtexit$$00000002)
    .ARM.Collect$$rtexit$$00000003           0x1a000398   Section        4  rtexit2.o(.ARM.Collect$$rtexit$$00000003)
    .ARM.Collect$$rtexit$$00000004           0x1a00039c   Section        6  rtexit2.o(.ARM.Collect$$rtexit$$00000004)
    .emb_text                                0x1a0003a4   Section       28  rtx_conf_cm.o(.emb_text)
    .emb_text                                0x1a0003c0   Section      304  hal_cm3.o(.emb_text)
    .text                                    0x1a0004f0   Section        0  blinky.o(.text)
    .text                                    0x1a000788   Section        0  oop_example.o(.text)
    .text                                    0x1a000794   Section        0  led_mcb1800.o(.text)
    .text                                    0x1a00087c   Section        0  rtx_conf_cm.o(.text)
    __tagsym$$used                           0x1a0008e3   Number         0  rtx_conf_cm.o(.text)
    __tagsym$$used                           0x1a0008f9   Number         0  rtx_conf_cm.o(.text)
    .text                                    0x1a000928   Section        0  eventrecorder.o(.text)
    [local to EventRecorder_c]::atomic_inc8(unsigned char*) 0x1a000929   Thumb Code    22  eventrecorder.o(.text)
    [local to EventRecorder_c]::atomic_inc32(unsigned*) 0x1a00093f   Thumb Code    20  eventrecorder.o(.text)
    [local to EventRecorder_c]::atomic_xch32(unsigned*, unsigned) 0x1a000953   Thumb Code    18  eventrecorder.o(.text)
    [local to EventRecorder_c]::crc16_ccitt(const unsigned char*, unsigned) 0x1a000965   Thumb Code    66  eventrecorder.o(.text)
    [local to EventRecorder_c]::EventRecordItem(unsigned, unsigned, unsigned, unsigned) 0x1a0009a7   Thumb Code   268  eventrecorder.o(.text)
    [local to EventRecorder_c]::EventCheckFilter(unsigned) 0x1a000ab3   Thumb Code    34  eventrecorder.o(.text)
    [local to EventRecorder_c]::EventGetTS() 0x1a000adb   Thumb Code    42  eventrecorder.o(.text)
    [local to EventRecorder_c]::GetContext() 0x1a000f13   Thumb Code    10  eventrecorder.o(.text)
    .text                                    0x1a000f20   Section        0  gpio_lpc18xx.o(.text)
    .text                                    0x1a000ff0   Section        0  scu_lpc18xx.o(.text)
    .text                                    0x1a00115c   Section       64  startup_lpc18xx.o(.text)
    .text                                    0x1a00119c   Section        0  system_lpc18xx.o(.text)
    [local to system_LPC18xx_c]::WaitUs(unsigned) 0x1a001323   Thumb Code    72  system_lpc18xx.o(.text)
    [local to system_LPC18xx_c]::GetPLL1Param() 0x1a001aaf   Thumb Code    68  system_lpc18xx.o(.text)
    .text                                    0x1a001b04   Section        8  libspace.o(.text)
    .text                                    0x1a001b0c   Section      238  lludivv7m.o(.text)
    .text                                    0x1a001bfa   Section        0  exit.o(.text)
    .text                                    0x1a001c0c   Section      138  rt_memcpy_v6.o(.text)
    .text                                    0x1a001c96   Section       78  rt_memclr_w.o(.text)
    .text                                    0x1a001ce4   Section        0  heapauxi.o(.text)
    .text                                    0x1a001cea   Section      100  rt_memcpy_w.o(.text)
    .text                                    0x1a001d50   Section        0  sys_exit.o(.text)
    .text                                    0x1a001d5c   Section       74  sys_stackheap_outer.o(.text)
    .text                                    0x1a001da6   Section        2  use_no_semi.o(.text)
    .text                                    0x1a001da8   Section        0  indicate_semi.o(.text)
    SVC_TABLE                                0x1a001da8   Section        4  svc_table.o(SVC_TABLE)
    i._init_box                              0x1a001dac   Section        0  rt_membox.o(i._init_box)
    i.dbg_init                               0x1a001df4   Section        0  hal_cm.o(i.dbg_init)
    i.dbg_task_notify                        0x1a001e24   Section        0  hal_cm.o(i.dbg_task_notify)
    i.dbg_task_switch                        0x1a001e44   Section        0  hal_cm.o(i.dbg_task_switch)
    i.isrMessageGet                          0x1a001e54   Section        0  rt_cmsis.o(i.isrMessageGet)
    i.isrMessagePut                          0x1a001e7e   Section        0  rt_cmsis.o(i.isrMessagePut)
    i.isrSignalSet                           0x1a001eaa   Section        0  rt_cmsis.o(i.isrSignalSet)
    i.isr_evt_set                            0x1a001ed0   Section        0  rt_event.o(i.isr_evt_set)
    i.isr_mbx_receive                        0x1a001ef8   Section        0  rt_mailbox.o(i.isr_mbx_receive)
    i.isr_mbx_send                           0x1a001f4e   Section        0  rt_mailbox.o(i.isr_mbx_send)
    i.osDelay                                0x1a001f5c   Section        0  rt_cmsis.o(i.osDelay)
    i.osKernelInitialize                     0x1a001f74   Section        0  rt_cmsis.o(i.osKernelInitialize)
    i.osKernelStart                          0x1a001f98   Section        0  rt_cmsis.o(i.osKernelStart)
    i.osMessageGet                           0x1a002004   Section        0  rt_cmsis.o(i.osMessageGet)
    i.osSignalSet                            0x1a00201c   Section        0  rt_cmsis.o(i.osSignalSet)
    i.osSignalWait                           0x1a002034   Section        0  rt_cmsis.o(i.osSignalWait)
    i.osThreadCreate                         0x1a00204c   Section        0  rt_cmsis.o(i.osThreadCreate)
    i.osThreadExit                           0x1a002078   Section        0  rt_cmsis.o(i.osThreadExit)
    i.osThreadYield                          0x1a002090   Section        0  rt_cmsis.o(i.osThreadYield)
    i.osTimerCall                            0x1a0020a8   Section        0  rt_cmsis.o(i.osTimerCall)
    i.osTimerThread                          0x1a0020b4   Section        0  rt_cmsis.o(i.osTimerThread)
    i.os_tick_init                           0x1a0020e0   Section        0  rt_system.o(i.os_tick_init)
    i.os_tick_irqack                         0x1a002108   Section        0  rt_system.o(i.os_tick_irqack)
    i.rt_alloc_box                           0x1a00210a   Section        0  rt_membox.o(i.rt_alloc_box)
    i.rt_alloc_mem                           0x1a002124   Section        0  rt_memory.o(i.rt_alloc_mem)
    i.rt_block                               0x1a002164   Section        0  rt_task.o(i.rt_block)
    i.rt_chk_robin                           0x1a00219c   Section        0  rt_robin.o(i.rt_chk_robin)
    i.rt_dec_dly                             0x1a0021e4   Section        0  rt_list.o(i.rt_dec_dly)
    i.rt_dispatch                            0x1a002254   Section        0  rt_task.o(i.rt_dispatch)
    i.rt_dly_wait                            0x1a002298   Section        0  rt_time.o(i.rt_dly_wait)
    i.rt_evt_psh                             0x1a0022a0   Section        0  rt_event.o(i.rt_evt_psh)
    i.rt_evt_set                             0x1a0022f0   Section        0  rt_event.o(i.rt_evt_set)
    i.rt_evt_wait                            0x1a00234c   Section        0  rt_event.o(i.rt_evt_wait)
    i.rt_free_box                            0x1a002388   Section        0  rt_membox.o(i.rt_free_box)
    i.rt_free_mem                            0x1a0023b4   Section        0  rt_memory.o(i.rt_free_mem)
    i.rt_get_first                           0x1a0023dc   Section        0  rt_list.o(i.rt_get_first)
    i.rt_get_same_rdy_prio                   0x1a002404   Section        0  rt_list.o(i.rt_get_same_rdy_prio)
    i.rt_id2obj                              0x1a002428   Section        0  rt_cmsis.o(i.rt_id2obj)
    rt_id2obj                                0x1a002429   Thumb Code     8  rt_cmsis.o(i.rt_id2obj)
    i.rt_init_context                        0x1a002430   Section        0  rt_task.o(i.rt_init_context)
    rt_init_context                          0x1a002431   Thumb Code    66  rt_task.o(i.rt_init_context)
    i.rt_init_mem                            0x1a002478   Section        0  rt_memory.o(i.rt_init_mem)
    i.rt_init_robin                          0x1a002494   Section        0  rt_robin.o(i.rt_init_robin)
    i.rt_init_stack                          0x1a0024ac   Section        0  hal_cm.o(i.rt_init_stack)
    i.rt_mbx_check                           0x1a00252c   Section        0  rt_mailbox.o(i.rt_mbx_check)
    i.rt_mbx_init                            0x1a002534   Section        0  rt_mailbox.o(i.rt_mbx_init)
    i.rt_mbx_psh                             0x1a002550   Section        0  rt_mailbox.o(i.rt_mbx_psh)
    i.rt_mbx_wait                            0x1a002640   Section        0  rt_mailbox.o(i.rt_mbx_wait)
    i.rt_ms2tick                             0x1a0026f4   Section        0  rt_cmsis.o(i.rt_ms2tick)
    rt_ms2tick                               0x1a0026f5   Thumb Code    58  rt_cmsis.o(i.rt_ms2tick)
    i.rt_mut_init                            0x1a002738   Section        0  rt_mutex.o(i.rt_mut_init)
    i.rt_mut_release                         0x1a002748   Section        0  rt_mutex.o(i.rt_mut_release)
    i.rt_mut_wait                            0x1a002820   Section        0  rt_mutex.o(i.rt_mut_wait)
    i.rt_pop_req                             0x1a002898   Section        0  rt_system.o(i.rt_pop_req)
    i.rt_psh_req                             0x1a002914   Section        0  rt_system.o(i.rt_psh_req)
    i.rt_psq_enq                             0x1a002934   Section        0  rt_list.o(i.rt_psq_enq)
    i.rt_put_dly                             0x1a002990   Section        0  rt_list.o(i.rt_put_dly)
    i.rt_put_prio                            0x1a0029d8   Section        0  rt_list.o(i.rt_put_prio)
    i.rt_put_rdy_first                       0x1a002a10   Section        0  rt_list.o(i.rt_put_rdy_first)
    i.rt_resort_prio                         0x1a002a24   Section        0  rt_list.o(i.rt_resort_prio)
    i.rt_ret_val                             0x1a002a58   Section        0  hal_cm.o(i.rt_ret_val)
    i.rt_ret_val2                            0x1a002a5e   Section        0  hal_cm.o(i.rt_ret_val2)
    i.rt_rmv_dly                             0x1a002a66   Section        0  rt_list.o(i.rt_rmv_dly)
    i.rt_rmv_list                            0x1a002a90   Section        0  rt_list.o(i.rt_rmv_list)
    i.rt_sem_psh                             0x1a002ac0   Section        0  rt_semaphore.o(i.rt_sem_psh)
    i.rt_stk_check                           0x1a002af4   Section        0  rt_system.o(i.rt_stk_check)
    i.rt_switch_req                          0x1a002b18   Section        0  rt_task.o(i.rt_switch_req)
    i.rt_sys_init                            0x1a002b40   Section        0  rt_task.o(i.rt_sys_init)
    i.rt_sys_start                           0x1a002c0c   Section        0  rt_task.o(i.rt_sys_start)
    i.rt_systick                             0x1a002c84   Section        0  rt_system.o(i.rt_systick)
    i.rt_tid2ptcb                            0x1a002cc4   Section        0  rt_cmsis.o(i.rt_tid2ptcb)
    rt_tid2ptcb                              0x1a002cc5   Thumb Code    18  rt_cmsis.o(i.rt_tid2ptcb)
    i.rt_timer_insert                        0x1a002cd8   Section        0  rt_cmsis.o(i.rt_timer_insert)
    rt_timer_insert                          0x1a002cd9   Thumb Code    48  rt_cmsis.o(i.rt_timer_insert)
    i.rt_tsk_create                          0x1a002d0c   Section        0  rt_task.o(i.rt_tsk_create)
    i.rt_tsk_delete                          0x1a002d94   Section        0  rt_task.o(i.rt_tsk_delete)
    i.rt_tsk_pass                            0x1a002f10   Section        0  rt_task.o(i.rt_tsk_pass)
    i.rt_tsk_prio                            0x1a002f40   Section        0  rt_task.o(i.rt_tsk_prio)
    i.rt_tsk_self                            0x1a002fbc   Section        0  rt_task.o(i.rt_tsk_self)
    i.svcDelay                               0x1a002fcc   Section        0  rt_cmsis.o(i.svcDelay)
    i.svcKernelInitialize                    0x1a002fe0   Section        0  rt_cmsis.o(i.svcKernelInitialize)
    i.svcKernelStart                         0x1a003050   Section        0  rt_cmsis.o(i.svcKernelStart)
    i.svcMessageCreate                       0x1a003098   Section        0  rt_cmsis.o(i.svcMessageCreate)
    i.svcMessageGet                          0x1a0030bc   Section        0  rt_cmsis.o(i.svcMessageGet)
    i.svcSignalSet                           0x1a0030f6   Section        0  rt_cmsis.o(i.svcSignalSet)
    i.svcSignalWait                          0x1a00311c   Section        0  rt_cmsis.o(i.svcSignalWait)
    i.svcThreadCreate                        0x1a003170   Section        0  rt_cmsis.o(i.svcThreadCreate)
    i.svcThreadGetId                         0x1a0031dc   Section        0  rt_cmsis.o(i.svcThreadGetId)
    i.svcThreadTerminate                     0x1a0031f8   Section        0  rt_cmsis.o(i.svcThreadTerminate)
    i.svcThreadYield                         0x1a003230   Section        0  rt_cmsis.o(i.svcThreadYield)
    i.svcTimerCall                           0x1a00323a   Section        0  rt_cmsis.o(i.svcTimerCall)
    i.sysTimerTick                           0x1a003254   Section        0  rt_cmsis.o(i.sysTimerTick)
    .constdata                               0x1a0032b0   Section      112  blinky.o(.constdata)
    os_thread_def_Thread_LED                 0x1a0032b0   Data          16  blinky.o(.constdata)
    os_thread_def_Thread_01                  0x1a0032c0   Data          16  blinky.o(.constdata)
    os_thread_def_Thread_02                  0x1a0032d0   Data          16  blinky.o(.constdata)
    os_thread_def_Thread_03                  0x1a0032e0   Data          16  blinky.o(.constdata)
    os_thread_def_Thread_04                  0x1a0032f0   Data          16  blinky.o(.constdata)
    os_thread_def_Thread_05                  0x1a003300   Data          16  blinky.o(.constdata)
    os_thread_def_Thread_06                  0x1a003310   Data          16  blinky.o(.constdata)
    .constdata                               0x1a003320   Section       80  led_mcb1800.o(.constdata)
    LED_GPIO                                 0x1a003320   Data          16  led_mcb1800.o(.constdata)
    LED_PIN                                  0x1a003330   Data          64  led_mcb1800.o(.constdata)
    .constdata                               0x1a003370   Section      104  rtx_conf_cm.o(.constdata)
    __tagsym$$used                           0x1a00338c   Number         0  rtx_conf_cm.o(.constdata)
    __tagsym$$used                           0x1a003390   Number         0  rtx_conf_cm.o(.constdata)
    __tagsym$$used                           0x1a003394   Number         0  rtx_conf_cm.o(.constdata)
    __tagsym$$used                           0x1a003398   Number         0  rtx_conf_cm.o(.constdata)
    .constdata                               0x1a0033d8   Section       24  eventrecorder.o(.constdata)
    __tagsym$$used                           0x1a0033d8   Number         0  eventrecorder.o(.constdata)
    .constdata                               0x1a0033f0   Section       20  system_lpc18xx.o(.constdata)
    emcdivby2_opc                            0x1a0033f0   Data          20  system_lpc18xx.o(.constdata)
    .noinit                                  0x20005000   Section     1188  eventrecorder.o(.noinit)
    EventBuffer                              0x20005000   Data        1024  eventrecorder.o(.noinit)
    EventFilter                              0x20005400   Data         128  eventrecorder.o(.noinit)
    EventStatus                              0x20005480   Data          36  eventrecorder.o(.noinit)

    Global Symbols

    Symbol Name                              Value     Ov Type        Size  Object(Section)

    BuildAttributes$$THM_ISAv4$P$D$K$B$S$PE$A:L22UL41UL21$X:L11$S22US41US21$IEEE1$IW$USESV6$~STKCKD$USESV7$~SHL$OSPACE$ROPI$EBA8$UX$STANDARDLIB$REQ8$PRES8$EABIv2 0x00000000   Number         0  anon$$obj.o ABSOLUTE
    __ARM_use_no_argv                        0x00000000   Number         0  blinky.o ABSOLUTE
    __ARM_exceptions_init                     - Undefined Weak Reference
    __alloca_initialize                       - Undefined Weak Reference
    __arm_preinit_                            - Undefined Weak Reference
    __cpp_initialize__aeabi_                  - Undefined Weak Reference
    __cxa_finalize                            - Undefined Weak Reference
    __rt_locale                               - Undefined Weak Reference
    __sigvec_lookup                           - Undefined Weak Reference
    _atexit_init                              - Undefined Weak Reference
    _call_atexit_fns                          - Undefined Weak Reference
    _clock_init                               - Undefined Weak Reference
    _fp_trap_init                             - Undefined Weak Reference
    _fp_trap_shutdown                         - Undefined Weak Reference
    _get_lc_collate                           - Undefined Weak Reference
    _get_lc_ctype                             - Undefined Weak Reference
    _get_lc_monetary                          - Undefined Weak Reference
    _get_lc_numeric                           - Undefined Weak Reference
    _get_lc_time                              - Undefined Weak Reference
    _getenv_init                              - Undefined Weak Reference
    _handle_redirection                       - Undefined Weak Reference
    _init_alloc                               - Undefined Weak Reference
    _init_user_alloc                          - Undefined Weak Reference
    _initio                                   - Undefined Weak Reference
    _rand_init                                - Undefined Weak Reference
    _signal_finish                            - Undefined Weak Reference
    _signal_init                              - Undefined Weak Reference
    _terminate_alloc                          - Undefined Weak Reference
    _terminate_user_alloc                     - Undefined Weak Reference
    _terminateio                              - Undefined Weak Reference
    __RL_RTX_VER                             0x00000482   Number         0  rt_system.o ABSOLUTE
    tid_Thread_LED                           0x10000000   Data           4  blinky.o(.data)
    tid_Thread_01                            0x10000004   Data           4  blinky.o(.data)
    tid_Thread_02                            0x10000008   Data           4  blinky.o(.data)
    tid_Thread_03                            0x1000000c   Data           4  blinky.o(.data)
    tid_Thread_04                            0x10000010   Data           4  blinky.o(.data)
    tid_Thread_05                            0x10000014   Data           4  blinky.o(.data)
    tid_Thread_06                            0x10000018   Data           4  blinky.o(.data)
    foo1                                     0x1000001c   Data           8  blinky.o(.data)
    osThreadId_osTimerThread                 0x10000024   Data           4  rtx_conf_cm.o(.data)
    osMessageQId_osTimerMessageQ             0x10000028   Data           4  rtx_conf_cm.o(.data)
    os_tmr                                   0x1000002c   Data           4  rtx_conf_cm.o(.data)
    m_tmr                                    0x10000030   Data           4  rtx_conf_cm.o(.data)
    SystemCoreClock                          0x10000038   Data           4  system_lpc18xx.o(.data)
    os_initialized                           0x1000003c   Data           1  rt_cmsis.o(.data)
    os_running                               0x1000003d   Data           1  rt_cmsis.o(.data)
    os_timer_head                            0x10000040   Data           4  rt_cmsis.o(.data)
    os_tsk                                   0x10000044   Data           8  rt_task.o(.data)
    os_tick_irqn                             0x10000050   Data           4  rt_system.o(.data)
    os_time                                  0x10000054   Data           4  rt_time.o(.data)
    os_robin                                 0x10000058   Data           8  rt_robin.o(.data)
    dbg_msg                                  0x10000060   Data           1  hal_cm.o(.data)
    mp_tcb                                   0x10000068   Data         688  rtx_conf_cm.o(.bss)
    mp_stk                                   0x10000318   Data       24016  rtx_conf_cm.o(.bss)
    os_stack_mem                             0x100060e8   Data        2232  rtx_conf_cm.o(.bss)
    os_fifo                                  0x100069a0   Data         132  rtx_conf_cm.o(.bss)
    os_active_TCB                            0x10006a24   Data          52  rtx_conf_cm.o(.bss)
    os_messageQ_q_osTimerMessageQ            0x10006a58   Data          32  rtx_conf_cm.o(.bss)
    os_idle_TCB                              0x10006fd8   Data          52  rt_task.o(.bss)
    os_rdy                                   0x1000700c   Data          24  rt_list.o(.bss)
    os_dly                                   0x10007024   Data          24  rt_list.o(.bss)
    __libspace_start                         0x1000703c   Data          96  libspace.o(.bss)
    __temporary_stack_top$libspace           0x1000709c   Data           0  libspace.o(.bss)
    __Vectors                                0x1a000000   Data           4  startup_lpc18xx.o(RESET)
    __main                                   0x1a000301   Thumb Code     8  __main.o(!!!main)
    __scatterload                            0x1a000309   Thumb Code     0  __scatter.o(!!!scatter)
    __scatterload_rt2                        0x1a000309   Thumb Code    44  __scatter.o(!!!scatter)
    __scatterload_rt2_thumb_only             0x1a000309   Thumb Code     0  __scatter.o(!!!scatter)
    __scatterload_null                       0x1a000317   Thumb Code     0  __scatter.o(!!!scatter)
    __scatterload_copy                       0x1a00033d   Thumb Code    26  __scatter_copy.o(!!handler_copy)
    __scatterload_zeroinit                   0x1a000359   Thumb Code    28  __scatter_zi.o(!!handler_zi)
    __rt_lib_init                            0x1a000375   Thumb Code     0  libinit.o(.ARM.Collect$$libinit$$00000000)
    __rt_lib_init_alloca_1                   0x1a000377   Thumb Code     0  libinit2.o(.ARM.Collect$$libinit$$0000002E)
    __rt_lib_init_argv_1                     0x1a000377   Thumb Code     0  libinit2.o(.ARM.Collect$$libinit$$0000002C)
    __rt_lib_init_atexit_1                   0x1a000377   Thumb Code     0  libinit2.o(.ARM.Collect$$libinit$$0000001B)
    __rt_lib_init_clock_1                    0x1a000377   Thumb Code     0  libinit2.o(.ARM.Collect$$libinit$$00000021)
    __rt_lib_init_cpp_1                      0x1a000377   Thumb Code     0  libinit2.o(.ARM.Collect$$libinit$$00000032)
    __rt_lib_init_exceptions_1               0x1a000377   Thumb Code     0  libinit2.o(.ARM.Collect$$libinit$$00000030)
    __rt_lib_init_fp_1                       0x1a000377   Thumb Code     0  libinit2.o(.ARM.Collect$$libinit$$00000002)
    __rt_lib_init_fp_trap_1                  0x1a000377   Thumb Code     0  libinit2.o(.ARM.Collect$$libinit$$0000001F)
    __rt_lib_init_getenv_1                   0x1a000377   Thumb Code     0  libinit2.o(.ARM.Collect$$libinit$$00000023)
    __rt_lib_init_heap_1                     0x1a000377   Thumb Code     0  libinit2.o(.ARM.Collect$$libinit$$0000000A)
    __rt_lib_init_lc_collate_1               0x1a000377   Thumb Code     0  libinit2.o(.ARM.Collect$$libinit$$00000011)
    __rt_lib_init_lc_ctype_1                 0x1a000377   Thumb Code     0  libinit2.o(.ARM.Collect$$libinit$$00000013)
    __rt_lib_init_lc_monetary_1              0x1a000377   Thumb Code     0  libinit2.o(.ARM.Collect$$libinit$$00000015)
    __rt_lib_init_lc_numeric_1               0x1a000377   Thumb Code     0  libinit2.o(.ARM.Collect$$libinit$$00000017)
    __rt_lib_init_lc_time_1                  0x1a000377   Thumb Code     0  libinit2.o(.ARM.Collect$$libinit$$00000019)
    __rt_lib_init_preinit_1                  0x1a000377   Thumb Code     0  libinit2.o(.ARM.Collect$$libinit$$00000004)
    __rt_lib_init_rand_1                     0x1a000377   Thumb Code     0  libinit2.o(.ARM.Collect$$libinit$$0000000E)
    __rt_lib_init_return                     0x1a000377   Thumb Code     0  libinit2.o(.ARM.Collect$$libinit$$00000033)
    __rt_lib_init_signal_1                   0x1a000377   Thumb Code     0  libinit2.o(.ARM.Collect$$libinit$$0000001D)
    __rt_lib_init_stdio_1                    0x1a000377   Thumb Code     0  libinit2.o(.ARM.Collect$$libinit$$00000025)
    __rt_lib_init_user_alloc_1               0x1a000377   Thumb Code     0  libinit2.o(.ARM.Collect$$libinit$$0000000C)
    __rt_lib_shutdown                        0x1a000379   Thumb Code     0  libshutdown.o(.ARM.Collect$$libshutdown$$00000000)
    __rt_lib_shutdown_cpp_1                  0x1a00037b   Thumb Code     0  libshutdown2.o(.ARM.Collect$$libshutdown$$00000002)
    __rt_lib_shutdown_fp_trap_1              0x1a00037b   Thumb Code     0  libshutdown2.o(.ARM.Collect$$libshutdown$$00000007)
    __rt_lib_shutdown_heap_1                 0x1a00037b   Thumb Code     0  libshutdown2.o(.ARM.Collect$$libshutdown$$0000000F)
    __rt_lib_shutdown_return                 0x1a00037b   Thumb Code     0  libshutdown2.o(.ARM.Collect$$libshutdown$$00000010)
    __rt_lib_shutdown_signal_1               0x1a00037b   Thumb Code     0  libshutdown2.o(.ARM.Collect$$libshutdown$$0000000A)
    __rt_lib_shutdown_stdio_1                0x1a00037b   Thumb Code     0  libshutdown2.o(.ARM.Collect$$libshutdown$$00000004)
    __rt_lib_shutdown_user_alloc_1           0x1a00037b   Thumb Code     0  libshutdown2.o(.ARM.Collect$$libshutdown$$0000000C)
    __rt_entry                               0x1a00037d   Thumb Code     0  __rtentry.o(.ARM.Collect$$rtentry$$00000000)
    __rt_entry_presh_1                       0x1a00037d   Thumb Code     0  __rtentry2.o(.ARM.Collect$$rtentry$$00000002)
    __rt_entry_sh                            0x1a00037d   Thumb Code     0  __rtentry4.o(.ARM.Collect$$rtentry$$00000004)
    __rt_entry_li                            0x1a000383   Thumb Code     0  __rtentry2.o(.ARM.Collect$$rtentry$$0000000A)
    __rt_entry_postsh_1                      0x1a000383   Thumb Code     0  __rtentry2.o(.ARM.Collect$$rtentry$$00000009)
    __rt_entry_postli_1                      0x1a000387   Thumb Code     0  __rtentry2.o(.ARM.Collect$$rtentry$$0000000B)
    __rt_entry_main                          0x1a00038f   Thumb Code     0  __rtentry2.o(.ARM.Collect$$rtentry$$0000000D)
    __rt_exit                                0x1a000397   Thumb Code     0  rtexit.o(.ARM.Collect$$rtexit$$00000000)
    __rt_exit_ls                             0x1a000399   Thumb Code     0  rtexit2.o(.ARM.Collect$$rtexit$$00000003)
    __rt_exit_prels_1                        0x1a000399   Thumb Code     0  rtexit2.o(.ARM.Collect$$rtexit$$00000002)
    __rt_exit_exit                           0x1a00039d   Thumb Code     0  rtexit2.o(.ARM.Collect$$rtexit$$00000004)
    _platform_post_lib_init                  0x1a0003a5   Thumb Code    24  rtx_conf_cm.o(.emb_text)
    rt_set_PSP                               0x1a0003c1   Thumb Code     6  hal_cm3.o(.emb_text)
    rt_get_PSP                               0x1a0003c7   Thumb Code     6  hal_cm3.o(.emb_text)
    os_set_env                               0x1a0003cd   Thumb Code    24  hal_cm3.o(.emb_text)
    _alloc_box                               0x1a0003e9   Thumb Code    28  hal_cm3.o(.emb_text)
    _free_box                                0x1a000409   Thumb Code    28  hal_cm3.o(.emb_text)
    SVC_Handler                              0x1a000429   Thumb Code   108  hal_cm3.o(.emb_text)
    PendSV_Handler                           0x1a0004a1   Thumb Code    56  hal_cm3.o(.emb_text)
    SysTick_Handler                          0x1a0004dd   Thumb Code     8  hal_cm3.o(.emb_text)
    OS_Tick_Handler                          0x1a0004e5   Thumb Code    12  hal_cm3.o(.emb_text)
    Init_Thread_LED()                        0x1a0004f1   Thumb Code    30  blinky.o(.text)
    Thread_LED(const void*)                  0x1a00050f   Thumb Code    74  blinky.o(.text)
    Init_Thread_01()                         0x1a000559   Thumb Code    30  blinky.o(.text)
    Thread_01(const void*)                   0x1a000577   Thumb Code    40  blinky.o(.text)
    Init_Thread_02()                         0x1a00059f   Thumb Code    30  blinky.o(.text)
    Thread_02(const void*)                   0x1a0005bd   Thumb Code    40  blinky.o(.text)
    Init_Thread_03()                         0x1a0005e5   Thumb Code    30  blinky.o(.text)
    Thread_03(const void*)                   0x1a000603   Thumb Code    40  blinky.o(.text)
    Init_Thread_04()                         0x1a00062b   Thumb Code    30  blinky.o(.text)
    Thread_04(const void*)                   0x1a000649   Thumb Code    40  blinky.o(.text)
    Init_Thread_05()                         0x1a000671   Thumb Code    30  blinky.o(.text)
    Thread_05(const void*)                   0x1a00068f   Thumb Code    40  blinky.o(.text)
    Init_Thread_06()                         0x1a0006b7   Thumb Code    30  blinky.o(.text)
    Thread_06(const void*)                   0x1a0006d5   Thumb Code    40  blinky.o(.text)
    main                                     0x1a0006fd   Thumb Code    80  blinky.o(.text)
    Foo::set_value_private(int)              0x1a000789   Thumb Code     4  oop_example.o(.text)
    Foo::get_value_private()                 0x1a00078d   Thumb Code     6  oop_example.o(.text)
    LED_Initialize()                         0x1a000795   Thumb Code    88  led_mcb1800.o(.text)
    LED_Uninitialize()                       0x1a0007ed   Thumb Code    36  led_mcb1800.o(.text)
    LED_On(unsigned)                         0x1a000811   Thumb Code    28  led_mcb1800.o(.text)
    LED_Off(unsigned)                        0x1a00082d   Thumb Code    28  led_mcb1800.o(.text)
    LED_SetOut(unsigned)                     0x1a000849   Thumb Code    40  led_mcb1800.o(.text)
    LED_GetCount()                           0x1a000871   Thumb Code     4  led_mcb1800.o(.text)
    os_idle_demon                            0x1a00087d   Thumb Code     4  rtx_conf_cm.o(.text)
    os_error                                 0x1a000881   Thumb Code    32  rtx_conf_cm.o(.text)
    __user_perthread_libspace                0x1a0008a1   Thumb Code    32  rtx_conf_cm.o(.text)
    _mutex_initialize                        0x1a0008c1   Thumb Code    34  rtx_conf_cm.o(.text)
    _mutex_acquire                           0x1a0008e3   Thumb Code    22  rtx_conf_cm.o(.text)
    _mutex_release                           0x1a0008f9   Thumb Code    18  rtx_conf_cm.o(.text)
    EventRecorderTimerGet                    0x1a000ad5   Thumb Code     6  eventrecorder.o(.text)
    EventRecorderTimerInit                   0x1a000b05   Thumb Code    30  eventrecorder.o(.text)
    EventRecorderEnable                      0x1a000b23   Thumb Code    88  eventrecorder.o(.text)
    EventRecorderInitialize                  0x1a000b7b   Thumb Code   236  eventrecorder.o(.text)
    EventRecorderDisable                     0x1a000c67   Thumb Code    88  eventrecorder.o(.text)
    EventRecorderStart                       0x1a000cbf   Thumb Code    46  eventrecorder.o(.text)
    EventRecorderStop                        0x1a000ced   Thumb Code    46  eventrecorder.o(.text)
    EventRecordData                          0x1a000d1b   Thumb Code   316  eventrecorder.o(.text)
    EventRecord2                             0x1a000e57   Thumb Code    70  eventrecorder.o(.text)
    EventRecord4                             0x1a000e9d   Thumb Code   118  eventrecorder.o(.text)
    GPIO_PortClock(unsigned)                 0x1a000f21   Thumb Code    62  gpio_lpc18xx.o(.text)
    GPIO_SetDir(unsigned, unsigned, unsigned) 0x1a000f5f   Thumb Code    44  gpio_lpc18xx.o(.text)
    GPIO_PinWrite(unsigned, unsigned, unsigned) 0x1a000f8b   Thumb Code    30  gpio_lpc18xx.o(.text)
    GPIO_PinRead(unsigned, unsigned)         0x1a000fa9   Thumb Code    24  gpio_lpc18xx.o(.text)
    GPIO_PortWrite(unsigned, unsigned, unsigned) 0x1a000fc1   Thumb Code    22  gpio_lpc18xx.o(.text)
    GPIO_PortRead(unsigned)                  0x1a000fd7   Thumb Code    10  gpio_lpc18xx.o(.text)
    SCU_PinConfigure(unsigned char, unsigned char, unsigned) 0x1a000ff1   Thumb Code    34  scu_lpc18xx.o(.text)
    SCU_CLK_PinConfigure(unsigned char, unsigned) 0x1a001013   Thumb Code    22  scu_lpc18xx.o(.text)
    SCU_USB1_PinConfigure(unsigned)          0x1a001029   Thumb Code    12  scu_lpc18xx.o(.text)
    SCU_I2C_PinConfigure(unsigned)           0x1a001035   Thumb Code    44  scu_lpc18xx.o(.text)
    SCU_ADC_ChannelPinConfigure(unsigned char, unsigned char, unsigned) 0x1a001061   Thumb Code    74  scu_lpc18xx.o(.text)
    SCU_DAC_PinConfigure(unsigned)           0x1a0010ab   Thumb Code    52  scu_lpc18xx.o(.text)
    SCU_PinInterruptSourceSelect(unsigned char, unsigned char, unsigned char) 0x1a0010df   Thumb Code   112  scu_lpc18xx.o(.text)
    Reset_Handler                            0x1a00115d   Thumb Code     8  startup_lpc18xx.o(.text)
    NMI_Handler                              0x1a001165   Thumb Code     2  startup_lpc18xx.o(.text)
    HardFault_Handler                        0x1a001167   Thumb Code     2  startup_lpc18xx.o(.text)
    MemManage_Handler                        0x1a001169   Thumb Code     2  startup_lpc18xx.o(.text)
    BusFault_Handler                         0x1a00116b   Thumb Code     2  startup_lpc18xx.o(.text)
    UsageFault_Handler                       0x1a00116d   Thumb Code     2  startup_lpc18xx.o(.text)
    DebugMon_Handler                         0x1a001171   Thumb Code     2  startup_lpc18xx.o(.text)
    ADC0_IRQHandler                          0x1a001177   Thumb Code     0  startup_lpc18xx.o(.text)
    ADC1_IRQHandler                          0x1a001177   Thumb Code     0  startup_lpc18xx.o(.text)
    ATIMER_IRQHandler                        0x1a001177   Thumb Code     0  startup_lpc18xx.o(.text)
    CAN0_IRQHandler                          0x1a001177   Thumb Code     0  startup_lpc18xx.o(.text)
    CAN1_IRQHandler                          0x1a001177   Thumb Code     0  startup_lpc18xx.o(.text)
    DAC_IRQHandler                           0x1a001177   Thumb Code     0  startup_lpc18xx.o(.text)
    DMA_IRQHandler                           0x1a001177   Thumb Code     0  startup_lpc18xx.o(.text)
    ETH_IRQHandler                           0x1a001177   Thumb Code     0  startup_lpc18xx.o(.text)
    EVRT_IRQHandler                          0x1a001177   Thumb Code     0  startup_lpc18xx.o(.text)
    FLASHEEPROM_IRQHandler                   0x1a001177   Thumb Code     0  startup_lpc18xx.o(.text)
    GINT0_IRQHandler                         0x1a001177   Thumb Code     0  startup_lpc18xx.o(.text)
    GINT1_IRQHandler                         0x1a001177   Thumb Code     0  startup_lpc18xx.o(.text)
    GPIO0_IRQHandler                         0x1a001177   Thumb Code     0  startup_lpc18xx.o(.text)
    GPIO1_IRQHandler                         0x1a001177   Thumb Code     0  startup_lpc18xx.o(.text)
    GPIO2_IRQHandler                         0x1a001177   Thumb Code     0  startup_lpc18xx.o(.text)
    GPIO3_IRQHandler                         0x1a001177   Thumb Code     0  startup_lpc18xx.o(.text)
    GPIO4_IRQHandler                         0x1a001177   Thumb Code     0  startup_lpc18xx.o(.text)
    GPIO5_IRQHandler                         0x1a001177   Thumb Code     0  startup_lpc18xx.o(.text)
    GPIO6_IRQHandler                         0x1a001177   Thumb Code     0  startup_lpc18xx.o(.text)
    GPIO7_IRQHandler                         0x1a001177   Thumb Code     0  startup_lpc18xx.o(.text)
    I2C0_IRQHandler                          0x1a001177   Thumb Code     0  startup_lpc18xx.o(.text)
    I2C1_IRQHandler                          0x1a001177   Thumb Code     0  startup_lpc18xx.o(.text)
    I2S0_IRQHandler                          0x1a001177   Thumb Code     0  startup_lpc18xx.o(.text)
    I2S1_IRQHandler                          0x1a001177   Thumb Code     0  startup_lpc18xx.o(.text)
    LCD_IRQHandler                           0x1a001177   Thumb Code     0  startup_lpc18xx.o(.text)
    MCPWM_IRQHandler                         0x1a001177   Thumb Code     0  startup_lpc18xx.o(.text)
    QEI_IRQHandler                           0x1a001177   Thumb Code     0  startup_lpc18xx.o(.text)
    RIT_IRQHandler                           0x1a001177   Thumb Code     0  startup_lpc18xx.o(.text)
    RTC_IRQHandler                           0x1a001177   Thumb Code     0  startup_lpc18xx.o(.text)
    SCT_IRQHandler                           0x1a001177   Thumb Code     0  startup_lpc18xx.o(.text)
    SDIO_IRQHandler                          0x1a001177   Thumb Code     0  startup_lpc18xx.o(.text)
    SSP0_IRQHandler                          0x1a001177   Thumb Code     0  startup_lpc18xx.o(.text)
    SSP1_IRQHandler                          0x1a001177   Thumb Code     0  startup_lpc18xx.o(.text)
    TIMER0_IRQHandler                        0x1a001177   Thumb Code     0  startup_lpc18xx.o(.text)
    TIMER1_IRQHandler                        0x1a001177   Thumb Code     0  startup_lpc18xx.o(.text)
    TIMER2_IRQHandler                        0x1a001177   Thumb Code     0  startup_lpc18xx.o(.text)
    TIMER3_IRQHandler                        0x1a001177   Thumb Code     0  startup_lpc18xx.o(.text)
    UART0_IRQHandler                         0x1a001177   Thumb Code     0  startup_lpc18xx.o(.text)
    UART1_IRQHandler                         0x1a001177   Thumb Code     0  startup_lpc18xx.o(.text)
    UART2_IRQHandler                         0x1a001177   Thumb Code     0  startup_lpc18xx.o(.text)
    UART3_IRQHandler                         0x1a001177   Thumb Code     0  startup_lpc18xx.o(.text)
    USB0_IRQHandler                          0x1a001177   Thumb Code     0  startup_lpc18xx.o(.text)
    USB1_IRQHandler                          0x1a001177   Thumb Code     0  startup_lpc18xx.o(.text)
    WDT_IRQHandler                           0x1a001177   Thumb Code     0  startup_lpc18xx.o(.text)
    __user_initial_stackheap                 0x1a001179   Thumb Code     0  startup_lpc18xx.o(.text)
    SetClock()                               0x1a00119d   Thumb Code   390  system_lpc18xx.o(.text)
    SystemInit_ExtMemCtl()                   0x1a00136b   Thumb Code  1296  system_lpc18xx.o(.text)
    MeasureFreq(unsigned)                    0x1a00187b   Thumb Code    94  system_lpc18xx.o(.text)
    GetClkSel(unsigned)                      0x1a0018d9   Thumb Code   168  system_lpc18xx.o(.text)
    GetClockFreq(unsigned)                   0x1a001981   Thumb Code   238  system_lpc18xx.o(.text)
    SystemCoreClockUpdate                    0x1a001a6f   Thumb Code    22  system_lpc18xx.o(.text)
    SystemInit                               0x1a001a85   Thumb Code    42  system_lpc18xx.o(.text)
    __user_libspace                          0x1a001b05   Thumb Code     8  libspace.o(.text)
    __user_perproc_libspace                  0x1a001b05   Thumb Code     0  libspace.o(.text)
    __aeabi_uldivmod                         0x1a001b0d   Thumb Code     0  lludivv7m.o(.text)
    _ll_udiv                                 0x1a001b0d   Thumb Code   238  lludivv7m.o(.text)
    exit                                     0x1a001bfb   Thumb Code    18  exit.o(.text)
    __aeabi_memcpy                           0x1a001c0d   Thumb Code     0  rt_memcpy_v6.o(.text)
    __rt_memcpy                              0x1a001c0d   Thumb Code   138  rt_memcpy_v6.o(.text)
    _memcpy_lastbytes                        0x1a001c73   Thumb Code     0  rt_memcpy_v6.o(.text)
    __aeabi_memclr4                          0x1a001c97   Thumb Code     0  rt_memclr_w.o(.text)
    __aeabi_memclr8                          0x1a001c97   Thumb Code     0  rt_memclr_w.o(.text)
    __rt_memclr_w                            0x1a001c97   Thumb Code    78  rt_memclr_w.o(.text)
    _memset_w                                0x1a001c9b   Thumb Code     0  rt_memclr_w.o(.text)
    __use_two_region_memory                  0x1a001ce5   Thumb Code     2  heapauxi.o(.text)
    __rt_heap_escrow$2region                 0x1a001ce7   Thumb Code     2  heapauxi.o(.text)
    __rt_heap_expand$2region                 0x1a001ce9   Thumb Code     2  heapauxi.o(.text)
    __aeabi_memcpy4                          0x1a001ceb   Thumb Code     0  rt_memcpy_w.o(.text)
    __aeabi_memcpy8                          0x1a001ceb   Thumb Code     0  rt_memcpy_w.o(.text)
    __rt_memcpy_w                            0x1a001ceb   Thumb Code   100  rt_memcpy_w.o(.text)
    _memcpy_lastbytes_aligned                0x1a001d33   Thumb Code     0  rt_memcpy_w.o(.text)
    _sys_exit                                0x1a001d51   Thumb Code     8  sys_exit.o(.text)
    __user_setup_stackheap                   0x1a001d5d   Thumb Code    74  sys_stackheap_outer.o(.text)
    __I$use$semihosting                      0x1a001da7   Thumb Code     0  use_no_semi.o(.text)
    __use_no_semihosting_swi                 0x1a001da7   Thumb Code     2  use_no_semi.o(.text)
    SVC_Count                                0x1a001da8   Data           4  svc_table.o(SVC_TABLE)
    __semihosting_library_function           0x1a001da9   Thumb Code     0  indicate_semi.o(.text)
    SVC_Table                                0x1a001dac   Data           0  svc_table.o(SVC_TABLE)
    _init_box                                0x1a001dad   Thumb Code    70  rt_membox.o(i._init_box)
    dbg_init                                 0x1a001df5   Thumb Code    34  hal_cm.o(i.dbg_init)
    dbg_task_notify                          0x1a001e25   Thumb Code    32  hal_cm.o(i.dbg_task_notify)
    dbg_task_switch                          0x1a001e45   Thumb Code    16  hal_cm.o(i.dbg_task_switch)
    isrMessageGet                            0x1a001e55   Thumb Code    42  rt_cmsis.o(i.isrMessageGet)
    isrMessagePut                            0x1a001e7f   Thumb Code    44  rt_cmsis.o(i.isrMessagePut)
    isrSignalSet                             0x1a001eab   Thumb Code    36  rt_cmsis.o(i.isrSignalSet)
    isr_evt_set                              0x1a001ed1   Thumb Code    34  rt_event.o(i.isr_evt_set)
    isr_mbx_receive                          0x1a001ef9   Thumb Code    86  rt_mailbox.o(i.isr_mbx_receive)
    isr_mbx_send                             0x1a001f4f   Thumb Code    14  rt_mailbox.o(i.isr_mbx_send)
    osDelay                                  0x1a001f5d   Thumb Code    18  rt_cmsis.o(i.osDelay)
    osKernelInitialize                       0x1a001f75   Thumb Code    30  rt_cmsis.o(i.osKernelInitialize)
    osKernelStart                            0x1a001f99   Thumb Code    98  rt_cmsis.o(i.osKernelStart)
    osMessageGet                             0x1a002005   Thumb Code    18  rt_cmsis.o(i.osMessageGet)
    osSignalSet                              0x1a00201d   Thumb Code    18  rt_cmsis.o(i.osSignalSet)
    osSignalWait                             0x1a002035   Thumb Code    18  rt_cmsis.o(i.osSignalWait)
    osThreadCreate                           0x1a00204d   Thumb Code    36  rt_cmsis.o(i.osThreadCreate)
    osThreadExit                             0x1a002079   Thumb Code    14  rt_cmsis.o(i.osThreadExit)
    osThreadYield                            0x1a002091   Thumb Code    18  rt_cmsis.o(i.osThreadYield)
    osTimerCall                              0x1a0020a9   Thumb Code     8  rt_cmsis.o(i.osTimerCall)
    osTimerThread                            0x1a0020b5   Thumb Code    38  rt_cmsis.o(i.osTimerThread)
    os_tick_init                             0x1a0020e1   Thumb Code    32  rt_system.o(i.os_tick_init)
    os_tick_irqack                           0x1a002109   Thumb Code     2  rt_system.o(i.os_tick_irqack)
    rt_alloc_box                             0x1a00210b   Thumb Code    26  rt_membox.o(i.rt_alloc_box)
    rt_alloc_mem                             0x1a002125   Thumb Code    62  rt_memory.o(i.rt_alloc_mem)
    rt_block                                 0x1a002165   Thumb Code    48  rt_task.o(i.rt_block)
    rt_chk_robin                             0x1a00219d   Thumb Code    60  rt_robin.o(i.rt_chk_robin)
    rt_dec_dly                               0x1a0021e5   Thumb Code   102  rt_list.o(i.rt_dec_dly)
    rt_dispatch                              0x1a002255   Thumb Code    60  rt_task.o(i.rt_dispatch)
    rt_dly_wait                              0x1a002299   Thumb Code     6  rt_time.o(i.rt_dly_wait)
    rt_evt_psh                               0x1a0022a1   Thumb Code    76  rt_event.o(i.rt_evt_psh)
    rt_evt_set                               0x1a0022f1   Thumb Code    88  rt_event.o(i.rt_evt_set)
    rt_evt_wait                              0x1a00234d   Thumb Code    56  rt_event.o(i.rt_evt_wait)
    rt_free_box                              0x1a002389   Thumb Code    44  rt_membox.o(i.rt_free_box)
    rt_free_mem                              0x1a0023b5   Thumb Code    40  rt_memory.o(i.rt_free_mem)
    rt_get_first                             0x1a0023dd   Thumb Code    40  rt_list.o(i.rt_get_first)
    rt_get_same_rdy_prio                     0x1a002405   Thumb Code    26  rt_list.o(i.rt_get_same_rdy_prio)
    rt_init_mem                              0x1a002479   Thumb Code    26  rt_memory.o(i.rt_init_mem)
    rt_init_robin                            0x1a002495   Thumb Code    14  rt_robin.o(i.rt_init_robin)
    rt_init_stack                            0x1a0024ad   Thumb Code   118  hal_cm.o(i.rt_init_stack)
    rt_mbx_check                             0x1a00252d   Thumb Code     8  rt_mailbox.o(i.rt_mbx_check)
    rt_mbx_init                              0x1a002535   Thumb Code    26  rt_mailbox.o(i.rt_mbx_init)
    rt_mbx_psh                               0x1a002551   Thumb Code   236  rt_mailbox.o(i.rt_mbx_psh)
    rt_mbx_wait                              0x1a002641   Thumb Code   174  rt_mailbox.o(i.rt_mbx_wait)
    rt_mut_init                              0x1a002739   Thumb Code    16  rt_mutex.o(i.rt_mut_init)
    rt_mut_release                           0x1a002749   Thumb Code   208  rt_mutex.o(i.rt_mut_release)
    rt_mut_wait                              0x1a002821   Thumb Code   114  rt_mutex.o(i.rt_mut_wait)
    rt_pop_req                               0x1a002899   Thumb Code   112  rt_system.o(i.rt_pop_req)
    rt_psh_req                               0x1a002915   Thumb Code    22  rt_system.o(i.rt_psh_req)
    rt_psq_enq                               0x1a002935   Thumb Code    88  rt_list.o(i.rt_psq_enq)
    rt_put_dly                               0x1a002991   Thumb Code    68  rt_list.o(i.rt_put_dly)
    rt_put_prio                              0x1a0029d9   Thumb Code    54  rt_list.o(i.rt_put_prio)
    rt_put_rdy_first                         0x1a002a11   Thumb Code    14  rt_list.o(i.rt_put_rdy_first)
    rt_resort_prio                           0x1a002a25   Thumb Code    46  rt_list.o(i.rt_resort_prio)
    rt_ret_val                               0x1a002a59   Thumb Code     6  hal_cm.o(i.rt_ret_val)
    rt_ret_val2                              0x1a002a5f   Thumb Code     8  hal_cm.o(i.rt_ret_val2)
    rt_rmv_dly                               0x1a002a67   Thumb Code    40  rt_list.o(i.rt_rmv_dly)
    rt_rmv_list                              0x1a002a91   Thumb Code    44  rt_list.o(i.rt_rmv_list)
    rt_sem_psh                               0x1a002ac1   Thumb Code    48  rt_semaphore.o(i.rt_sem_psh)
    rt_stk_check                             0x1a002af5   Thumb Code    28  rt_system.o(i.rt_stk_check)
    rt_switch_req                            0x1a002b19   Thumb Code    30  rt_task.o(i.rt_switch_req)
    rt_sys_init                              0x1a002b41   Thumb Code   138  rt_task.o(i.rt_sys_init)
    rt_sys_start                             0x1a002c0d   Thumb Code   110  rt_task.o(i.rt_sys_start)
    rt_systick                               0x1a002c85   Thumb Code    50  rt_system.o(i.rt_systick)
    rt_tsk_create                            0x1a002d0d   Thumb Code   118  rt_task.o(i.rt_tsk_create)
    rt_tsk_delete                            0x1a002d95   Thumb Code   352  rt_task.o(i.rt_tsk_delete)
    rt_tsk_pass                              0x1a002f11   Thumb Code    38  rt_task.o(i.rt_tsk_pass)
    rt_tsk_prio                              0x1a002f41   Thumb Code   108  rt_task.o(i.rt_tsk_prio)
    rt_tsk_self                              0x1a002fbd   Thumb Code    12  rt_task.o(i.rt_tsk_self)
    svcDelay                                 0x1a002fcd   Thumb Code    18  rt_cmsis.o(i.svcDelay)
    svcKernelInitialize                      0x1a002fe1   Thumb Code    80  rt_cmsis.o(i.svcKernelInitialize)
    svcKernelStart                           0x1a003051   Thumb Code    62  rt_cmsis.o(i.svcKernelStart)
    svcMessageCreate                         0x1a003099   Thumb Code    36  rt_cmsis.o(i.svcMessageCreate)
    svcMessageGet                            0x1a0030bd   Thumb Code    58  rt_cmsis.o(i.svcMessageGet)
    svcSignalSet                             0x1a0030f7   Thumb Code    36  rt_cmsis.o(i.svcSignalSet)
    svcSignalWait                            0x1a00311d   Thumb Code    80  rt_cmsis.o(i.svcSignalWait)
    svcThreadCreate                          0x1a003171   Thumb Code    96  rt_cmsis.o(i.svcThreadCreate)
    svcThreadGetId                           0x1a0031dd   Thumb Code    22  rt_cmsis.o(i.svcThreadGetId)
    svcThreadTerminate                       0x1a0031f9   Thumb Code    50  rt_cmsis.o(i.svcThreadTerminate)
    svcThreadYield                           0x1a003231   Thumb Code    10  rt_cmsis.o(i.svcThreadYield)
    svcTimerCall                             0x1a00323b   Thumb Code    24  rt_cmsis.o(i.svcTimerCall)
    sysTimerTick                             0x1a003255   Thumb Code    84  rt_cmsis.o(i.sysTimerTick)
    os_maxtaskrun                            0x1a003370   Data           2  rtx_conf_cm.o(.constdata)
    os_stackinfo                             0x1a003374   Data           4  rtx_conf_cm.o(.constdata)
    os_rrobin                                0x1a003378   Data           4  rtx_conf_cm.o(.constdata)
    os_tickfreq                              0x1a00337c   Data           4  rtx_conf_cm.o(.constdata)
    os_tickus_i                              0x1a003380   Data           2  rtx_conf_cm.o(.constdata)
    os_tickus_f                              0x1a003382   Data           2  rtx_conf_cm.o(.constdata)
    os_trv                                   0x1a003384   Data           4  rtx_conf_cm.o(.constdata)
    os_flags                                 0x1a003388   Data           1  rtx_conf_cm.o(.constdata)
    CMSIS_RTOS_API_Version                   0x1a00338c   Data           4  rtx_conf_cm.o(.constdata)
    CMSIS_RTOS_RTX_Version                   0x1a003390   Data           4  rtx_conf_cm.o(.constdata)
    os_clockrate                             0x1a003394   Data           4  rtx_conf_cm.o(.constdata)
    os_timernum                              0x1a003398   Data           4  rtx_conf_cm.o(.constdata)
    mp_tcb_size                              0x1a00339c   Data           2  rtx_conf_cm.o(.constdata)
    mp_stk_size                              0x1a0033a0   Data           4  rtx_conf_cm.o(.constdata)
    os_stack_sz                              0x1a0033a4   Data           4  rtx_conf_cm.o(.constdata)
    os_fifo_size                             0x1a0033a8   Data           1  rtx_conf_cm.o(.constdata)
    os_thread_def_osTimerThread              0x1a0033ac   Data          16  rtx_conf_cm.o(.constdata)
    os_messageQ_def_osTimerMessageQ          0x1a0033bc   Data           8  rtx_conf_cm.o(.constdata)
    mp_tmr_size                              0x1a0033c4   Data           2  rtx_conf_cm.o(.constdata)
    os_thread_def_main                       0x1a0033c8   Data          16  rtx_conf_cm.o(.constdata)
    EventRecorderInfo                        0x1a0033d8   Data          24  eventrecorder.o(.constdata)
    Region$$Table$$Base                      0x1a003404   Number         0  anon$$obj.o(Region$$Table)
    Region$$Table$$Limit                     0x1a003424   Number         0  anon$$obj.o(Region$$Table)



==============================================================================

Memory Map of the image

  Image Entry point : 0x1a000301

  Load Region LR_IROM1 (Base: 0x1a000000, Size: 0x00003488, Max: 0x00080000, ABSOLUTE)

    Execution Region RW_IRAM1 (Base: 0x10000000, Size: 0x000076a0, Max: 0x00008000, ABSOLUTE)

    Base Addr    Size         Type   Attr      Idx    E Section Name        Object

    0x10000000   0x00000024   Data   RW            7    .data               blinky.o
    0x10000024   0x00000014   Data   RW          117    .data               rtx_conf_cm.o
    0x10000038   0x00000004   Data   RW          311    .data               system_lpc18xx.o
    0x1000003c   0x00000008   Data   RW          435    .data               RTX_CM3.lib(rt_cmsis.o)
    0x10000044   0x00000008   Data   RW          972    .data               RTX_CM3.lib(rt_task.o)
    0x1000004c   0x00000008   Data   RW         1091    .data               RTX_CM3.lib(rt_system.o)
    0x10000054   0x00000004   Data   RW         1381    .data               RTX_CM3.lib(rt_time.o)
    0x10000058   0x00000008   Data   RW         1412    .data               RTX_CM3.lib(rt_robin.o)
    0x10000060   0x00000001   Data   RW         1491    .data               RTX_CM3.lib(hal_cm.o)
    0x10000061   0x00000007   PAD
    0x10000068   0x00006f70   Zero   RW          115    .bss                rtx_conf_cm.o
    0x10006fd8   0x00000034   Zero   RW          971    .bss                RTX_CM3.lib(rt_task.o)
    0x1000700c   0x00000030   Zero   RW         1221    .bss                RTX_CM3.lib(rt_list.o)
    0x1000703c   0x00000060   Zero   RW         1549    .bss                c_w.l(libspace.o)
    0x1000709c   0x00000004   PAD
    0x100070a0   0x00000200   Zero   RW          299    HEAP                startup_lpc18xx.o
    0x100072a0   0x00000400   Zero   RW          298    STACK               startup_lpc18xx.o


    Execution Region ER_IROM1 (Base: 0x1a000000, Size: 0x00003424, Max: 0x00080000, ABSOLUTE)

    Base Addr    Size         Type   Attr      Idx    E Section Name        Object

    0x1a000000   0x00000300   Data   RO          300    RESET               startup_lpc18xx.o
    0x1a000300   0x00000008   Code   RO         1563  * !!!main             c_w.l(__main.o)
    0x1a000308   0x00000034   Code   RO         1726    !!!scatter          c_w.l(__scatter.o)
    0x1a00033c   0x0000001a   Code   RO         1728    !!handler_copy      c_w.l(__scatter_copy.o)
    0x1a000356   0x00000002   PAD
    0x1a000358   0x0000001c   Code   RO         1730    !!handler_zi        c_w.l(__scatter_zi.o)
    0x1a000374   0x00000002   Code   RO         1612    .ARM.Collect$$libinit$$00000000  c_w.l(libinit.o)
    0x1a000376   0x00000000   Code   RO         1624    .ARM.Collect$$libinit$$00000002  c_w.l(libinit2.o)
    0x1a000376   0x00000000   Code   RO         1626    .ARM.Collect$$libinit$$00000004  c_w.l(libinit2.o)
    0x1a000376   0x00000000   Code   RO         1629    .ARM.Collect$$libinit$$0000000A  c_w.l(libinit2.o)
    0x1a000376   0x00000000   Code   RO         1631    .ARM.Collect$$libinit$$0000000C  c_w.l(libinit2.o)
    0x1a000376   0x00000000   Code   RO         1633    .ARM.Collect$$libinit$$0000000E  c_w.l(libinit2.o)
    0x1a000376   0x00000000   Code   RO         1636    .ARM.Collect$$libinit$$00000011  c_w.l(libinit2.o)
    0x1a000376   0x00000000   Code   RO         1638    .ARM.Collect$$libinit$$00000013  c_w.l(libinit2.o)
    0x1a000376   0x00000000   Code   RO         1640    .ARM.Collect$$libinit$$00000015  c_w.l(libinit2.o)
    0x1a000376   0x00000000   Code   RO         1642    .ARM.Collect$$libinit$$00000017  c_w.l(libinit2.o)
    0x1a000376   0x00000000   Code   RO         1644    .ARM.Collect$$libinit$$00000019  c_w.l(libinit2.o)
    0x1a000376   0x00000000   Code   RO         1646    .ARM.Collect$$libinit$$0000001B  c_w.l(libinit2.o)
    0x1a000376   0x00000000   Code   RO         1648    .ARM.Collect$$libinit$$0000001D  c_w.l(libinit2.o)
    0x1a000376   0x00000000   Code   RO         1650    .ARM.Collect$$libinit$$0000001F  c_w.l(libinit2.o)
    0x1a000376   0x00000000   Code   RO         1652    .ARM.Collect$$libinit$$00000021  c_w.l(libinit2.o)
    0x1a000376   0x00000000   Code   RO         1654    .ARM.Collect$$libinit$$00000023  c_w.l(libinit2.o)
    0x1a000376   0x00000000   Code   RO         1656    .ARM.Collect$$libinit$$00000025  c_w.l(libinit2.o)
    0x1a000376   0x00000000   Code   RO         1660    .ARM.Collect$$libinit$$0000002C  c_w.l(libinit2.o)
    0x1a000376   0x00000000   Code   RO         1662    .ARM.Collect$$libinit$$0000002E  c_w.l(libinit2.o)
    0x1a000376   0x00000000   Code   RO         1664    .ARM.Collect$$libinit$$00000030  c_w.l(libinit2.o)
    0x1a000376   0x00000000   Code   RO         1666    .ARM.Collect$$libinit$$00000032  c_w.l(libinit2.o)
    0x1a000376   0x00000002   Code   RO         1667    .ARM.Collect$$libinit$$00000033  c_w.l(libinit2.o)
    0x1a000378   0x00000002   Code   RO         1613    .ARM.Collect$$libshutdown$$00000000  c_w.l(libshutdown.o)
    0x1a00037a   0x00000000   Code   RO         1669    .ARM.Collect$$libshutdown$$00000002  c_w.l(libshutdown2.o)
    0x1a00037a   0x00000000   Code   RO         1671    .ARM.Collect$$libshutdown$$00000004  c_w.l(libshutdown2.o)
    0x1a00037a   0x00000000   Code   RO         1674    .ARM.Collect$$libshutdown$$00000007  c_w.l(libshutdown2.o)
    0x1a00037a   0x00000000   Code   RO         1677    .ARM.Collect$$libshutdown$$0000000A  c_w.l(libshutdown2.o)
    0x1a00037a   0x00000000   Code   RO         1679    .ARM.Collect$$libshutdown$$0000000C  c_w.l(libshutdown2.o)
    0x1a00037a   0x00000000   Code   RO         1682    .ARM.Collect$$libshutdown$$0000000F  c_w.l(libshutdown2.o)
    0x1a00037a   0x00000002   Code   RO         1683    .ARM.Collect$$libshutdown$$00000010  c_w.l(libshutdown2.o)
    0x1a00037c   0x00000000   Code   RO         1565    .ARM.Collect$$rtentry$$00000000  c_w.l(__rtentry.o)
    0x1a00037c   0x00000000   Code   RO         1575    .ARM.Collect$$rtentry$$00000002  c_w.l(__rtentry2.o)
    0x1a00037c   0x00000006   Code   RO         1587    .ARM.Collect$$rtentry$$00000004  c_w.l(__rtentry4.o)
    0x1a000382   0x00000000   Code   RO         1577    .ARM.Collect$$rtentry$$00000009  c_w.l(__rtentry2.o)
    0x1a000382   0x00000004   Code   RO         1578    .ARM.Collect$$rtentry$$0000000A  c_w.l(__rtentry2.o)
    0x1a000386   0x00000008   Code   RO         1579    .ARM.Collect$$rtentry$$0000000B  c_w.l(__rtentry2.o)
    0x1a00038e   0x00000008   Code   RO         1581    .ARM.Collect$$rtentry$$0000000D  c_w.l(__rtentry2.o)
    0x1a000396   0x00000002   Code   RO         1566    .ARM.Collect$$rtexit$$00000000  c_w.l(rtexit.o)
    0x1a000398   0x00000000   Code   RO         1590    .ARM.Collect$$rtexit$$00000002  c_w.l(rtexit2.o)
    0x1a000398   0x00000004   Code   RO         1591    .ARM.Collect$$rtexit$$00000003  c_w.l(rtexit2.o)
    0x1a00039c   0x00000006   Code   RO         1592    .ARM.Collect$$rtexit$$00000004  c_w.l(rtexit2.o)
    0x1a0003a2   0x00000002   PAD
    0x1a0003a4   0x0000001c   Code   RO          113    .emb_text           rtx_conf_cm.o
    0x1a0003c0   0x00000130   Code   RO         1533    .emb_text           RTX_CM3.lib(hal_cm3.o)
    0x1a0004f0   0x00000298   Code   RO            4    .text               blinky.o
    0x1a000788   0x0000000a   Code   RO           77    .text               oop_example.o
    0x1a000792   0x00000002   PAD
    0x1a000794   0x000000e8   Code   RO           89    .text               led_mcb1800.o
    0x1a00087c   0x000000ac   Code   RO          114    .text               rtx_conf_cm.o
    0x1a000928   0x000005f8   Code   RO          151    .text               eventrecorder.o
    0x1a000f20   0x000000d0   Code   RO          242    .text               gpio_lpc18xx.o
    0x1a000ff0   0x0000016c   Code   RO          273    .text               scu_lpc18xx.o
    0x1a00115c   0x00000040   Code   RO          301    .text               startup_lpc18xx.o
    0x1a00119c   0x00000968   Code   RO          308    .text               system_lpc18xx.o
    0x1a001b04   0x00000008   Code   RO         1548    .text               c_w.l(libspace.o)
    0x1a001b0c   0x000000ee   Code   RO         1551    .text               c_w.l(lludivv7m.o)
    0x1a001bfa   0x00000012   Code   RO         1553    .text               c_w.l(exit.o)
    0x1a001c0c   0x0000008a   Code   RO         1555    .text               c_w.l(rt_memcpy_v6.o)
    0x1a001c96   0x0000004e   Code   RO         1557    .text               c_w.l(rt_memclr_w.o)
    0x1a001ce4   0x00000006   Code   RO         1561    .text               c_w.l(heapauxi.o)
    0x1a001cea   0x00000064   Code   RO         1572    .text               c_w.l(rt_memcpy_w.o)
    0x1a001d4e   0x00000002   PAD
    0x1a001d50   0x0000000c   Code   RO         1598    .text               c_w.l(sys_exit.o)
    0x1a001d5c   0x0000004a   Code   RO         1600    .text               c_w.l(sys_stackheap_outer.o)
    0x1a001da6   0x00000002   Code   RO         1614    .text               c_w.l(use_no_semi.o)
    0x1a001da8   0x00000000   Code   RO         1616    .text               c_w.l(indicate_semi.o)
    0x1a001da8   0x00000004   Code   RO         1543    SVC_TABLE           RTX_CM3.lib(svc_table.o)
    0x1a001dac   0x00000046   Code   RO         1432    i._init_box         RTX_CM3.lib(rt_membox.o)
    0x1a001df2   0x00000002   PAD
    0x1a001df4   0x00000030   Code   RO         1485    i.dbg_init          RTX_CM3.lib(hal_cm.o)
    0x1a001e24   0x00000020   Code   RO         1486    i.dbg_task_notify   RTX_CM3.lib(hal_cm.o)
    0x1a001e44   0x00000010   Code   RO         1487    i.dbg_task_switch   RTX_CM3.lib(hal_cm.o)
    0x1a001e54   0x0000002a   Code   RO          341    i.isrMessageGet     RTX_CM3.lib(rt_cmsis.o)
    0x1a001e7e   0x0000002c   Code   RO          342    i.isrMessagePut     RTX_CM3.lib(rt_cmsis.o)
    0x1a001eaa   0x00000024   Code   RO          344    i.isrSignalSet      RTX_CM3.lib(rt_cmsis.o)
    0x1a001ece   0x00000002   PAD
    0x1a001ed0   0x00000028   Code   RO         1169    i.isr_evt_set       RTX_CM3.lib(rt_event.o)
    0x1a001ef8   0x00000056   Code   RO         1287    i.isr_mbx_receive   RTX_CM3.lib(rt_mailbox.o)
    0x1a001f4e   0x0000000e   Code   RO         1288    i.isr_mbx_send      RTX_CM3.lib(rt_mailbox.o)
    0x1a001f5c   0x00000018   Code   RO          345    i.osDelay           RTX_CM3.lib(rt_cmsis.o)
    0x1a001f74   0x00000024   Code   RO          346    i.osKernelInitialize  RTX_CM3.lib(rt_cmsis.o)
    0x1a001f98   0x0000006c   Code   RO          348    i.osKernelStart     RTX_CM3.lib(rt_cmsis.o)
    0x1a002004   0x00000018   Code   RO          357    i.osMessageGet      RTX_CM3.lib(rt_cmsis.o)
    0x1a00201c   0x00000018   Code   RO          372    i.osSignalSet       RTX_CM3.lib(rt_cmsis.o)
    0x1a002034   0x00000018   Code   RO          373    i.osSignalWait      RTX_CM3.lib(rt_cmsis.o)
    0x1a00204c   0x0000002c   Code   RO          374    i.osThreadCreate    RTX_CM3.lib(rt_cmsis.o)
    0x1a002078   0x00000018   Code   RO          375    i.osThreadExit      RTX_CM3.lib(rt_cmsis.o)
    0x1a002090   0x00000018   Code   RO          380    i.osThreadYield     RTX_CM3.lib(rt_cmsis.o)
    0x1a0020a8   0x0000000c   Code   RO          381    i.osTimerCall       RTX_CM3.lib(rt_cmsis.o)
    0x1a0020b4   0x0000002c   Code   RO          386    i.osTimerThread     RTX_CM3.lib(rt_cmsis.o)
    0x1a0020e0   0x00000028   Code   RO         1079    i.os_tick_init      RTX_CM3.lib(rt_system.o)
    0x1a002108   0x00000002   Code   RO         1080    i.os_tick_irqack    RTX_CM3.lib(rt_system.o)
    0x1a00210a   0x0000001a   Code   RO         1433    i.rt_alloc_box      RTX_CM3.lib(rt_membox.o)
    0x1a002124   0x0000003e   Code   RO         1461    i.rt_alloc_mem      RTX_CM3.lib(rt_memory.o)
    0x1a002162   0x00000002   PAD
    0x1a002164   0x00000038   Code   RO          960    i.rt_block          RTX_CM3.lib(rt_task.o)
    0x1a00219c   0x00000048   Code   RO         1410    i.rt_chk_robin      RTX_CM3.lib(rt_robin.o)
    0x1a0021e4   0x00000070   Code   RO         1211    i.rt_dec_dly        RTX_CM3.lib(rt_list.o)
    0x1a002254   0x00000044   Code   RO          961    i.rt_dispatch       RTX_CM3.lib(rt_task.o)
    0x1a002298   0x00000006   Code   RO         1377    i.rt_dly_wait       RTX_CM3.lib(rt_time.o)
    0x1a00229e   0x00000002   PAD
    0x1a0022a0   0x00000050   Code   RO         1172    i.rt_evt_psh        RTX_CM3.lib(rt_event.o)
    0x1a0022f0   0x0000005c   Code   RO         1173    i.rt_evt_set        RTX_CM3.lib(rt_event.o)
    0x1a00234c   0x0000003c   Code   RO         1174    i.rt_evt_wait       RTX_CM3.lib(rt_event.o)
    0x1a002388   0x0000002c   Code   RO         1434    i.rt_free_box       RTX_CM3.lib(rt_membox.o)
    0x1a0023b4   0x00000028   Code   RO         1462    i.rt_free_mem       RTX_CM3.lib(rt_memory.o)
    0x1a0023dc   0x00000028   Code   RO         1212    i.rt_get_first      RTX_CM3.lib(rt_list.o)
    0x1a002404   0x00000024   Code   RO         1213    i.rt_get_same_rdy_prio  RTX_CM3.lib(rt_list.o)
    0x1a002428   0x00000008   Code   RO          391    i.rt_id2obj         RTX_CM3.lib(rt_cmsis.o)
    0x1a002430   0x00000048   Code   RO          962    i.rt_init_context   RTX_CM3.lib(rt_task.o)
    0x1a002478   0x0000001a   Code   RO         1463    i.rt_init_mem       RTX_CM3.lib(rt_memory.o)
    0x1a002492   0x00000002   PAD
    0x1a002494   0x00000018   Code   RO         1411    i.rt_init_robin     RTX_CM3.lib(rt_robin.o)
    0x1a0024ac   0x00000080   Code   RO         1488    i.rt_init_stack     RTX_CM3.lib(hal_cm.o)
    0x1a00252c   0x00000008   Code   RO         1289    i.rt_mbx_check      RTX_CM3.lib(rt_mailbox.o)
    0x1a002534   0x0000001a   Code   RO         1290    i.rt_mbx_init       RTX_CM3.lib(rt_mailbox.o)
    0x1a00254e   0x00000002   PAD
    0x1a002550   0x000000f0   Code   RO         1291    i.rt_mbx_psh        RTX_CM3.lib(rt_mailbox.o)
    0x1a002640   0x000000b4   Code   RO         1293    i.rt_mbx_wait       RTX_CM3.lib(rt_mailbox.o)
    0x1a0026f4   0x00000044   Code   RO          392    i.rt_ms2tick        RTX_CM3.lib(rt_cmsis.o)
    0x1a002738   0x00000010   Code   RO         1045    i.rt_mut_init       RTX_CM3.lib(rt_mutex.o)
    0x1a002748   0x000000d8   Code   RO         1046    i.rt_mut_release    RTX_CM3.lib(rt_mutex.o)
    0x1a002820   0x00000078   Code   RO         1047    i.rt_mut_wait       RTX_CM3.lib(rt_mutex.o)
    0x1a002898   0x0000007c   Code   RO         1083    i.rt_pop_req        RTX_CM3.lib(rt_system.o)
    0x1a002914   0x00000020   Code   RO         1084    i.rt_psh_req        RTX_CM3.lib(rt_system.o)
    0x1a002934   0x0000005c   Code   RO         1214    i.rt_psq_enq        RTX_CM3.lib(rt_list.o)
    0x1a002990   0x00000048   Code   RO         1215    i.rt_put_dly        RTX_CM3.lib(rt_list.o)
    0x1a0029d8   0x00000036   Code   RO         1216    i.rt_put_prio       RTX_CM3.lib(rt_list.o)
    0x1a002a0e   0x00000002   PAD
    0x1a002a10   0x00000014   Code   RO         1217    i.rt_put_rdy_first  RTX_CM3.lib(rt_list.o)
    0x1a002a24   0x00000034   Code   RO         1218    i.rt_resort_prio    RTX_CM3.lib(rt_list.o)
    0x1a002a58   0x00000006   Code   RO         1489    i.rt_ret_val        RTX_CM3.lib(hal_cm.o)
    0x1a002a5e   0x00000008   Code   RO         1490    i.rt_ret_val2       RTX_CM3.lib(hal_cm.o)
    0x1a002a66   0x00000028   Code   RO         1219    i.rt_rmv_dly        RTX_CM3.lib(rt_list.o)
    0x1a002a8e   0x00000002   PAD
    0x1a002a90   0x00000030   Code   RO         1220    i.rt_rmv_list       RTX_CM3.lib(rt_list.o)
    0x1a002ac0   0x00000034   Code   RO         1338    i.rt_sem_psh        RTX_CM3.lib(rt_semaphore.o)
    0x1a002af4   0x00000024   Code   RO         1086    i.rt_stk_check      RTX_CM3.lib(rt_system.o)
    0x1a002b18   0x00000028   Code   RO          963    i.rt_switch_req     RTX_CM3.lib(rt_task.o)
    0x1a002b40   0x000000cc   Code   RO          964    i.rt_sys_init       RTX_CM3.lib(rt_task.o)
    0x1a002c0c   0x00000078   Code   RO          965    i.rt_sys_start      RTX_CM3.lib(rt_task.o)
    0x1a002c84   0x00000040   Code   RO         1088    i.rt_systick        RTX_CM3.lib(rt_system.o)
    0x1a002cc4   0x00000012   Code   RO          393    i.rt_tid2ptcb       RTX_CM3.lib(rt_cmsis.o)
    0x1a002cd6   0x00000002   PAD
    0x1a002cd8   0x00000034   Code   RO          394    i.rt_timer_insert   RTX_CM3.lib(rt_cmsis.o)
    0x1a002d0c   0x00000088   Code   RO          966    i.rt_tsk_create     RTX_CM3.lib(rt_task.o)
    0x1a002d94   0x0000017c   Code   RO          967    i.rt_tsk_delete     RTX_CM3.lib(rt_task.o)
    0x1a002f10   0x00000030   Code   RO          968    i.rt_tsk_pass       RTX_CM3.lib(rt_task.o)
    0x1a002f40   0x0000007c   Code   RO          969    i.rt_tsk_prio       RTX_CM3.lib(rt_task.o)
    0x1a002fbc   0x00000010   Code   RO          970    i.rt_tsk_self       RTX_CM3.lib(rt_task.o)
    0x1a002fcc   0x00000012   Code   RO          396    i.svcDelay          RTX_CM3.lib(rt_cmsis.o)
    0x1a002fde   0x00000002   PAD
    0x1a002fe0   0x00000070   Code   RO          397    i.svcKernelInitialize  RTX_CM3.lib(rt_cmsis.o)
    0x1a003050   0x00000048   Code   RO          399    i.svcKernelStart    RTX_CM3.lib(rt_cmsis.o)
    0x1a003098   0x00000024   Code   RO          402    i.svcMessageCreate  RTX_CM3.lib(rt_cmsis.o)
    0x1a0030bc   0x0000003a   Code   RO          403    i.svcMessageGet     RTX_CM3.lib(rt_cmsis.o)
    0x1a0030f6   0x00000024   Code   RO          415    i.svcSignalSet      RTX_CM3.lib(rt_cmsis.o)
    0x1a00311a   0x00000002   PAD
    0x1a00311c   0x00000054   Code   RO          416    i.svcSignalWait     RTX_CM3.lib(rt_cmsis.o)
    0x1a003170   0x0000006c   Code   RO          417    i.svcThreadCreate   RTX_CM3.lib(rt_cmsis.o)
    0x1a0031dc   0x0000001c   Code   RO          418    i.svcThreadGetId    RTX_CM3.lib(rt_cmsis.o)
    0x1a0031f8   0x00000038   Code   RO          421    i.svcThreadTerminate  RTX_CM3.lib(rt_cmsis.o)
    0x1a003230   0x0000000a   Code   RO          422    i.svcThreadYield    RTX_CM3.lib(rt_cmsis.o)
    0x1a00323a   0x00000018   Code   RO          423    i.svcTimerCall      RTX_CM3.lib(rt_cmsis.o)
    0x1a003252   0x00000002   PAD
    0x1a003254   0x0000005c   Code   RO          432    i.sysTimerTick      RTX_CM3.lib(rt_cmsis.o)
    0x1a0032b0   0x00000070   Data   RO            6    .constdata          blinky.o
    0x1a003320   0x00000050   Data   RO           91    .constdata          led_mcb1800.o
    0x1a003370   0x00000068   Data   RO          116    .constdata          rtx_conf_cm.o
    0x1a0033d8   0x00000018   Data   RO          153    .constdata          eventrecorder.o
    0x1a0033f0   0x00000014   Data   RO          310    .constdata          system_lpc18xx.o
    0x1a003404   0x00000020   Data   RO         1724    Region$$Table       anon$$obj.o


    Execution Region RW_RAM1 (Base: 0x20005000, Size: 0x000004a4, Max: 0x00005000, ABSOLUTE, UNINIT)

    Base Addr    Size         Type   Attr      Idx    E Section Name        Object

    0x20005000   0x000004a4   Zero   RW          154    .noinit             eventrecorder.o


==============================================================================

Image component sizes


      Code (inc. data)   RO Data    RW Data    ZI Data      Debug   Object Name

       664         60        112         36          0      13412   blinky.o
      1528         40         24          0       1188      15207   eventrecorder.o
       208         16          0          0          0       1761   gpio_lpc18xx.o
       232          8         80          0          0       6261   led_mcb1800.o
        10          0          0          0          0        560   oop_example.o
       200         36        104         20      28528      13313   rtx_conf_cm.o
       364         14          0          0          0       2461   scu_lpc18xx.o
        64         26        768          0       1536        804   startup_lpc18xx.o
      2408        196         20          4          0       6310   system_lpc18xx.o

    ----------------------------------------------------------------------
      5680        396       1140         60      31252      60089   Object Totals
         0          0         32          0          0          0   (incl. Generated)
         2          0          0          0          0          0   (incl. Padding)

    ----------------------------------------------------------------------

      Code (inc. data)   RO Data    RW Data    ZI Data      Debug   Library Member Name

       238         24          0          1          0       3312   hal_cm.o
       304         36          0          0          0        768   hal_cm3.o
      1390        166          0          8          0      37219   rt_cmsis.o
       272         18          0          0          0       2650   rt_event.o
       566         44          0          0         48       8792   rt_list.o
       554         10          0          0          0       3949   rt_mailbox.o
       140          0          0          0          0       1925   rt_membox.o
       128          0          0          0          0       2307   rt_memory.o
       352         14          0          0          0       2105   rt_mutex.o
        96         22          0          8          0       1158   rt_robin.o
        52          4          0          0          0        573   rt_semaphore.o
       298         52          0          8          0       6223   rt_system.o
      1264        184          0          8         52      10147   rt_task.o
         6          0          0          4          0        652   rt_time.o
         4          4          0          0          0        208   svc_table.o
         8          0          0          0          0         68   __main.o
         0          0          0          0          0          0   __rtentry.o
        20          0          0          0          0          0   __rtentry2.o
         6          0          0          0          0          0   __rtentry4.o
        52          8          0          0          0          0   __scatter.o
        26          0          0          0          0          0   __scatter_copy.o
        28          0          0          0          0          0   __scatter_zi.o
        18          0          0          0          0         80   exit.o
         6          0          0          0          0        152   heapauxi.o
         0          0          0          0          0          0   indicate_semi.o
         2          0          0          0          0          0   libinit.o
         2          0          0          0          0          0   libinit2.o
         2          0          0          0          0          0   libshutdown.o
         2          0          0          0          0          0   libshutdown2.o
         8          4          0          0         96         68   libspace.o
       238          0          0          0          0        100   lludivv7m.o
        78          0          0          0          0         80   rt_memclr_w.o
       138          0          0          0          0         68   rt_memcpy_v6.o
       100          0          0          0          0         80   rt_memcpy_w.o
         2          0          0          0          0          0   rtexit.o
        10          0          0          0          0          0   rtexit2.o
        12          4          0          0          0         68   sys_exit.o
        74          0          0          0          0         80   sys_stackheap_outer.o
         2          0          0          0          0         68   use_no_semi.o

    ----------------------------------------------------------------------
      6528        594          0         40        204      82900   Library Totals
        30          0          0          3          8          0   (incl. Padding)

    ----------------------------------------------------------------------

      Code (inc. data)   RO Data    RW Data    ZI Data      Debug   Library Name

      5664        578          0         37        100      81988   RTX_CM3.lib
       834         16          0          0         96        912   c_w.l

    ----------------------------------------------------------------------
      6528        594          0         40        204      82900   Library Totals

    ----------------------------------------------------------------------

==============================================================================


      Code (inc. data)   RO Data    RW Data    ZI Data      Debug   

     12208        990       1140        100      31456     137681   Grand Totals
     12208        990       1140        100      31456     137681   ELF Image Totals
     12208        990       1140        100          0          0   ROM Totals

==============================================================================

    Total RO  Size (Code + RO Data)                13348 (  13.04kB)
    Total RW  Size (RW Data + ZI Data)             31556 (  30.82kB)
    Total ROM Size (Code + RO Data + RW Data)      13448 (  13.13kB)

==============================================================================

