Component: ARM Compiler 5.06 update 4 (build 422) Tool: armlink [4d35d2]

==============================================================================

Section Cross References

    blinky.o(.text) refers to _printf_percent.o(.ARM.Collect$$_printf_percent$$00000000) for _printf_percent
    blinky.o(.text) refers to _printf_d.o(.ARM.Collect$$_printf_percent$$00000009) for _printf_d
    blinky.o(.text) refers to _printf_dec.o(.text) for _printf_int_dec
    blinky.o(.text) refers to rt_cmsis.o(i.osThreadCreate) for osThreadCreate
    blinky.o(.text) refers to rt_cmsis.o(i.osSignalWait) for osSignalWait
    blinky.o(.text) refers to led_mcb1800.o(.text) for LED_On
    blinky.o(.text) refers to eventrecorder.o(.text) for EventRecord2
    blinky.o(.text) refers to rt_cmsis.o(i.osThreadYield) for osThreadYield
    blinky.o(.text) refers to noretval__2sprintf.o(.text) for __2sprintf
    blinky.o(.text) refers to strlen.o(.text) for strlen
    blinky.o(.text) refers to rt_cmsis.o(i.osKernelInitialize) for osKernelInitialize
    blinky.o(.text) refers to system_lpc18xx.o(.text) for SystemCoreClockUpdate
    blinky.o(.text) refers to rt_cmsis.o(i.osKernelStart) for osKernelStart
    blinky.o(.text) refers to rt_cmsis.o(i.osDelay) for osDelay
    blinky.o(.text) refers to rt_cmsis.o(i.osSignalSet) for osSignalSet
    blinky.o(.text) refers to blinky.o(.constdata) for os_thread_def_Thread_LED
    blinky.o(.text) refers to blinky.o(.data) for tid_Thread_LED
    blinky.o(.constdata) refers to blinky.o(.text) for Thread_LED
    led_mcb1800.o(.text) refers to gpio_lpc18xx.o(.text) for GPIO_PortClock
    led_mcb1800.o(.text) refers to scu_lpc18xx.o(.text) for SCU_PinConfigure
    led_mcb1800.o(.text) refers to led_mcb1800.o(.constdata) for LED_PIN
    rtx_conf_cm.o(.emb_text) refers to rt_cmsis.o(i.osKernelInitialize) for osKernelInitialize
    rtx_conf_cm.o(.emb_text) refers to rt_cmsis.o(i.osThreadCreate) for osThreadCreate
    rtx_conf_cm.o(.emb_text) refers to rt_cmsis.o(i.osKernelStart) for osKernelStart
    rtx_conf_cm.o(.emb_text) refers to exit.o(.text) for exit
    rtx_conf_cm.o(.emb_text) refers to rtx_conf_cm.o(.constdata) for os_thread_def_main
    rtx_conf_cm.o(.text) refers to rt_task.o(i.rt_tsk_self) for rt_tsk_self
    rtx_conf_cm.o(.text) refers to rt_mutex.o(i.rt_mut_init) for rt_mut_init
    rtx_conf_cm.o(.text) refers to rt_cmsis.o(.data) for os_running
    rtx_conf_cm.o(.text) refers to rtx_conf_cm.o(.bss) for .bss
    rtx_conf_cm.o(.text) refers to libspace.o(.bss) for __libspace_start
    rtx_conf_cm.o(.text) refers to rtx_conf_cm.o(.data) for .data
    rtx_conf_cm.o(.text) refers to rt_mutex.o(i.rt_mut_wait) for rt_mut_wait
    rtx_conf_cm.o(.text) refers to rt_mutex.o(i.rt_mut_release) for rt_mut_release
    rtx_conf_cm.o(.constdata) refers to rt_cmsis.o(i.osTimerThread) for osTimerThread
    rtx_conf_cm.o(.constdata) refers to rtx_conf_cm.o(.bss) for os_messageQ_q_osTimerMessageQ
    rtx_conf_cm.o(.constdata) refers to blinky.o(.text) for main
    eventrecorder.o(.text) refers to rt_memclr_w.o(.text) for __aeabi_memclr4
    eventrecorder.o(.text) refers to rt_memcpy_v6.o(.text) for __aeabi_memcpy
    eventrecorder.o(.text) refers to eventrecorder.o(.noinit) for EventStatus
    eventrecorder.o(.text) refers to system_lpc18xx.o(.data) for SystemCoreClock
    eventrecorder.o(.text) refers to eventrecorder.o(.constdata) for EventRecorderInfo
    eventrecorder.o(.constdata) refers to eventrecorder.o(.noinit) for EventBuffer
    startup_lpc18xx.o(STACK) refers (Special) to heapauxi.o(.text) for __use_two_region_memory
    startup_lpc18xx.o(HEAP) refers (Special) to heapauxi.o(.text) for __use_two_region_memory
    startup_lpc18xx.o(RESET) refers (Special) to heapauxi.o(.text) for __use_two_region_memory
    startup_lpc18xx.o(RESET) refers to startup_lpc18xx.o(STACK) for __initial_sp
    startup_lpc18xx.o(RESET) refers to startup_lpc18xx.o(.text) for Reset_Handler
    startup_lpc18xx.o(RESET) refers to hal_cm3.o(.emb_text) for SVC_Handler
    startup_lpc18xx.o(.text) refers (Special) to heapauxi.o(.text) for __use_two_region_memory
    startup_lpc18xx.o(.text) refers to system_lpc18xx.o(.text) for SystemInit
    startup_lpc18xx.o(.text) refers to __main.o(!!!main) for __main
    startup_lpc18xx.o(.text) refers to startup_lpc18xx.o(HEAP) for Heap_Mem
    startup_lpc18xx.o(.text) refers to startup_lpc18xx.o(STACK) for Stack_Mem
    system_lpc18xx.o(.text) refers to lludivv7m.o(.text) for __aeabi_uldivmod
    system_lpc18xx.o(.text) refers to system_lpc18xx.o(.data) for SystemCoreClock
    system_lpc18xx.o(.text) refers to system_lpc18xx.o(.constdata) for emcdivby2_opc
    system_lpc18xx.o(.text) refers to startup_lpc18xx.o(RESET) for __Vectors
    rt_cmsis.o(i.isrMessageGet) refers to rt_mailbox.o(i.isr_mbx_receive) for isr_mbx_receive
    rt_cmsis.o(i.isrMessagePut) refers to rt_mailbox.o(i.rt_mbx_check) for rt_mbx_check
[...]
    ../clib/signal.c                         0x00000000   Number         0  defsig_abrt_inner.o ABSOLUTE
    ../clib/signal.c                         0x00000000   Number         0  defsig_general.o ABSOLUTE
    ../clib/signal.c                         0x00000000   Number         0  __raise.o ABSOLUTE
    ../clib/signal.c                         0x00000000   Number         0  defsig_fpe_inner.o ABSOLUTE
    ../clib/signal.c                         0x00000000   Number         0  defsig_exit.o ABSOLUTE
    ../clib/signal.c                         0x00000000   Number         0  defsig_fpe_formal.o ABSOLUTE
    ../clib/signal.c                         0x00000000   Number         0  defsig_fpe_outer.o ABSOLUTE
    ../clib/signal.c                         0x00000000   Number         0  defsig_other.o ABSOLUTE
    ../clib/signal.c                         0x00000000   Number         0  defsig_segv_inner.o ABSOLUTE
    ../clib/signal.c                         0x00000000   Number         0  defsig_cppl_inner.o ABSOLUTE
    ../clib/signal.c                         0x00000000   Number         0  defsig_pvfn_inner.o ABSOLUTE
    ../clib/signal.c                         0x00000000   Number         0  defsig_stak_inner.o ABSOLUTE
    ../clib/signal.c                         0x00000000   Number         0  defsig_rtmem_formal.o ABSOLUTE
    ../clib/signal.c                         0x00000000   Number         0  defsig_rtmem_outer.o ABSOLUTE
    ../clib/signal.s                         0x00000000   Number         0  defsig.o ABSOLUTE
    ../clib/stdlib.c                         0x00000000   Number         0  exit.o ABSOLUTE
    ../clib/string.c                         0x00000000   Number         0  strlen.o ABSOLUTE
    ../fplib/fpinit.s                        0x00000000   Number         0  fpinit.o ABSOLUTE
    ..\HAL_CM.c                              0x00000000   Number         0  hal_cm.o ABSOLUTE
    ..\\rt_CMSIS.c                           0x00000000   Number         0  rt_cmsis.o ABSOLUTE
    ..\\rt_System.c                          0x00000000   Number         0  rt_system.o ABSOLUTE
    ..\rt_CMSIS.c                            0x00000000   Number         0  rt_cmsis.o ABSOLUTE
    ..\rt_Event.c                            0x00000000   Number         0  rt_event.o ABSOLUTE
    ..\rt_List.c                             0x00000000   Number         0  rt_list.o ABSOLUTE
    ..\rt_Mailbox.c                          0x00000000   Number         0  rt_mailbox.o ABSOLUTE
    ..\rt_MemBox.c                           0x00000000   Number         0  rt_membox.o ABSOLUTE
    ..\rt_Memory.c                           0x00000000   Number         0  rt_memory.o ABSOLUTE
    ..\rt_Mutex.c                            0x00000000   Number         0  rt_mutex.o ABSOLUTE
    ..\rt_Robin.c                            0x00000000   Number         0  rt_robin.o ABSOLUTE
    ..\rt_Semaphore.c                        0x00000000   Number         0  rt_semaphore.o ABSOLUTE
    ..\rt_System.c                           0x00000000   Number         0  rt_system.o ABSOLUTE
    ..\rt_Task.c                             0x00000000   Number         0  rt_task.o ABSOLUTE
    ..\rt_Time.c                             0x00000000   Number         0  rt_time.o ABSOLUTE
    Blinky.c                                 0x00000000   Number         0  blinky.o ABSOLUTE
    Blinky.c                                 0x00000000   Number         0  blinky.o ABSOLUTE
    E:\KeilNightlyBuilds\2016_11_11__13_30_RELEASE\ARM\PACK\Keil\ARM_Compiler\1.2.0\Source\EventRecorder.c 0x00000000   Number         0  eventrecorder.o ABSOLUTE
    E:\KeilNightlyBuilds\2016_11_11__13_30_RELEASE\ARM\PACK\Keil\LPC1800_DFP\2.6.0\Boards\Keil\MCB1800\Common\LED_MCB1800.c 0x00000000   Number         0  led_mcb1800.o ABSOLUTE
    E:\KeilNightlyBuilds\2016_11_11__13_30_RELEASE\ARM\PACK\Keil\LPC1800_DFP\2.6.0\RTE_Driver\GPIO_LPC18xx.c 0x00000000   Number         0  gpio_lpc18xx.o ABSOLUTE
    E:\KeilNightlyBuilds\2016_11_11__13_30_RELEASE\ARM\PACK\Keil\LPC1800_DFP\2.6.0\RTE_Driver\SCU_LPC18xx.c 0x00000000   Number         0  scu_lpc18xx.o ABSOLUTE
    E:\\KeilNightlyBuilds\\2016_11_11__13_30_RELEASE\\ARM\\PACK\\Keil\\ARM_Compiler\\1.2.0\\Source\\EventRecorder.c 0x00000000   Number         0  eventrecorder.o ABSOLUTE
    E:\\KeilNightlyBuilds\\2016_11_11__13_30_RELEASE\\ARM\\PACK\\Keil\\LPC1800_DFP\\2.6.0\\RTE_Driver\\GPIO_LPC18xx.c 0x00000000   Number         0  gpio_lpc18xx.o ABSOLUTE
    E:\\KeilNightlyBuilds\\2016_11_11__13_30_RELEASE\\ARM\\PACK\\Keil\\LPC1800_DFP\\2.6.0\\RTE_Driver\\SCU_LPC18xx.c 0x00000000   Number         0  scu_lpc18xx.o ABSOLUTE
    HAL_CM3.c                                0x00000000   Number         0  hal_cm3.o ABSOLUTE
    HAL_CM3.c                                0x00000000   Number         0  hal_cm3.o ABSOLUTE
    RTE\CMSIS\RTX_Conf_CM.c                  0x00000000   Number         0  rtx_conf_cm.o ABSOLUTE
    RTE\Device\LPC1857\startup_LPC18xx.s     0x00000000   Number         0  startup_lpc18xx.o ABSOLUTE
    RTE\Device\LPC1857\system_LPC18xx.c      0x00000000   Number         0  system_lpc18xx.o ABSOLUTE
    RTE\\CMSIS\\RTX_Conf_CM.c                0x00000000   Number         0  rtx_conf_cm.o ABSOLUTE
    RTE\\Device\\LPC1857\\system_LPC18xx.c   0x00000000   Number         0  system_lpc18xx.o ABSOLUTE
    SVC_Table.s                              0x00000000   Number         0  svc_table.o ABSOLUTE
    dc.s                                     0x00000000   Number         0  dc.o ABSOLUTE
    .data                                    0x10000000   Section       36  blinky.o(.data)
    globalCounter                            0x10000000   Data           4  blinky.o(.data)
    .data                                    0x10000024   Section       20  rtx_conf_cm.o(.data)
    nr_mutex                                 0x10000034   Data           4  rtx_conf_cm.o(.data)
    .data                                    0x10000038   Section        4  system_lpc18xx.o(.data)
    .data                                    0x1000003c   Section        8  rt_cmsis.o(.data)
    .data                                    0x10000044   Section        8  rt_task.o(.data)
    .data                                    0x1000004c   Section        8  rt_system.o(.data)
    os_lock                                  0x1000004c   Data           1  rt_system.o(.data)
    os_psh_flag                              0x1000004d   Data           1  rt_system.o(.data)
    pend_flags                               0x1000004e   Data           1  rt_system.o(.data)
    .data                                    0x10000054   Section        4  rt_time.o(.data)
    .data                                    0x10000058   Section        8  rt_robin.o(.data)
    .data                                    0x10000060   Section        1  hal_cm.o(.data)
    .bss                                     0x10000068   Section    28528  rtx_conf_cm.o(.bss)
    std_libspace                             0x10006a78   Data        1248  rtx_conf_cm.o(.bss)
    std_libmutex                             0x10006f58   Data         128  rtx_conf_cm.o(.bss)
    .bss                                     0x10006fd8   Section       52  rt_task.o(.bss)
    .bss                                     0x1000700c   Section       48  rt_list.o(.bss)
    .bss                                     0x1000703c   Section       96  libspace.o(.bss)
    HEAP                                     0x100070a0   Section      512  startup_lpc18xx.o(HEAP)
    Heap_Mem                                 0x100070a0   Data         512  startup_lpc18xx.o(HEAP)
    STACK                                    0x100072a0   Section     1024  startup_lpc18xx.o(STACK)
    Stack_Mem                                0x100072a0   Data        1024  startup_lpc18xx.o(STACK)
    __initial_sp                             0x100076a0   Data           0  startup_lpc18xx.o(STACK)
    RESET                                    0x1a000000   Section      768  startup_lpc18xx.o(RESET)
    !!!main                                  0x1a000300   Section        8  __main.o(!!!main)
    !!!scatter                               0x1a000308   Section       52  __scatter.o(!!!scatter)
    !!handler_copy                           0x1a00033c   Section       26  __scatter_copy.o(!!handler_copy)
    !!handler_zi                             0x1a000358   Section       28  __scatter_zi.o(!!handler_zi)
    .ARM.Collect$$_printf_percent$$00000000  0x1a000374   Section        0  _printf_percent.o(.ARM.Collect$$_printf_percent$$00000000)
    .ARM.Collect$$_printf_percent$$00000009  0x1a000374   Section        6  _printf_d.o(.ARM.Collect$$_printf_percent$$00000009)
    .ARM.Collect$$_printf_percent$$00000017  0x1a00037a   Section        4  _printf_percent_end.o(.ARM.Collect$$_printf_percent$$00000017)
    .ARM.Collect$$libinit$$00000000          0x1a00037e   Section        2  libinit.o(.ARM.Collect$$libinit$$00000000)
    .ARM.Collect$$libinit$$00000002          0x1a000380   Section        0  libinit2.o(.ARM.Collect$$libinit$$00000002)
    .ARM.Collect$$libinit$$00000004          0x1a000380   Section        0  libinit2.o(.ARM.Collect$$libinit$$00000004)
    .ARM.Collect$$libinit$$0000000A          0x1a000380   Section        0  libinit2.o(.ARM.Collect$$libinit$$0000000A)
    .ARM.Collect$$libinit$$0000000C          0x1a000380   Section        0  libinit2.o(.ARM.Collect$$libinit$$0000000C)
    .ARM.Collect$$libinit$$0000000E          0x1a000380   Section        0  libinit2.o(.ARM.Collect$$libinit$$0000000E)
    .ARM.Collect$$libinit$$00000011          0x1a000380   Section        0  libinit2.o(.ARM.Collect$$libinit$$00000011)
    .ARM.Collect$$libinit$$00000013          0x1a000380   Section        0  libinit2.o(.ARM.Collect$$libinit$$00000013)
    .ARM.Collect$$libinit$$00000015          0x1a000380   Section        0  libinit2.o(.ARM.Collect$$libinit$$00000015)
    .ARM.Collect$$libinit$$00000017          0x1a000380   Section        0  libinit2.o(.ARM.Collect$$libinit$$00000017)
    .ARM.Collect$$libinit$$00000019          0x1a000380   Section        0  libinit2.o(.ARM.Collect$$libinit$$00000019)
    .ARM.Collect$$libinit$$0000001B          0x1a000380   Section        0  libinit2.o(.ARM.Collect$$libinit$$0000001B)
    .ARM.Collect$$libinit$$0000001D          0x1a000380   Section        0  libinit2.o(.ARM.Collect$$libinit$$0000001D)
    .ARM.Collect$$libinit$$0000001F          0x1a000380   Section        0  libinit2.o(.ARM.Collect$$libinit$$0000001F)
    .ARM.Collect$$libinit$$00000021          0x1a000380   Section        0  libinit2.o(.ARM.Collect$$libinit$$00000021)
    .ARM.Collect$$libinit$$00000023          0x1a000380   Section        0  libinit2.o(.ARM.Collect$$libinit$$00000023)
    .ARM.Collect$$libinit$$00000025          0x1a000380   Section        0  libinit2.o(.ARM.Collect$$libinit$$00000025)
    .ARM.Collect$$libinit$$0000002C          0x1a000380   Section        0  libinit2.o(.ARM.Collect$$libinit$$0000002C)
    .ARM.Collect$$libinit$$0000002E          0x1a000380   Section        0  libinit2.o(.ARM.Collect$$libinit$$0000002E)
    .ARM.Collect$$libinit$$00000030          0x1a000380   Section        0  libinit2.o(.ARM.Collect$$libinit$$00000030)
    .ARM.Collect$$libinit$$00000032          0x1a000380   Section        0  libinit2.o(.ARM.Collect$$libinit$$00000032)
    .ARM.Collect$$libinit$$00000033          0x1a000380   Section        2  libinit2.o(.ARM.Collect$$libinit$$00000033)
    .ARM.Collect$$libshutdown$$00000000      0x1a000382   Section        2  libshutdown.o(.ARM.Collect$$libshutdown$$00000000)
    .ARM.Collect$$libshutdown$$00000002      0x1a000384   Section        0  libshutdown2.o(.ARM.Collect$$libshutdown$$00000002)
    .ARM.Collect$$libshutdown$$00000004      0x1a000384   Section        0  libshutdown2.o(.ARM.Collect$$libshutdown$$00000004)
    .ARM.Collect$$libshutdown$$00000007      0x1a000384   Section        0  libshutdown2.o(.ARM.Collect$$libshutdown$$00000007)
    .ARM.Collect$$libshutdown$$0000000A      0x1a000384   Section        0  libshutdown2.o(.ARM.Collect$$libshutdown$$0000000A)
    .ARM.Collect$$libshutdown$$0000000C      0x1a000384   Section        0  libshutdown2.o(.ARM.Collect$$libshutdown$$0000000C)
    .ARM.Collect$$libshutdown$$0000000F      0x1a000384   Section        0  libshutdown2.o(.ARM.Collect$$libshutdown$$0000000F)
    .ARM.Collect$$libshutdown$$00000010      0x1a000384   Section        2  libshutdown2.o(.ARM.Collect$$libshutdown$$00000010)
    .ARM.Collect$$rtentry$$00000000          0x1a000386   Section        0  __rtentry.o(.ARM.Collect$$rtentry$$00000000)
    .ARM.Collect$$rtentry$$00000002          0x1a000386   Section        0  __rtentry2.o(.ARM.Collect$$rtentry$$00000002)
    .ARM.Collect$$rtentry$$00000004          0x1a000386   Section        6  __rtentry4.o(.ARM.Collect$$rtentry$$00000004)
    .ARM.Collect$$rtentry$$00000009          0x1a00038c   Section        0  __rtentry2.o(.ARM.Collect$$rtentry$$00000009)
    .ARM.Collect$$rtentry$$0000000A          0x1a00038c   Section        4  __rtentry2.o(.ARM.Collect$$rtentry$$0000000A)
    .ARM.Collect$$rtentry$$0000000B          0x1a000390   Section        8  __rtentry2.o(.ARM.Collect$$rtentry$$0000000B)
    .ARM.Collect$$rtentry$$0000000D          0x1a000398   Section        8  __rtentry2.o(.ARM.Collect$$rtentry$$0000000D)
    .ARM.Collect$$rtexit$$00000000           0x1a0003a0   Section        2  rtexit.o(.ARM.Collect$$rtexit$$00000000)
    .ARM.Collect$$rtexit$$00000002           0x1a0003a2   Section        0  rtexit2.o(.ARM.Collect$$rtexit$$00000002)
    .ARM.Collect$$rtexit$$00000003           0x1a0003a2   Section        4  rtexit2.o(.ARM.Collect$$rtexit$$00000003)
    .ARM.Collect$$rtexit$$00000004           0x1a0003a6   Section        6  rtexit2.o(.ARM.Collect$$rtexit$$00000004)
    .emb_text                                0x1a0003ac   Section       28  rtx_conf_cm.o(.emb_text)
    .emb_text                                0x1a0003c8   Section      304  hal_cm3.o(.emb_text)
    .text                                    0x1a0004f8   Section        0  blinky.o(.text)
    .text                                    0x1a00088c   Section        0  led_mcb1800.o(.text)
    .text                                    0x1a000974   Section        0  rtx_conf_cm.o(.text)
    __tagsym$$used                           0x1a0009db   Number         0  rtx_conf_cm.o(.text)
    __tagsym$$used                           0x1a0009f1   Number         0  rtx_conf_cm.o(.text)
    .text                                    0x1a000a20   Section        0  eventrecorder.o(.text)
    atomic_inc8                              0x1a000a21   Thumb Code    22  eventrecorder.o(.text)
    atomic_inc32                             0x1a000a37   Thumb Code    20  eventrecorder.o(.text)
    atomic_xch32                             0x1a000a4b   Thumb Code    18  eventrecorder.o(.text)
    crc16_ccitt                              0x1a000a5d   Thumb Code    66  eventrecorder.o(.text)
    EventRecordItem                          0x1a000a9f   Thumb Code   268  eventrecorder.o(.text)
    EventCheckFilter                         0x1a000bab   Thumb Code    34  eventrecorder.o(.text)
    EventGetTS                               0x1a000bd3   Thumb Code    42  eventrecorder.o(.text)
    GetContext                               0x1a00100b   Thumb Code    10  eventrecorder.o(.text)
    .text                                    0x1a001018   Section        0  gpio_lpc18xx.o(.text)
    .text                                    0x1a0010e8   Section        0  scu_lpc18xx.o(.text)
    .text                                    0x1a001254   Section       64  startup_lpc18xx.o(.text)
    .text                                    0x1a001294   Section        0  system_lpc18xx.o(.text)
    WaitUs                                   0x1a00141b   Thumb Code    72  system_lpc18xx.o(.text)
    GetPLL1Param                             0x1a001ba7   Thumb Code    68  system_lpc18xx.o(.text)
    .text                                    0x1a001bfc   Section        8  libspace.o(.text)
    .text                                    0x1a001c04   Section      238  lludivv7m.o(.text)
    .text                                    0x1a001cf4   Section        0  noretval__2sprintf.o(.text)
    .text                                    0x1a001d1c   Section        0  __printf.o(.text)
    .text                                    0x1a001d84   Section        0  _printf_dec.o(.text)
    .text                                    0x1a001dfc   Section        0  exit.o(.text)
    .text                                    0x1a001e0e   Section        0  strlen.o(.text)
    .text                                    0x1a001e4c   Section      138  rt_memcpy_v6.o(.text)
    .text                                    0x1a001ed6   Section       78  rt_memclr_w.o(.text)
    .text                                    0x1a001f24   Section        0  heapauxi.o(.text)
    .text                                    0x1a001f2a   Section        0  _printf_intcommon.o(.text)
    .text                                    0x1a001fdc   Section        0  _printf_char_common.o(.text)
    _printf_input_char                       0x1a001fdd   Thumb Code    10  _printf_char_common.o(.text)
    .text                                    0x1a00200c   Section        0  _sputc.o(.text)
    .text                                    0x1a002016   Section      100  rt_memcpy_w.o(.text)
    .text                                    0x1a00207c   Section        0  sys_exit.o(.text)
    .text                                    0x1a002088   Section       74  sys_stackheap_outer.o(.text)
    .text                                    0x1a0020d2   Section        2  use_no_semi.o(.text)
    .text                                    0x1a0020d4   Section        0  indicate_semi.o(.text)
    SVC_TABLE                                0x1a0020d4   Section        4  svc_table.o(SVC_TABLE)
    i._init_box                              0x1a0020d8   Section        0  rt_membox.o(i._init_box)
    i.dbg_init                               0x1a002120   Section        0  hal_cm.o(i.dbg_init)
    i.dbg_task_notify                        0x1a002150   Section        0  hal_cm.o(i.dbg_task_notify)
    i.dbg_task_switch                        0x1a002170   Section        0  hal_cm.o(i.dbg_task_switch)
    i.isrMessageGet                          0x1a002180   Section        0  rt_cmsis.o(i.isrMessageGet)
    i.isrMessagePut                          0x1a0021aa   Section        0  rt_cmsis.o(i.isrMessagePut)
    i.isrSignalSet                           0x1a0021d6   Section        0  rt_cmsis.o(i.isrSignalSet)
    i.isr_evt_set                            0x1a0021fc   Section        0  rt_event.o(i.isr_evt_set)
    i.isr_mbx_receive                        0x1a002224   Section        0  rt_mailbox.o(i.isr_mbx_receive)
    i.isr_mbx_send                           0x1a00227a   Section        0  rt_mailbox.o(i.isr_mbx_send)
    i.osDelay                                0x1a002288   Section        0  rt_cmsis.o(i.osDelay)
    i.osKernelInitialize                     0x1a0022a0   Section        0  rt_cmsis.o(i.osKernelInitialize)
    i.osKernelStart                          0x1a0022c4   Section        0  rt_cmsis.o(i.osKernelStart)
    i.osMessageGet                           0x1a002330   Section        0  rt_cmsis.o(i.osMessageGet)
    i.osSignalSet                            0x1a002348   Section        0  rt_cmsis.o(i.osSignalSet)
    i.osSignalWait                           0x1a002360   Section        0  rt_cmsis.o(i.osSignalWait)
    i.osThreadCreate                         0x1a002378   Section        0  rt_cmsis.o(i.osThreadCreate)
    i.osThreadExit                           0x1a0023a4   Section        0  rt_cmsis.o(i.osThreadExit)
    i.osThreadYield                          0x1a0023bc   Section        0  rt_cmsis.o(i.osThreadYield)
    i.osTimerCall                            0x1a0023d4   Section        0  rt_cmsis.o(i.osTimerCall)
    i.osTimerThread                          0x1a0023e0   Section        0  rt_cmsis.o(i.osTimerThread)
    i.os_tick_init                           0x1a00240c   Section        0  rt_system.o(i.os_tick_init)
    i.os_tick_irqack                         0x1a002434   Section        0  rt_system.o(i.os_tick_irqack)
    i.rt_alloc_box                           0x1a002436   Section        0  rt_membox.o(i.rt_alloc_box)
    i.rt_alloc_mem                           0x1a002450   Section        0  rt_memory.o(i.rt_alloc_mem)
    i.rt_block                               0x1a002490   Section        0  rt_task.o(i.rt_block)
    i.rt_chk_robin                           0x1a0024c8   Section        0  rt_robin.o(i.rt_chk_robin)
    i.rt_dec_dly                             0x1a002510   Section        0  rt_list.o(i.rt_dec_dly)
    i.rt_dispatch                            0x1a002580   Section        0  rt_task.o(i.rt_dispatch)
    i.rt_dly_wait                            0x1a0025c4   Section        0  rt_time.o(i.rt_dly_wait)
    i.rt_evt_psh                             0x1a0025cc   Section        0  rt_event.o(i.rt_evt_psh)
    i.rt_evt_set                             0x1a00261c   Section        0  rt_event.o(i.rt_evt_set)
    i.rt_evt_wait                            0x1a002678   Section        0  rt_event.o(i.rt_evt_wait)
    i.rt_free_box                            0x1a0026b4   Section        0  rt_membox.o(i.rt_free_box)
    i.rt_free_mem                            0x1a0026e0   Section        0  rt_memory.o(i.rt_free_mem)
    i.rt_get_first                           0x1a002708   Section        0  rt_list.o(i.rt_get_first)
    i.rt_get_same_rdy_prio                   0x1a002730   Section        0  rt_list.o(i.rt_get_same_rdy_prio)
    i.rt_id2obj                              0x1a002754   Section        0  rt_cmsis.o(i.rt_id2obj)
    rt_id2obj                                0x1a002755   Thumb Code     8  rt_cmsis.o(i.rt_id2obj)
    i.rt_init_context                        0x1a00275c   Section        0  rt_task.o(i.rt_init_context)
    rt_init_context                          0x1a00275d   Thumb Code    66  rt_task.o(i.rt_init_context)
    i.rt_init_mem                            0x1a0027a4   Section        0  rt_memory.o(i.rt_init_mem)
    i.rt_init_robin                          0x1a0027c0   Section        0  rt_robin.o(i.rt_init_robin)
    i.rt_init_stack                          0x1a0027d8   Section        0  hal_cm.o(i.rt_init_stack)
    i.rt_mbx_check                           0x1a002858   Section        0  rt_mailbox.o(i.rt_mbx_check)
    i.rt_mbx_init                            0x1a002860   Section        0  rt_mailbox.o(i.rt_mbx_init)
    i.rt_mbx_psh                             0x1a00287c   Section        0  rt_mailbox.o(i.rt_mbx_psh)
    i.rt_mbx_wait                            0x1a00296c   Section        0  rt_mailbox.o(i.rt_mbx_wait)
    i.rt_ms2tick                             0x1a002a20   Section        0  rt_cmsis.o(i.rt_ms2tick)
    rt_ms2tick                               0x1a002a21   Thumb Code    58  rt_cmsis.o(i.rt_ms2tick)
    i.rt_mut_init                            0x1a002a64   Section        0  rt_mutex.o(i.rt_mut_init)
    i.rt_mut_release                         0x1a002a74   Section        0  rt_mutex.o(i.rt_mut_release)
    i.rt_mut_wait                            0x1a002b4c   Section        0  rt_mutex.o(i.rt_mut_wait)
    i.rt_pop_req                             0x1a002bc4   Section        0  rt_system.o(i.rt_pop_req)
    i.rt_psh_req                             0x1a002c40   Section        0  rt_system.o(i.rt_psh_req)
    i.rt_psq_enq                             0x1a002c60   Section        0  rt_list.o(i.rt_psq_enq)
    i.rt_put_dly                             0x1a002cbc   Section        0  rt_list.o(i.rt_put_dly)
    i.rt_put_prio                            0x1a002d04   Section        0  rt_list.o(i.rt_put_prio)
    i.rt_put_rdy_first                       0x1a002d3c   Section        0  rt_list.o(i.rt_put_rdy_first)
    i.rt_resort_prio                         0x1a002d50   Section        0  rt_list.o(i.rt_resort_prio)
    i.rt_ret_val                             0x1a002d84   Section        0  hal_cm.o(i.rt_ret_val)
    i.rt_ret_val2                            0x1a002d8a   Section        0  hal_cm.o(i.rt_ret_val2)
    i.rt_rmv_dly                             0x1a002d92   Section        0  rt_list.o(i.rt_rmv_dly)
    i.rt_rmv_list                            0x1a002dbc   Section        0  rt_list.o(i.rt_rmv_list)
    i.rt_sem_psh                             0x1a002dec   Section        0  rt_semaphore.o(i.rt_sem_psh)
    i.rt_stk_check                           0x1a002e20   Section        0  rt_system.o(i.rt_stk_check)
    i.rt_switch_req                          0x1a002e44   Section        0  rt_task.o(i.rt_switch_req)
    i.rt_sys_init                            0x1a002e6c   Section        0  rt_task.o(i.rt_sys_init)
    i.rt_sys_start                           0x1a002f38   Section        0  rt_task.o(i.rt_sys_start)
    i.rt_systick                             0x1a002fb0   Section        0  rt_system.o(i.rt_systick)
    i.rt_tid2ptcb                            0x1a002ff0   Section        0  rt_cmsis.o(i.rt_tid2ptcb)
    rt_tid2ptcb                              0x1a002ff1   Thumb Code    18  rt_cmsis.o(i.rt_tid2ptcb)
    i.rt_timer_insert                        0x1a003004   Section        0  rt_cmsis.o(i.rt_timer_insert)
    rt_timer_insert                          0x1a003005   Thumb Code    48  rt_cmsis.o(i.rt_timer_insert)
    i.rt_tsk_create                          0x1a003038   Section        0  rt_task.o(i.rt_tsk_create)
    i.rt_tsk_delete                          0x1a0030c0   Section        0  rt_task.o(i.rt_tsk_delete)
    i.rt_tsk_pass                            0x1a00323c   Section        0  rt_task.o(i.rt_tsk_pass)
    i.rt_tsk_prio                            0x1a00326c   Section        0  rt_task.o(i.rt_tsk_prio)
    i.rt_tsk_self                            0x1a0032e8   Section        0  rt_task.o(i.rt_tsk_self)
    i.svcDelay                               0x1a0032f8   Section        0  rt_cmsis.o(i.svcDelay)
    i.svcKernelInitialize                    0x1a00330c   Section        0  rt_cmsis.o(i.svcKernelInitialize)
    i.svcKernelStart                         0x1a00337c   Section        0  rt_cmsis.o(i.svcKernelStart)
    i.svcMessageCreate                       0x1a0033c4   Section        0  rt_cmsis.o(i.svcMessageCreate)
    i.svcMessageGet                          0x1a0033e8   Section        0  rt_cmsis.o(i.svcMessageGet)
    i.svcSignalSet                           0x1a003422   Section        0  rt_cmsis.o(i.svcSignalSet)
    i.svcSignalWait                          0x1a003448   Section        0  rt_cmsis.o(i.svcSignalWait)
    i.svcThreadCreate                        0x1a00349c   Section        0  rt_cmsis.o(i.svcThreadCreate)
    i.svcThreadGetId                         0x1a003508   Section        0  rt_cmsis.o(i.svcThreadGetId)
    i.svcThreadTerminate                     0x1a003524   Section        0  rt_cmsis.o(i.svcThreadTerminate)
    i.svcThreadYield                         0x1a00355c   Section        0  rt_cmsis.o(i.svcThreadYield)
    i.svcTimerCall                           0x1a003566   Section        0  rt_cmsis.o(i.svcTimerCall)
    i.sysTimerTick                           0x1a003580   Section        0  rt_cmsis.o(i.sysTimerTick)
    .constdata                               0x1a0035dc   Section      128  blinky.o(.constdata)
    .constdata                               0x1a00365c   Section       80  led_mcb1800.o(.constdata)
    .constdata                               0x1a0036ac   Section      104  rtx_conf_cm.o(.constdata)
    __tagsym$$used                           0x1a0036c8   Number         0  rtx_conf_cm.o(.constdata)
    __tagsym$$used                           0x1a0036cc   Number         0  rtx_conf_cm.o(.constdata)
    __tagsym$$used                           0x1a0036d0   Number         0  rtx_conf_cm.o(.constdata)
    __tagsym$$used                           0x1a0036d4   Number         0  rtx_conf_cm.o(.constdata)
    .constdata                               0x1a003714   Section       24  eventrecorder.o(.constdata)
    __tagsym$$used                           0x1a003714   Number         0  eventrecorder.o(.constdata)
    .constdata                               0x1a00372c   Section       20  system_lpc18xx.o(.constdata)
    .noinit                                  0x20005000   Section     1188  eventrecorder.o(.noinit)
    EventBuffer                              0x20005000   Data        1024  eventrecorder.o(.noinit)
    EventFilter                              0x20005400   Data         128  eventrecorder.o(.noinit)
    EventStatus                              0x20005480   Data          36  eventrecorder.o(.noinit)

    Global Symbols

    Symbol Name                              Value     Ov Type        Size  Object(Section)

    BuildAttributes$$THM_ISAv4$P$D$K$B$S$PE$A:L22UL41UL21$X:L11$S22US41US21$IEEE1$IW$USESV6$~STKCKD$USESV7$~SHL$OSPACE$ROPI$EBA8$UX$STANDARDLIB$REQ8$PRES8$EABIv2 0x00000000   Number         0  anon$$obj.o ABSOLUTE
    __ARM_use_no_argv                        0x00000000   Number         0  blinky.o ABSOLUTE
    __ARM_exceptions_init                     - Undefined Weak Reference
    __alloca_initialize                       - Undefined Weak Reference
    __arm_preinit_                            - Undefined Weak Reference
    __cpp_initialize__aeabi_                  - Undefined Weak Reference
    __cxa_finalize                            - Undefined Weak Reference
    __rt_locale                               - Undefined Weak Reference
    __sigvec_lookup                           - Undefined Weak Reference
    _atexit_init                              - Undefined Weak Reference
    _call_atexit_fns                          - Undefined Weak Reference
    _clock_init                               - Undefined Weak Reference
    _fp_trap_init                             - Undefined Weak Reference
    _fp_trap_shutdown                         - Undefined Weak Reference
    _get_lc_collate                           - Undefined Weak Reference
    _get_lc_ctype                             - Undefined Weak Reference
    _get_lc_monetary                          - Undefined Weak Reference
    _get_lc_numeric                           - Undefined Weak Reference
    _get_lc_time                              - Undefined Weak Reference
    _getenv_init                              - Undefined Weak Reference
    _handle_redirection                       - Undefined Weak Reference
    _init_alloc                               - Undefined Weak Reference
    _init_user_alloc                          - Undefined Weak Reference
    _initio                                   - Undefined Weak Reference
    _printf_post_padding                      - Undefined Weak Reference
    _printf_pre_padding                       - Undefined Weak Reference
    _printf_truncate_signed                   - Undefined Weak Reference
    _printf_truncate_unsigned                 - Undefined Weak Reference
    _rand_init                                - Undefined Weak Reference
    _signal_finish                            - Undefined Weak Reference
    _signal_init                              - Undefined Weak Reference
    _terminate_alloc                          - Undefined Weak Reference
    _terminate_user_alloc                     - Undefined Weak Reference
    _terminateio                              - Undefined Weak Reference
    __RL_RTX_VER                             0x00000482   Number         0  rt_system.o ABSOLUTE
    tid_Thread_LED                           0x10000004   Data           4  blinky.o(.data)
    tid_Thread_01                            0x10000008   Data           4  blinky.o(.data)
    tid_Thread_02                            0x1000000c   Data           4  blinky.o(.data)
    tid_Thread_03                            0x10000010   Data           4  blinky.o(.data)
    tid_Thread_04                            0x10000014   Data           4  blinky.o(.data)
    tid_Thread_05                            0x10000018   Data           4  blinky.o(.data)
    tid_Thread_06                            0x1000001c   Data           4  blinky.o(.data)
    tid_Thread_Status                        0x10000020   Data           4  blinky.o(.data)
    osThreadId_osTimerThread                 0x10000024   Data           4  rtx_conf_cm.o(.data)
    osMessageQId_osTimerMessageQ             0x10000028   Data           4  rtx_conf_cm.o(.data)
    os_tmr                                   0x1000002c   Data           4  rtx_conf_cm.o(.data)
    m_tmr                                    0x10000030   Data           4  rtx_conf_cm.o(.data)
    SystemCoreClock                          0x10000038   Data           4  system_lpc18xx.o(.data)
    os_initialized                           0x1000003c   Data           1  rt_cmsis.o(.data)
    os_running                               0x1000003d   Data           1  rt_cmsis.o(.data)
    os_timer_head                            0x10000040   Data           4  rt_cmsis.o(.data)
    os_tsk                                   0x10000044   Data           8  rt_task.o(.data)
    os_tick_irqn                             0x10000050   Data           4  rt_system.o(.data)
    os_time                                  0x10000054   Data           4  rt_time.o(.data)
    os_robin                                 0x10000058   Data           8  rt_robin.o(.data)
    dbg_msg                                  0x10000060   Data           1  hal_cm.o(.data)
    mp_tcb                                   0x10000068   Data         688  rtx_conf_cm.o(.bss)
    mp_stk                                   0x10000318   Data       24016  rtx_conf_cm.o(.bss)
    os_stack_mem                             0x100060e8   Data        2232  rtx_conf_cm.o(.bss)
    os_fifo                                  0x100069a0   Data         132  rtx_conf_cm.o(.bss)
    os_active_TCB                            0x10006a24   Data          52  rtx_conf_cm.o(.bss)
    os_messageQ_q_osTimerMessageQ            0x10006a58   Data          32  rtx_conf_cm.o(.bss)
    os_idle_TCB                              0x10006fd8   Data          52  rt_task.o(.bss)
    os_rdy                                   0x1000700c   Data          24  rt_list.o(.bss)
    os_dly                                   0x10007024   Data          24  rt_list.o(.bss)
    __libspace_start                         0x1000703c   Data          96  libspace.o(.bss)
    __temporary_stack_top$libspace           0x1000709c   Data           0  libspace.o(.bss)
    __Vectors                                0x1a000000   Data           4  startup_lpc18xx.o(RESET)
    __main                                   0x1a000301   Thumb Code     8  __main.o(!!!main)
    __scatterload                            0x1a000309   Thumb Code     0  __scatter.o(!!!scatter)
    __scatterload_rt2                        0x1a000309   Thumb Code    44  __scatter.o(!!!scatter)
    __scatterload_rt2_thumb_only             0x1a000309   Thumb Code     0  __scatter.o(!!!scatter)
    __scatterload_null                       0x1a000317   Thumb Code     0  __scatter.o(!!!scatter)
    __scatterload_copy                       0x1a00033d   Thumb Code    26  __scatter_copy.o(!!handler_copy)
    __scatterload_zeroinit                   0x1a000359   Thumb Code    28  __scatter_zi.o(!!handler_zi)
    _printf_d                                0x1a000375   Thumb Code     0  _printf_d.o(.ARM.Collect$$_printf_percent$$00000009)
    _printf_percent                          0x1a000375   Thumb Code     0  _printf_percent.o(.ARM.Collect$$_printf_percent$$00000000)
    _printf_percent_end                      0x1a00037b   Thumb Code     0  _printf_percent_end.o(.ARM.Collect$$_printf_percent$$00000017)
    __rt_lib_init                            0x1a00037f   Thumb Code     0  libinit.o(.ARM.Collect$$libinit$$00000000)
    __rt_lib_init_alloca_1                   0x1a000381   Thumb Code     0  libinit2.o(.ARM.Collect$$libinit$$0000002E)
    __rt_lib_init_argv_1                     0x1a000381   Thumb Code     0  libinit2.o(.ARM.Collect$$libinit$$0000002C)
    __rt_lib_init_atexit_1                   0x1a000381   Thumb Code     0  libinit2.o(.ARM.Collect$$libinit$$0000001B)
    __rt_lib_init_clock_1                    0x1a000381   Thumb Code     0  libinit2.o(.ARM.Collect$$libinit$$00000021)
    __rt_lib_init_cpp_1                      0x1a000381   Thumb Code     0  libinit2.o(.ARM.Collect$$libinit$$00000032)
    __rt_lib_init_exceptions_1               0x1a000381   Thumb Code     0  libinit2.o(.ARM.Collect$$libinit$$00000030)
    __rt_lib_init_fp_1                       0x1a000381   Thumb Code     0  libinit2.o(.ARM.Collect$$libinit$$00000002)
    __rt_lib_init_fp_trap_1                  0x1a000381   Thumb Code     0  libinit2.o(.ARM.Collect$$libinit$$0000001F)
    __rt_lib_init_getenv_1                   0x1a000381   Thumb Code     0  libinit2.o(.ARM.Collect$$libinit$$00000023)
    __rt_lib_init_heap_1                     0x1a000381   Thumb Code     0  libinit2.o(.ARM.Collect$$libinit$$0000000A)
    __rt_lib_init_lc_collate_1               0x1a000381   Thumb Code     0  libinit2.o(.ARM.Collect$$libinit$$00000011)
    __rt_lib_init_lc_ctype_1                 0x1a000381   Thumb Code     0  libinit2.o(.ARM.Collect$$libinit$$00000013)
    __rt_lib_init_lc_monetary_1              0x1a000381   Thumb Code     0  libinit2.o(.ARM.Collect$$libinit$$00000015)
    __rt_lib_init_lc_numeric_1               0x1a000381   Thumb Code     0  libinit2.o(.ARM.Collect$$libinit$$00000017)
    __rt_lib_init_lc_time_1                  0x1a000381   Thumb Code     0  libinit2.o(.ARM.Collect$$libinit$$00000019)
    __rt_lib_init_preinit_1                  0x1a000381   Thumb Code     0  libinit2.o(.ARM.Collect$$libinit$$00000004)
    __rt_lib_init_rand_1                     0x1a000381   Thumb Code     0  libinit2.o(.ARM.Collect$$libinit$$0000000E)
    __rt_lib_init_return                     0x1a000381   Thumb Code     0  libinit2.o(.ARM.Collect$$libinit$$00000033)
    __rt_lib_init_signal_1                   0x1a000381   Thumb Code     0  libinit2.o(.ARM.Collect$$libinit$$0000001D)
    __rt_lib_init_stdio_1                    0x1a000381   Thumb Code     0  libinit2.o(.ARM.Collect$$libinit$$00000025)
    __rt_lib_init_user_alloc_1               0x1a000381   Thumb Code     0  libinit2.o(.ARM.Collect$$libinit$$0000000C)
    __rt_lib_shutdown                        0x1a000383   Thumb Code     0  libshutdown.o(.ARM.Collect$$libshutdown$$00000000)
    __rt_lib_shutdown_cpp_1                  0x1a000385   Thumb Code     0  libshutdown2.o(.ARM.Collect$$libshutdown$$00000002)
    __rt_lib_shutdown_fp_trap_1              0x1a000385   Thumb Code     0  libshutdown2.o(.ARM.Collect$$libshutdown$$00000007)
    __rt_lib_shutdown_heap_1                 0x1a000385   Thumb Code     0  libshutdown2.o(.ARM.Collect$$libshutdown$$0000000F)
    __rt_lib_shutdown_return                 0x1a000385   Thumb Code     0  libshutdown2.o(.ARM.Collect$$libshutdown$$00000010)
    __rt_lib_shutdown_signal_1               0x1a000385   Thumb Code     0  libshutdown2.o(.ARM.Collect$$libshutdown$$0000000A)
    __rt_lib_shutdown_stdio_1                0x1a000385   Thumb Code     0  libshutdown2.o(.ARM.Collect$$libshutdown$$00000004)
    __rt_lib_shutdown_user_alloc_1           0x1a000385   Thumb Code     0  libshutdown2.o(.ARM.Collect$$libshutdown$$0000000C)
    __rt_entry                               0x1a000387   Thumb Code     0  __rtentry.o(.ARM.Collect$$rtentry$$00000000)
    __rt_entry_presh_1                       0x1a000387   Thumb Code     0  __rtentry2.o(.ARM.Collect$$rtentry$$00000002)
    __rt_entry_sh                            0x1a000387   Thumb Code     0  __rtentry4.o(.ARM.Collect$$rtentry$$00000004)
    __rt_entry_li                            0x1a00038d   Thumb Code     0  __rtentry2.o(.ARM.Collect$$rtentry$$0000000A)
    __rt_entry_postsh_1                      0x1a00038d   Thumb Code     0  __rtentry2.o(.ARM.Collect$$rtentry$$00000009)
    __rt_entry_postli_1                      0x1a000391   Thumb Code     0  __rtentry2.o(.ARM.Collect$$rtentry$$0000000B)
    __rt_entry_main                          0x1a000399   Thumb Code     0  __rtentry2.o(.ARM.Collect$$rtentry$$0000000D)
    __rt_exit                                0x1a0003a1   Thumb Code     0  rtexit.o(.ARM.Collect$$rtexit$$00000000)
    __rt_exit_ls                             0x1a0003a3   Thumb Code     0  rtexit2.o(.ARM.Collect$$rtexit$$00000003)
    __rt_exit_prels_1                        0x1a0003a3   Thumb Code     0  rtexit2.o(.ARM.Collect$$rtexit$$00000002)
    __rt_exit_exit                           0x1a0003a7   Thumb Code     0  rtexit2.o(.ARM.Collect$$rtexit$$00000004)
    _platform_post_lib_init                  0x1a0003ad   Thumb Code    24  rtx_conf_cm.o(.emb_text)
    rt_set_PSP                               0x1a0003c9   Thumb Code     6  hal_cm3.o(.emb_text)
    rt_get_PSP                               0x1a0003cf   Thumb Code     6  hal_cm3.o(.emb_text)
    os_set_env                               0x1a0003d5   Thumb Code    24  hal_cm3.o(.emb_text)
    _alloc_box                               0x1a0003f1   Thumb Code    28  hal_cm3.o(.emb_text)
    _free_box                                0x1a000411   Thumb Code    28  hal_cm3.o(.emb_text)
    SVC_Handler                              0x1a000431   Thumb Code   108  hal_cm3.o(.emb_text)
    PendSV_Handler                           0x1a0004a9   Thumb Code    56  hal_cm3.o(.emb_text)
    SysTick_Handler                          0x1a0004e5   Thumb Code     8  hal_cm3.o(.emb_text)
    OS_Tick_Handler                          0x1a0004ed   Thumb Code    12  hal_cm3.o(.emb_text)
    Init_Thread_LED                          0x1a0004f9   Thumb Code    30  blinky.o(.text)
    Thread_LED                               0x1a000517   Thumb Code    66  blinky.o(.text)
    Init_Thread_01                           0x1a000559   Thumb Code    30  blinky.o(.text)
    Thread_01                                0x1a000577   Thumb Code    42  blinky.o(.text)
    Init_Thread_02                           0x1a0005a1   Thumb Code    30  blinky.o(.text)
    Thread_02                                0x1a0005bf   Thumb Code    42  blinky.o(.text)
    Init_Thread_03                           0x1a0005e9   Thumb Code    30  blinky.o(.text)
    Thread_03                                0x1a000607   Thumb Code    42  blinky.o(.text)
    Init_Thread_04                           0x1a000631   Thumb Code    30  blinky.o(.text)
    Thread_04                                0x1a00064f   Thumb Code    42  blinky.o(.text)
    Init_Thread_05                           0x1a000679   Thumb Code    30  blinky.o(.text)
    Thread_05                                0x1a000697   Thumb Code    42  blinky.o(.text)
    Init_Thread_06                           0x1a0006c1   Thumb Code    30  blinky.o(.text)
    Thread_06                                0x1a0006df   Thumb Code    42  blinky.o(.text)
    Init_Thread_Status                       0x1a000709   Thumb Code    30  blinky.o(.text)
    Thread_Status                            0x1a000727   Thumb Code    88  blinky.o(.text)
    main                                     0x1a00077f   Thumb Code   172  blinky.o(.text)
    LED_Initialize                           0x1a00088d   Thumb Code    88  led_mcb1800.o(.text)
    LED_Uninitialize                         0x1a0008e5   Thumb Code    36  led_mcb1800.o(.text)
    LED_On                                   0x1a000909   Thumb Code    28  led_mcb1800.o(.text)
    LED_Off                                  0x1a000925   Thumb Code    28  led_mcb1800.o(.text)
    LED_SetOut                               0x1a000941   Thumb Code    40  led_mcb1800.o(.text)
    LED_GetCount                             0x1a000969   Thumb Code     4  led_mcb1800.o(.text)
    os_idle_demon                            0x1a000975   Thumb Code     4  rtx_conf_cm.o(.text)
    os_error                                 0x1a000979   Thumb Code    32  rtx_conf_cm.o(.text)
    __user_perthread_libspace                0x1a000999   Thumb Code    32  rtx_conf_cm.o(.text)
    _mutex_initialize                        0x1a0009b9   Thumb Code    34  rtx_conf_cm.o(.text)
    _mutex_acquire                           0x1a0009db   Thumb Code    22  rtx_conf_cm.o(.text)
    _mutex_release                           0x1a0009f1   Thumb Code    18  rtx_conf_cm.o(.text)
    EventRecorderTimerGet                    0x1a000bcd   Thumb Code     6  eventrecorder.o(.text)
    EventRecorderTimerInit                   0x1a000bfd   Thumb Code    30  eventrecorder.o(.text)
    EventRecorderEnable                      0x1a000c1b   Thumb Code    88  eventrecorder.o(.text)
    EventRecorderInitialize                  0x1a000c73   Thumb Code   236  eventrecorder.o(.text)
    EventRecorderDisable                     0x1a000d5f   Thumb Code    88  eventrecorder.o(.text)
    EventRecorderStart                       0x1a000db7   Thumb Code    46  eventrecorder.o(.text)
    EventRecorderStop                        0x1a000de5   Thumb Code    46  eventrecorder.o(.text)
    EventRecordData                          0x1a000e13   Thumb Code   316  eventrecorder.o(.text)
    EventRecord2                             0x1a000f4f   Thumb Code    70  eventrecorder.o(.text)
    EventRecord4                             0x1a000f95   Thumb Code   118  eventrecorder.o(.text)
    GPIO_PortClock                           0x1a001019   Thumb Code    62  gpio_lpc18xx.o(.text)
    GPIO_SetDir                              0x1a001057   Thumb Code    44  gpio_lpc18xx.o(.text)
    GPIO_PinWrite                            0x1a001083   Thumb Code    30  gpio_lpc18xx.o(.text)
    GPIO_PinRead                             0x1a0010a1   Thumb Code    24  gpio_lpc18xx.o(.text)
    GPIO_PortWrite                           0x1a0010b9   Thumb Code    22  gpio_lpc18xx.o(.text)
    GPIO_PortRead                            0x1a0010cf   Thumb Code    10  gpio_lpc18xx.o(.text)
    SCU_PinConfigure                         0x1a0010e9   Thumb Code    34  scu_lpc18xx.o(.text)
    SCU_CLK_PinConfigure                     0x1a00110b   Thumb Code    22  scu_lpc18xx.o(.text)
    SCU_USB1_PinConfigure                    0x1a001121   Thumb Code    12  scu_lpc18xx.o(.text)
    SCU_I2C_PinConfigure                     0x1a00112d   Thumb Code    44  scu_lpc18xx.o(.text)
    SCU_ADC_ChannelPinConfigure              0x1a001159   Thumb Code    74  scu_lpc18xx.o(.text)
    SCU_DAC_PinConfigure                     0x1a0011a3   Thumb Code    52  scu_lpc18xx.o(.text)
    SCU_PinInterruptSourceSelect             0x1a0011d7   Thumb Code   112  scu_lpc18xx.o(.text)
    Reset_Handler                            0x1a001255   Thumb Code     8  startup_lpc18xx.o(.text)
    NMI_Handler                              0x1a00125d   Thumb Code     2  startup_lpc18xx.o(.text)
    HardFault_Handler                        0x1a00125f   Thumb Code     2  startup_lpc18xx.o(.text)
    MemManage_Handler                        0x1a001261   Thumb Code     2  startup_lpc18xx.o(.text)
    BusFault_Handler                         0x1a001263   Thumb Code     2  startup_lpc18xx.o(.text)
    UsageFault_Handler                       0x1a001265   Thumb Code     2  startup_lpc18xx.o(.text)
    DebugMon_Handler                         0x1a001269   Thumb Code     2  startup_lpc18xx.o(.text)
    ADC0_IRQHandler                          0x1a00126f   Thumb Code     0  startup_lpc18xx.o(.text)
    ADC1_IRQHandler                          0x1a00126f   Thumb Code     0  startup_lpc18xx.o(.text)
    ATIMER_IRQHandler                        0x1a00126f   Thumb Code     0  startup_lpc18xx.o(.text)
    CAN0_IRQHandler                          0x1a00126f   Thumb Code     0  startup_lpc18xx.o(.text)
    CAN1_IRQHandler                          0x1a00126f   Thumb Code     0  startup_lpc18xx.o(.text)
    DAC_IRQHandler                           0x1a00126f   Thumb Code     0  startup_lpc18xx.o(.text)
    DMA_IRQHandler                           0x1a00126f   Thumb Code     0  startup_lpc18xx.o(.text)
    ETH_IRQHandler                           0x1a00126f   Thumb Code     0  startup_lpc18xx.o(.text)
    EVRT_IRQHandler                          0x1a00126f   Thumb Code     0  startup_lpc18xx.o(.text)
    FLASHEEPROM_IRQHandler                   0x1a00126f   Thumb Code     0  startup_lpc18xx.o(.text)
    GINT0_IRQHandler                         0x1a00126f   Thumb Code     0  startup_lpc18xx.o(.text)
    GINT1_IRQHandler                         0x1a00126f   Thumb Code     0  startup_lpc18xx.o(.text)
    GPIO0_IRQHandler                         0x1a00126f   Thumb Code     0  startup_lpc18xx.o(.text)
    GPIO1_IRQHandler                         0x1a00126f   Thumb Code     0  startup_lpc18xx.o(.text)
    GPIO2_IRQHandler                         0x1a00126f   Thumb Code     0  startup_lpc18xx.o(.text)
    GPIO3_IRQHandler                         0x1a00126f   Thumb Code     0  startup_lpc18xx.o(.text)
    GPIO4_IRQHandler                         0x1a00126f   Thumb Code     0  startup_lpc18xx.o(.text)
    GPIO5_IRQHandler                         0x1a00126f   Thumb Code     0  startup_lpc18xx.o(.text)
    GPIO6_IRQHandler                         0x1a00126f   Thumb Code     0  startup_lpc18xx.o(.text)
    GPIO7_IRQHandler                         0x1a00126f   Thumb Code     0  startup_lpc18xx.o(.text)
    I2C0_IRQHandler                          0x1a00126f   Thumb Code     0  startup_lpc18xx.o(.text)
    I2C1_IRQHandler                          0x1a00126f   Thumb Code     0  startup_lpc18xx.o(.text)
    I2S0_IRQHandler                          0x1a00126f   Thumb Code     0  startup_lpc18xx.o(.text)
    I2S1_IRQHandler                          0x1a00126f   Thumb Code     0  startup_lpc18xx.o(.text)
    LCD_IRQHandler                           0x1a00126f   Thumb Code     0  startup_lpc18xx.o(.text)
    MCPWM_IRQHandler                         0x1a00126f   Thumb Code     0  startup_lpc18xx.o(.text)
    QEI_IRQHandler                           0x1a00126f   Thumb Code     0  startup_lpc18xx.o(.text)
    RIT_IRQHandler                           0x1a00126f   Thumb Code     0  startup_lpc18xx.o(.text)
    RTC_IRQHandler                           0x1a00126f   Thumb Code     0  startup_lpc18xx.o(.text)
    SCT_IRQHandler                           0x1a00126f   Thumb Code     0  startup_lpc18xx.o(.text)
    SDIO_IRQHandler                          0x1a00126f   Thumb Code     0  startup_lpc18xx.o(.text)
    SSP0_IRQHandler                          0x1a00126f   Thumb Code     0  startup_lpc18xx.o(.text)
    SSP1_IRQHandler                          0x1a00126f   Thumb Code     0  startup_lpc18xx.o(.text)
    TIMER0_IRQHandler                        0x1a00126f   Thumb Code     0  startup_lpc18xx.o(.text)
    TIMER1_IRQHandler                        0x1a00126f   Thumb Code     0  startup_lpc18xx.o(.text)
    TIMER2_IRQHandler                        0x1a00126f   Thumb Code     0  startup_lpc18xx.o(.text)
    TIMER3_IRQHandler                        0x1a00126f   Thumb Code     0  startup_lpc18xx.o(.text)
    UART0_IRQHandler                         0x1a00126f   Thumb Code     0  startup_lpc18xx.o(.text)
    UART1_IRQHandler                         0x1a00126f   Thumb Code     0  startup_lpc18xx.o(.text)
    UART2_IRQHandler                         0x1a00126f   Thumb Code     0  startup_lpc18xx.o(.text)
    UART3_IRQHandler                         0x1a00126f   Thumb Code     0  startup_lpc18xx.o(.text)
    USB0_IRQHandler                          0x1a00126f   Thumb Code     0  startup_lpc18xx.o(.text)
    USB1_IRQHandler                          0x1a00126f   Thumb Code     0  startup_lpc18xx.o(.text)
    WDT_IRQHandler                           0x1a00126f   Thumb Code     0  startup_lpc18xx.o(.text)
    __user_initial_stackheap                 0x1a001271   Thumb Code     0  startup_lpc18xx.o(.text)
    SetClock                                 0x1a001295   Thumb Code   390  system_lpc18xx.o(.text)
    SystemInit_ExtMemCtl                     0x1a001463   Thumb Code  1296  system_lpc18xx.o(.text)
    MeasureFreq                              0x1a001973   Thumb Code    94  system_lpc18xx.o(.text)
    GetClkSel                                0x1a0019d1   Thumb Code   168  system_lpc18xx.o(.text)
    GetClockFreq                             0x1a001a79   Thumb Code   238  system_lpc18xx.o(.text)
    SystemCoreClockUpdate                    0x1a001b67   Thumb Code    22  system_lpc18xx.o(.text)
    SystemInit                               0x1a001b7d   Thumb Code    42  system_lpc18xx.o(.text)
    __user_libspace                          0x1a001bfd   Thumb Code     8  libspace.o(.text)
    __user_perproc_libspace                  0x1a001bfd   Thumb Code     0  libspace.o(.text)
    __aeabi_uldivmod                         0x1a001c05   Thumb Code     0  lludivv7m.o(.text)
    _ll_udiv                                 0x1a001c05   Thumb Code   238  lludivv7m.o(.text)
    __2sprintf                               0x1a001cf5   Thumb Code    34  noretval__2sprintf.o(.text)
    __printf                                 0x1a001d1d   Thumb Code   104  __printf.o(.text)
    _printf_int_dec                          0x1a001d85   Thumb Code   104  _printf_dec.o(.text)
    exit                                     0x1a001dfd   Thumb Code    18  exit.o(.text)
    strlen                                   0x1a001e0f   Thumb Code    62  strlen.o(.text)
    __aeabi_memcpy                           0x1a001e4d   Thumb Code     0  rt_memcpy_v6.o(.text)
    __rt_memcpy                              0x1a001e4d   Thumb Code   138  rt_memcpy_v6.o(.text)
    _memcpy_lastbytes                        0x1a001eb3   Thumb Code     0  rt_memcpy_v6.o(.text)
    __aeabi_memclr4                          0x1a001ed7   Thumb Code     0  rt_memclr_w.o(.text)
    __aeabi_memclr8                          0x1a001ed7   Thumb Code     0  rt_memclr_w.o(.text)
    __rt_memclr_w                            0x1a001ed7   Thumb Code    78  rt_memclr_w.o(.text)
    _memset_w                                0x1a001edb   Thumb Code     0  rt_memclr_w.o(.text)
    __use_two_region_memory                  0x1a001f25   Thumb Code     2  heapauxi.o(.text)
    __rt_heap_escrow$2region                 0x1a001f27   Thumb Code     2  heapauxi.o(.text)
    __rt_heap_expand$2region                 0x1a001f29   Thumb Code     2  heapauxi.o(.text)
    _printf_int_common                       0x1a001f2b   Thumb Code   178  _printf_intcommon.o(.text)
    _printf_char_common                      0x1a001fe7   Thumb Code    32  _printf_char_common.o(.text)
    _sputc                                   0x1a00200d   Thumb Code    10  _sputc.o(.text)
    __aeabi_memcpy4                          0x1a002017   Thumb Code     0  rt_memcpy_w.o(.text)
    __aeabi_memcpy8                          0x1a002017   Thumb Code     0  rt_memcpy_w.o(.text)
    __rt_memcpy_w                            0x1a002017   Thumb Code   100  rt_memcpy_w.o(.text)
    _memcpy_lastbytes_aligned                0x1a00205f   Thumb Code     0  rt_memcpy_w.o(.text)
    _sys_exit                                0x1a00207d   Thumb Code     8  sys_exit.o(.text)
    __user_setup_stackheap                   0x1a002089   Thumb Code    74  sys_stackheap_outer.o(.text)
    __I$use$semihosting                      0x1a0020d3   Thumb Code     0  use_no_semi.o(.text)
    __use_no_semihosting_swi                 0x1a0020d3   Thumb Code     2  use_no_semi.o(.text)
    SVC_Count                                0x1a0020d4   Data           4  svc_table.o(SVC_TABLE)
    __semihosting_library_function           0x1a0020d5   Thumb Code     0  indicate_semi.o(.text)
    SVC_Table                                0x1a0020d8   Data           0  svc_table.o(SVC_TABLE)
    _init_box                                0x1a0020d9   Thumb Code    70  rt_membox.o(i._init_box)
    dbg_init                                 0x1a002121   Thumb Code    34  hal_cm.o(i.dbg_init)
    dbg_task_notify                          0x1a002151   Thumb Code    32  hal_cm.o(i.dbg_task_notify)
    dbg_task_switch                          0x1a002171   Thumb Code    16  hal_cm.o(i.dbg_task_switch)
    isrMessageGet                            0x1a002181   Thumb Code    42  rt_cmsis.o(i.isrMessageGet)
    isrMessagePut                            0x1a0021ab   Thumb Code    44  rt_cmsis.o(i.isrMessagePut)
    isrSignalSet                             0x1a0021d7   Thumb Code    36  rt_cmsis.o(i.isrSignalSet)
    isr_evt_set                              0x1a0021fd   Thumb Code    34  rt_event.o(i.isr_evt_set)
    isr_mbx_receive                          0x1a002225   Thumb Code    86  rt_mailbox.o(i.isr_mbx_receive)
    isr_mbx_send                             0x1a00227b   Thumb Code    14  rt_mailbox.o(i.isr_mbx_send)
    osDelay                                  0x1a002289   Thumb Code    18  rt_cmsis.o(i.osDelay)
    osKernelInitialize                       0x1a0022a1   Thumb Code    30  rt_cmsis.o(i.osKernelInitialize)
    osKernelStart                            0x1a0022c5   Thumb Code    98  rt_cmsis.o(i.osKernelStart)
    osMessageGet                             0x1a002331   Thumb Code    18  rt_cmsis.o(i.osMessageGet)
    osSignalSet                              0x1a002349   Thumb Code    18  rt_cmsis.o(i.osSignalSet)
    osSignalWait                             0x1a002361   Thumb Code    18  rt_cmsis.o(i.osSignalWait)
    osThreadCreate                           0x1a002379   Thumb Code    36  rt_cmsis.o(i.osThreadCreate)
    osThreadExit                             0x1a0023a5   Thumb Code    14  rt_cmsis.o(i.osThreadExit)
    osThreadYield                            0x1a0023bd   Thumb Code    18  rt_cmsis.o(i.osThreadYield)
    osTimerCall                              0x1a0023d5   Thumb Code     8  rt_cmsis.o(i.osTimerCall)
    osTimerThread                            0x1a0023e1   Thumb Code    38  rt_cmsis.o(i.osTimerThread)
    os_tick_init                             0x1a00240d   Thumb Code    32  rt_system.o(i.os_tick_init)
    os_tick_irqack                           0x1a002435   Thumb Code     2  rt_system.o(i.os_tick_irqack)
    rt_alloc_box                             0x1a002437   Thumb Code    26  rt_membox.o(i.rt_alloc_box)
    rt_alloc_mem                             0x1a002451   Thumb Code    62  rt_memory.o(i.rt_alloc_mem)
    rt_block                                 0x1a002491   Thumb Code    48  rt_task.o(i.rt_block)
    rt_chk_robin                             0x1a0024c9   Thumb Code    60  rt_robin.o(i.rt_chk_robin)
    rt_dec_dly                               0x1a002511   Thumb Code   102  rt_list.o(i.rt_dec_dly)
    rt_dispatch                              0x1a002581   Thumb Code    60  rt_task.o(i.rt_dispatch)
    rt_dly_wait                              0x1a0025c5   Thumb Code     6  rt_time.o(i.rt_dly_wait)
    rt_evt_psh                               0x1a0025cd   Thumb Code    76  rt_event.o(i.rt_evt_psh)
    rt_evt_set                               0x1a00261d   Thumb Code    88  rt_event.o(i.rt_evt_set)
    rt_evt_wait                              0x1a002679   Thumb Code    56  rt_event.o(i.rt_evt_wait)
    rt_free_box                              0x1a0026b5   Thumb Code    44  rt_membox.o(i.rt_free_box)
    rt_free_mem                              0x1a0026e1   Thumb Code    40  rt_memory.o(i.rt_free_mem)
    rt_get_first                             0x1a002709   Thumb Code    40  rt_list.o(i.rt_get_first)
    rt_get_same_rdy_prio                     0x1a002731   Thumb Code    26  rt_list.o(i.rt_get_same_rdy_prio)
    rt_init_mem                              0x1a0027a5   Thumb Code    26  rt_memory.o(i.rt_init_mem)
    rt_init_robin                            0x1a0027c1   Thumb Code    14  rt_robin.o(i.rt_init_robin)
    rt_init_stack                            0x1a0027d9   Thumb Code   118  hal_cm.o(i.rt_init_stack)
    rt_mbx_check                             0x1a002859   Thumb Code     8  rt_mailbox.o(i.rt_mbx_check)
    rt_mbx_init                              0x1a002861   Thumb Code    26  rt_mailbox.o(i.rt_mbx_init)
    rt_mbx_psh                               0x1a00287d   Thumb Code   236  rt_mailbox.o(i.rt_mbx_psh)
    rt_mbx_wait                              0x1a00296d   Thumb Code   174  rt_mailbox.o(i.rt_mbx_wait)
    rt_mut_init                              0x1a002a65   Thumb Code    16  rt_mutex.o(i.rt_mut_init)
    rt_mut_release                           0x1a002a75   Thumb Code   208  rt_mutex.o(i.rt_mut_release)
    rt_mut_wait                              0x1a002b4d   Thumb Code   114  rt_mutex.o(i.rt_mut_wait)
    rt_pop_req                               0x1a002bc5   Thumb Code   112  rt_system.o(i.rt_pop_req)
    rt_psh_req                               0x1a002c41   Thumb Code    22  rt_system.o(i.rt_psh_req)
    rt_psq_enq                               0x1a002c61   Thumb Code    88  rt_list.o(i.rt_psq_enq)
    rt_put_dly                               0x1a002cbd   Thumb Code    68  rt_list.o(i.rt_put_dly)
    rt_put_prio                              0x1a002d05   Thumb Code    54  rt_list.o(i.rt_put_prio)
    rt_put_rdy_first                         0x1a002d3d   Thumb Code    14  rt_list.o(i.rt_put_rdy_first)
    rt_resort_prio                           0x1a002d51   Thumb Code    46  rt_list.o(i.rt_resort_prio)
    rt_ret_val                               0x1a002d85   Thumb Code     6  hal_cm.o(i.rt_ret_val)
    rt_ret_val2                              0x1a002d8b   Thumb Code     8  hal_cm.o(i.rt_ret_val2)
    rt_rmv_dly                               0x1a002d93   Thumb Code    40  rt_list.o(i.rt_rmv_dly)
    rt_rmv_list                              0x1a002dbd   Thumb Code    44  rt_list.o(i.rt_rmv_list)
    rt_sem_psh                               0x1a002ded   Thumb Code    48  rt_semaphore.o(i.rt_sem_psh)
    rt_stk_check                             0x1a002e21   Thumb Code    28  rt_system.o(i.rt_stk_check)
    rt_switch_req                            0x1a002e45   Thumb Code    30  rt_task.o(i.rt_switch_req)
    rt_sys_init                              0x1a002e6d   Thumb Code   138  rt_task.o(i.rt_sys_init)
    rt_sys_start                             0x1a002f39   Thumb Code   110  rt_task.o(i.rt_sys_start)
    rt_systick                               0x1a002fb1   Thumb Code    50  rt_system.o(i.rt_systick)
    rt_tsk_create                            0x1a003039   Thumb Code   118  rt_task.o(i.rt_tsk_create)
    rt_tsk_delete                            0x1a0030c1   Thumb Code   352  rt_task.o(i.rt_tsk_delete)
    rt_tsk_pass                              0x1a00323d   Thumb Code    38  rt_task.o(i.rt_tsk_pass)
    rt_tsk_prio                              0x1a00326d   Thumb Code   108  rt_task.o(i.rt_tsk_prio)
    rt_tsk_self                              0x1a0032e9   Thumb Code    12  rt_task.o(i.rt_tsk_self)
    svcDelay                                 0x1a0032f9   Thumb Code    18  rt_cmsis.o(i.svcDelay)
    svcKernelInitialize                      0x1a00330d   Thumb Code    80  rt_cmsis.o(i.svcKernelInitialize)
    svcKernelStart                           0x1a00337d   Thumb Code    62  rt_cmsis.o(i.svcKernelStart)
    svcMessageCreate                         0x1a0033c5   Thumb Code    36  rt_cmsis.o(i.svcMessageCreate)
    svcMessageGet                            0x1a0033e9   Thumb Code    58  rt_cmsis.o(i.svcMessageGet)
    svcSignalSet                             0x1a003423   Thumb Code    36  rt_cmsis.o(i.svcSignalSet)
    svcSignalWait                            0x1a003449   Thumb Code    80  rt_cmsis.o(i.svcSignalWait)
    svcThreadCreate                          0x1a00349d   Thumb Code    96  rt_cmsis.o(i.svcThreadCreate)
    svcThreadGetId                           0x1a003509   Thumb Code    22  rt_cmsis.o(i.svcThreadGetId)
    svcThreadTerminate                       0x1a003525   Thumb Code    50  rt_cmsis.o(i.svcThreadTerminate)
    svcThreadYield                           0x1a00355d   Thumb Code    10  rt_cmsis.o(i.svcThreadYield)
    svcTimerCall                             0x1a003567   Thumb Code    24  rt_cmsis.o(i.svcTimerCall)
    sysTimerTick                             0x1a003581   Thumb Code    84  rt_cmsis.o(i.sysTimerTick)
    os_thread_def_Thread_LED                 0x1a0035dc   Data          16  blinky.o(.constdata)
    os_thread_def_Thread_01                  0x1a0035ec   Data          16  blinky.o(.constdata)
    os_thread_def_Thread_02                  0x1a0035fc   Data          16  blinky.o(.constdata)
    os_thread_def_Thread_03                  0x1a00360c   Data          16  blinky.o(.constdata)
    os_thread_def_Thread_04                  0x1a00361c   Data          16  blinky.o(.constdata)
    os_thread_def_Thread_05                  0x1a00362c   Data          16  blinky.o(.constdata)
    os_thread_def_Thread_06                  0x1a00363c   Data          16  blinky.o(.constdata)
    os_thread_def_Thread_Status              0x1a00364c   Data          16  blinky.o(.constdata)
    LED_GPIO                                 0x1a00365c   Data          16  led_mcb1800.o(.constdata)
    LED_PIN                                  0x1a00366c   Data          64  led_mcb1800.o(.constdata)
    os_maxtaskrun                            0x1a0036ac   Data           2  rtx_conf_cm.o(.constdata)
    os_stackinfo                             0x1a0036b0   Data           4  rtx_conf_cm.o(.constdata)
    os_rrobin                                0x1a0036b4   Data           4  rtx_conf_cm.o(.constdata)
    os_tickfreq                              0x1a0036b8   Data           4  rtx_conf_cm.o(.constdata)
    os_tickus_i                              0x1a0036bc   Data           2  rtx_conf_cm.o(.constdata)
    os_tickus_f                              0x1a0036be   Data           2  rtx_conf_cm.o(.constdata)
    os_trv                                   0x1a0036c0   Data           4  rtx_conf_cm.o(.constdata)
    os_flags                                 0x1a0036c4   Data           1  rtx_conf_cm.o(.constdata)
    CMSIS_RTOS_API_Version                   0x1a0036c8   Data           4  rtx_conf_cm.o(.constdata)
    CMSIS_RTOS_RTX_Version                   0x1a0036cc   Data           4  rtx_conf_cm.o(.constdata)
    os_clockrate                             0x1a0036d0   Data           4  rtx_conf_cm.o(.constdata)
    os_timernum                              0x1a0036d4   Data           4  rtx_conf_cm.o(.constdata)
    mp_tcb_size                              0x1a0036d8   Data           2  rtx_conf_cm.o(.constdata)
    mp_stk_size                              0x1a0036dc   Data           4  rtx_conf_cm.o(.constdata)
    os_stack_sz                              0x1a0036e0   Data           4  rtx_conf_cm.o(.constdata)
    os_fifo_size                             0x1a0036e4   Data           1  rtx_conf_cm.o(.constdata)
    os_thread_def_osTimerThread              0x1a0036e8   Data          16  rtx_conf_cm.o(.constdata)
    os_messageQ_def_osTimerMessageQ          0x1a0036f8   Data           8  rtx_conf_cm.o(.constdata)
    mp_tmr_size                              0x1a003700   Data           2  rtx_conf_cm.o(.constdata)
    os_thread_def_main                       0x1a003704   Data          16  rtx_conf_cm.o(.constdata)
    EventRecorderInfo                        0x1a003714   Data          24  eventrecorder.o(.constdata)
    emcdivby2_opc                            0x1a00372c   Data          20  system_lpc18xx.o(.constdata)
    Region$$Table$$Base                      0x1a003740   Number         0  anon$$obj.o(Region$$Table)
    Region$$Table$$Limit                     0x1a003760   Number         0  anon$$obj.o(Region$$Table)



==============================================================================

Memory Map of the image

  Image Entry point : 0x1a000301

  Load Region LR_IROM1 (Base: 0x1a000000, Size: 0x000037c4, Max: 0x00080000, ABSOLUTE)

    Execution Region RW_IRAM1 (Base: 0x10000000, Size: 0x000076a0, Max: 0x00008000, ABSOLUTE)

    Base Addr    Size         Type   Attr      Idx    E Section Name        Object

    0x10000000   0x00000024   Data   RW            6    .data               blinky.o
    0x10000024   0x00000014   Data   RW          100    .data               rtx_conf_cm.o
    0x10000038   0x00000004   Data   RW          227    .data               system_lpc18xx.o
    0x1000003c   0x00000008   Data   RW          351    .data               RTX_CM3.lib(rt_cmsis.o)
    0x10000044   0x00000008   Data   RW          888    .data               RTX_CM3.lib(rt_task.o)
    0x1000004c   0x00000008   Data   RW         1007    .data               RTX_CM3.lib(rt_system.o)
    0x10000054   0x00000004   Data   RW         1297    .data               RTX_CM3.lib(rt_time.o)
    0x10000058   0x00000008   Data   RW         1328    .data               RTX_CM3.lib(rt_robin.o)
    0x10000060   0x00000001   Data   RW         1407    .data               RTX_CM3.lib(hal_cm.o)
    0x10000061   0x00000007   PAD
    0x10000068   0x00006f70   Zero   RW           98    .bss                rtx_conf_cm.o
    0x10006fd8   0x00000034   Zero   RW          887    .bss                RTX_CM3.lib(rt_task.o)
    0x1000700c   0x00000030   Zero   RW         1137    .bss                RTX_CM3.lib(rt_list.o)
    0x1000703c   0x00000060   Zero   RW         1465    .bss                c_w.l(libspace.o)
    0x1000709c   0x00000004   PAD
    0x100070a0   0x00000200   Zero   RW          216    HEAP                startup_lpc18xx.o
    0x100072a0   0x00000400   Zero   RW          215    STACK               startup_lpc18xx.o


    Execution Region ER_IROM1 (Base: 0x1a000000, Size: 0x00003760, Max: 0x00080000, ABSOLUTE)

    Base Addr    Size         Type   Attr      Idx    E Section Name        Object

    0x1a000000   0x00000300   Data   RO          217    RESET               startup_lpc18xx.o
    0x1a000300   0x00000008   Code   RO         1509  * !!!main             c_w.l(__main.o)
    0x1a000308   0x00000034   Code   RO         1681    !!!scatter          c_w.l(__scatter.o)
    0x1a00033c   0x0000001a   Code   RO         1683    !!handler_copy      c_w.l(__scatter_copy.o)
    0x1a000356   0x00000002   PAD
    0x1a000358   0x0000001c   Code   RO         1685    !!handler_zi        c_w.l(__scatter_zi.o)
    0x1a000374   0x00000000   Code   RO         1498    .ARM.Collect$$_printf_percent$$00000000  c_w.l(_printf_percent.o)
    0x1a000374   0x00000006   Code   RO         1497    .ARM.Collect$$_printf_percent$$00000009  c_w.l(_printf_d.o)
    0x1a00037a   0x00000004   Code   RO         1524    .ARM.Collect$$_printf_percent$$00000017  c_w.l(_printf_percent_end.o)
    0x1a00037e   0x00000002   Code   RO         1567    .ARM.Collect$$libinit$$00000000  c_w.l(libinit.o)
    0x1a000380   0x00000000   Code   RO         1579    .ARM.Collect$$libinit$$00000002  c_w.l(libinit2.o)
    0x1a000380   0x00000000   Code   RO         1581    .ARM.Collect$$libinit$$00000004  c_w.l(libinit2.o)
    0x1a000380   0x00000000   Code   RO         1584    .ARM.Collect$$libinit$$0000000A  c_w.l(libinit2.o)
    0x1a000380   0x00000000   Code   RO         1586    .ARM.Collect$$libinit$$0000000C  c_w.l(libinit2.o)
    0x1a000380   0x00000000   Code   RO         1588    .ARM.Collect$$libinit$$0000000E  c_w.l(libinit2.o)
    0x1a000380   0x00000000   Code   RO         1591    .ARM.Collect$$libinit$$00000011  c_w.l(libinit2.o)
    0x1a000380   0x00000000   Code   RO         1593    .ARM.Collect$$libinit$$00000013  c_w.l(libinit2.o)
    0x1a000380   0x00000000   Code   RO         1595    .ARM.Collect$$libinit$$00000015  c_w.l(libinit2.o)
    0x1a000380   0x00000000   Code   RO         1597    .ARM.Collect$$libinit$$00000017  c_w.l(libinit2.o)
    0x1a000380   0x00000000   Code   RO         1599    .ARM.Collect$$libinit$$00000019  c_w.l(libinit2.o)
    0x1a000380   0x00000000   Code   RO         1601    .ARM.Collect$$libinit$$0000001B  c_w.l(libinit2.o)
    0x1a000380   0x00000000   Code   RO         1603    .ARM.Collect$$libinit$$0000001D  c_w.l(libinit2.o)
    0x1a000380   0x00000000   Code   RO         1605    .ARM.Collect$$libinit$$0000001F  c_w.l(libinit2.o)
    0x1a000380   0x00000000   Code   RO         1607    .ARM.Collect$$libinit$$00000021  c_w.l(libinit2.o)
    0x1a000380   0x00000000   Code   RO         1609    .ARM.Collect$$libinit$$00000023  c_w.l(libinit2.o)
    0x1a000380   0x00000000   Code   RO         1611    .ARM.Collect$$libinit$$00000025  c_w.l(libinit2.o)
    0x1a000380   0x00000000   Code   RO         1615    .ARM.Collect$$libinit$$0000002C  c_w.l(libinit2.o)
    0x1a000380   0x00000000   Code   RO         1617    .ARM.Collect$$libinit$$0000002E  c_w.l(libinit2.o)
    0x1a000380   0x00000000   Code   RO         1619    .ARM.Collect$$libinit$$00000030  c_w.l(libinit2.o)
    0x1a000380   0x00000000   Code   RO         1621    .ARM.Collect$$libinit$$00000032  c_w.l(libinit2.o)
    0x1a000380   0x00000002   Code   RO         1622    .ARM.Collect$$libinit$$00000033  c_w.l(libinit2.o)
    0x1a000382   0x00000002   Code   RO         1568    .ARM.Collect$$libshutdown$$00000000  c_w.l(libshutdown.o)
    0x1a000384   0x00000000   Code   RO         1624    .ARM.Collect$$libshutdown$$00000002  c_w.l(libshutdown2.o)
    0x1a000384   0x00000000   Code   RO         1626    .ARM.Collect$$libshutdown$$00000004  c_w.l(libshutdown2.o)
    0x1a000384   0x00000000   Code   RO         1629    .ARM.Collect$$libshutdown$$00000007  c_w.l(libshutdown2.o)
    0x1a000384   0x00000000   Code   RO         1632    .ARM.Collect$$libshutdown$$0000000A  c_w.l(libshutdown2.o)
    0x1a000384   0x00000000   Code   RO         1634    .ARM.Collect$$libshutdown$$0000000C  c_w.l(libshutdown2.o)
    0x1a000384   0x00000000   Code   RO         1637    .ARM.Collect$$libshutdown$$0000000F  c_w.l(libshutdown2.o)
    0x1a000384   0x00000002   Code   RO         1638    .ARM.Collect$$libshutdown$$00000010  c_w.l(libshutdown2.o)
    0x1a000386   0x00000000   Code   RO         1511    .ARM.Collect$$rtentry$$00000000  c_w.l(__rtentry.o)
    0x1a000386   0x00000000   Code   RO         1528    .ARM.Collect$$rtentry$$00000002  c_w.l(__rtentry2.o)
    0x1a000386   0x00000006   Code   RO         1540    .ARM.Collect$$rtentry$$00000004  c_w.l(__rtentry4.o)
    0x1a00038c   0x00000000   Code   RO         1530    .ARM.Collect$$rtentry$$00000009  c_w.l(__rtentry2.o)
    0x1a00038c   0x00000004   Code   RO         1531    .ARM.Collect$$rtentry$$0000000A  c_w.l(__rtentry2.o)
    0x1a000390   0x00000008   Code   RO         1532    .ARM.Collect$$rtentry$$0000000B  c_w.l(__rtentry2.o)
    0x1a000398   0x00000008   Code   RO         1534    .ARM.Collect$$rtentry$$0000000D  c_w.l(__rtentry2.o)
    0x1a0003a0   0x00000002   Code   RO         1512    .ARM.Collect$$rtexit$$00000000  c_w.l(rtexit.o)
    0x1a0003a2   0x00000000   Code   RO         1543    .ARM.Collect$$rtexit$$00000002  c_w.l(rtexit2.o)
    0x1a0003a2   0x00000004   Code   RO         1544    .ARM.Collect$$rtexit$$00000003  c_w.l(rtexit2.o)
    0x1a0003a6   0x00000006   Code   RO         1545    .ARM.Collect$$rtexit$$00000004  c_w.l(rtexit2.o)
    0x1a0003ac   0x0000001c   Code   RO           96    .emb_text           rtx_conf_cm.o
    0x1a0003c8   0x00000130   Code   RO         1449    .emb_text           RTX_CM3.lib(hal_cm3.o)
    0x1a0004f8   0x00000394   Code   RO            4    .text               blinky.o
    0x1a00088c   0x000000e8   Code   RO           75    .text               led_mcb1800.o
    0x1a000974   0x000000ac   Code   RO           97    .text               rtx_conf_cm.o
    0x1a000a20   0x000005f8   Code   RO          127    .text               eventrecorder.o
    0x1a001018   0x000000d0   Code   RO          167    .text               gpio_lpc18xx.o
    0x1a0010e8   0x0000016c   Code   RO          194    .text               scu_lpc18xx.o
    0x1a001254   0x00000040   Code   RO          218    .text               startup_lpc18xx.o
    0x1a001294   0x00000968   Code   RO          225    .text               system_lpc18xx.o
    0x1a001bfc   0x00000008   Code   RO         1464    .text               c_w.l(libspace.o)
    0x1a001c04   0x000000ee   Code   RO         1467    .text               c_w.l(lludivv7m.o)
    0x1a001cf2   0x00000002   PAD
    0x1a001cf4   0x00000028   Code   RO         1471    .text               c_w.l(noretval__2sprintf.o)
    0x1a001d1c   0x00000068   Code   RO         1473    .text               c_w.l(__printf.o)
    0x1a001d84   0x00000078   Code   RO         1475    .text               c_w.l(_printf_dec.o)
    0x1a001dfc   0x00000012   Code   RO         1499    .text               c_w.l(exit.o)
    0x1a001e0e   0x0000003e   Code   RO         1501    .text               c_w.l(strlen.o)
    0x1a001e4c   0x0000008a   Code   RO         1503    .text               c_w.l(rt_memcpy_v6.o)
    0x1a001ed6   0x0000004e   Code   RO         1505    .text               c_w.l(rt_memclr_w.o)
    0x1a001f24   0x00000006   Code   RO         1507    .text               c_w.l(heapauxi.o)
    0x1a001f2a   0x000000b2   Code   RO         1518    .text               c_w.l(_printf_intcommon.o)
    0x1a001fdc   0x00000030   Code   RO         1520    .text               c_w.l(_printf_char_common.o)
    0x1a00200c   0x0000000a   Code   RO         1522    .text               c_w.l(_sputc.o)
    0x1a002016   0x00000064   Code   RO         1525    .text               c_w.l(rt_memcpy_w.o)
    0x1a00207a   0x00000002   PAD
    0x1a00207c   0x0000000c   Code   RO         1553    .text               c_w.l(sys_exit.o)
    0x1a002088   0x0000004a   Code   RO         1555    .text               c_w.l(sys_stackheap_outer.o)
    0x1a0020d2   0x00000002   Code   RO         1569    .text               c_w.l(use_no_semi.o)
    0x1a0020d4   0x00000000   Code   RO         1571    .text               c_w.l(indicate_semi.o)
    0x1a0020d4   0x00000004   Code   RO         1459    SVC_TABLE           RTX_CM3.lib(svc_table.o)
    0x1a0020d8   0x00000046   Code   RO         1348    i._init_box         RTX_CM3.lib(rt_membox.o)
    0x1a00211e   0x00000002   PAD
    0x1a002120   0x00000030   Code   RO         1401    i.dbg_init          RTX_CM3.lib(hal_cm.o)
    0x1a002150   0x00000020   Code   RO         1402    i.dbg_task_notify   RTX_CM3.lib(hal_cm.o)
    0x1a002170   0x00000010   Code   RO         1403    i.dbg_task_switch   RTX_CM3.lib(hal_cm.o)
    0x1a002180   0x0000002a   Code   RO          257    i.isrMessageGet     RTX_CM3.lib(rt_cmsis.o)
    0x1a0021aa   0x0000002c   Code   RO          258    i.isrMessagePut     RTX_CM3.lib(rt_cmsis.o)
    0x1a0021d6   0x00000024   Code   RO          260    i.isrSignalSet      RTX_CM3.lib(rt_cmsis.o)
    0x1a0021fa   0x00000002   PAD
    0x1a0021fc   0x00000028   Code   RO         1085    i.isr_evt_set       RTX_CM3.lib(rt_event.o)
    0x1a002224   0x00000056   Code   RO         1203    i.isr_mbx_receive   RTX_CM3.lib(rt_mailbox.o)
    0x1a00227a   0x0000000e   Code   RO         1204    i.isr_mbx_send      RTX_CM3.lib(rt_mailbox.o)
    0x1a002288   0x00000018   Code   RO          261    i.osDelay           RTX_CM3.lib(rt_cmsis.o)
    0x1a0022a0   0x00000024   Code   RO          262    i.osKernelInitialize  RTX_CM3.lib(rt_cmsis.o)
    0x1a0022c4   0x0000006c   Code   RO          264    i.osKernelStart     RTX_CM3.lib(rt_cmsis.o)
    0x1a002330   0x00000018   Code   RO          273    i.osMessageGet      RTX_CM3.lib(rt_cmsis.o)
    0x1a002348   0x00000018   Code   RO          288    i.osSignalSet       RTX_CM3.lib(rt_cmsis.o)
    0x1a002360   0x00000018   Code   RO          289    i.osSignalWait      RTX_CM3.lib(rt_cmsis.o)
    0x1a002378   0x0000002c   Code   RO          290    i.osThreadCreate    RTX_CM3.lib(rt_cmsis.o)
    0x1a0023a4   0x00000018   Code   RO          291    i.osThreadExit      RTX_CM3.lib(rt_cmsis.o)
    0x1a0023bc   0x00000018   Code   RO          296    i.osThreadYield     RTX_CM3.lib(rt_cmsis.o)
    0x1a0023d4   0x0000000c   Code   RO          297    i.osTimerCall       RTX_CM3.lib(rt_cmsis.o)
    0x1a0023e0   0x0000002c   Code   RO          302    i.osTimerThread     RTX_CM3.lib(rt_cmsis.o)
    0x1a00240c   0x00000028   Code   RO          995    i.os_tick_init      RTX_CM3.lib(rt_system.o)
    0x1a002434   0x00000002   Code   RO          996    i.os_tick_irqack    RTX_CM3.lib(rt_system.o)
    0x1a002436   0x0000001a   Code   RO         1349    i.rt_alloc_box      RTX_CM3.lib(rt_membox.o)
    0x1a002450   0x0000003e   Code   RO         1377    i.rt_alloc_mem      RTX_CM3.lib(rt_memory.o)
    0x1a00248e   0x00000002   PAD
    0x1a002490   0x00000038   Code   RO          876    i.rt_block          RTX_CM3.lib(rt_task.o)
    0x1a0024c8   0x00000048   Code   RO         1326    i.rt_chk_robin      RTX_CM3.lib(rt_robin.o)
    0x1a002510   0x00000070   Code   RO         1127    i.rt_dec_dly        RTX_CM3.lib(rt_list.o)
    0x1a002580   0x00000044   Code   RO          877    i.rt_dispatch       RTX_CM3.lib(rt_task.o)
    0x1a0025c4   0x00000006   Code   RO         1293    i.rt_dly_wait       RTX_CM3.lib(rt_time.o)
    0x1a0025ca   0x00000002   PAD
    0x1a0025cc   0x00000050   Code   RO         1088    i.rt_evt_psh        RTX_CM3.lib(rt_event.o)
    0x1a00261c   0x0000005c   Code   RO         1089    i.rt_evt_set        RTX_CM3.lib(rt_event.o)
    0x1a002678   0x0000003c   Code   RO         1090    i.rt_evt_wait       RTX_CM3.lib(rt_event.o)
    0x1a0026b4   0x0000002c   Code   RO         1350    i.rt_free_box       RTX_CM3.lib(rt_membox.o)
    0x1a0026e0   0x00000028   Code   RO         1378    i.rt_free_mem       RTX_CM3.lib(rt_memory.o)
    0x1a002708   0x00000028   Code   RO         1128    i.rt_get_first      RTX_CM3.lib(rt_list.o)
    0x1a002730   0x00000024   Code   RO         1129    i.rt_get_same_rdy_prio  RTX_CM3.lib(rt_list.o)
    0x1a002754   0x00000008   Code   RO          307    i.rt_id2obj         RTX_CM3.lib(rt_cmsis.o)
    0x1a00275c   0x00000048   Code   RO          878    i.rt_init_context   RTX_CM3.lib(rt_task.o)
    0x1a0027a4   0x0000001a   Code   RO         1379    i.rt_init_mem       RTX_CM3.lib(rt_memory.o)
    0x1a0027be   0x00000002   PAD
    0x1a0027c0   0x00000018   Code   RO         1327    i.rt_init_robin     RTX_CM3.lib(rt_robin.o)
    0x1a0027d8   0x00000080   Code   RO         1404    i.rt_init_stack     RTX_CM3.lib(hal_cm.o)
    0x1a002858   0x00000008   Code   RO         1205    i.rt_mbx_check      RTX_CM3.lib(rt_mailbox.o)
    0x1a002860   0x0000001a   Code   RO         1206    i.rt_mbx_init       RTX_CM3.lib(rt_mailbox.o)
    0x1a00287a   0x00000002   PAD
    0x1a00287c   0x000000f0   Code   RO         1207    i.rt_mbx_psh        RTX_CM3.lib(rt_mailbox.o)
    0x1a00296c   0x000000b4   Code   RO         1209    i.rt_mbx_wait       RTX_CM3.lib(rt_mailbox.o)
    0x1a002a20   0x00000044   Code   RO          308    i.rt_ms2tick        RTX_CM3.lib(rt_cmsis.o)
    0x1a002a64   0x00000010   Code   RO          961    i.rt_mut_init       RTX_CM3.lib(rt_mutex.o)
    0x1a002a74   0x000000d8   Code   RO          962    i.rt_mut_release    RTX_CM3.lib(rt_mutex.o)
    0x1a002b4c   0x00000078   Code   RO          963    i.rt_mut_wait       RTX_CM3.lib(rt_mutex.o)
    0x1a002bc4   0x0000007c   Code   RO          999    i.rt_pop_req        RTX_CM3.lib(rt_system.o)
    0x1a002c40   0x00000020   Code   RO         1000    i.rt_psh_req        RTX_CM3.lib(rt_system.o)
    0x1a002c60   0x0000005c   Code   RO         1130    i.rt_psq_enq        RTX_CM3.lib(rt_list.o)
    0x1a002cbc   0x00000048   Code   RO         1131    i.rt_put_dly        RTX_CM3.lib(rt_list.o)
    0x1a002d04   0x00000036   Code   RO         1132    i.rt_put_prio       RTX_CM3.lib(rt_list.o)
    0x1a002d3a   0x00000002   PAD
    0x1a002d3c   0x00000014   Code   RO         1133    i.rt_put_rdy_first  RTX_CM3.lib(rt_list.o)
    0x1a002d50   0x00000034   Code   RO         1134    i.rt_resort_prio    RTX_CM3.lib(rt_list.o)
    0x1a002d84   0x00000006   Code   RO         1405    i.rt_ret_val        RTX_CM3.lib(hal_cm.o)
    0x1a002d8a   0x00000008   Code   RO         1406    i.rt_ret_val2       RTX_CM3.lib(hal_cm.o)
    0x1a002d92   0x00000028   Code   RO         1135    i.rt_rmv_dly        RTX_CM3.lib(rt_list.o)
    0x1a002dba   0x00000002   PAD
    0x1a002dbc   0x00000030   Code   RO         1136    i.rt_rmv_list       RTX_CM3.lib(rt_list.o)
    0x1a002dec   0x00000034   Code   RO         1254    i.rt_sem_psh        RTX_CM3.lib(rt_semaphore.o)
    0x1a002e20   0x00000024   Code   RO         1002    i.rt_stk_check      RTX_CM3.lib(rt_system.o)
    0x1a002e44   0x00000028   Code   RO          879    i.rt_switch_req     RTX_CM3.lib(rt_task.o)
    0x1a002e6c   0x000000cc   Code   RO          880    i.rt_sys_init       RTX_CM3.lib(rt_task.o)
    0x1a002f38   0x00000078   Code   RO          881    i.rt_sys_start      RTX_CM3.lib(rt_task.o)
    0x1a002fb0   0x00000040   Code   RO         1004    i.rt_systick        RTX_CM3.lib(rt_system.o)
    0x1a002ff0   0x00000012   Code   RO          309    i.rt_tid2ptcb       RTX_CM3.lib(rt_cmsis.o)
    0x1a003002   0x00000002   PAD
    0x1a003004   0x00000034   Code   RO          310    i.rt_timer_insert   RTX_CM3.lib(rt_cmsis.o)
    0x1a003038   0x00000088   Code   RO          882    i.rt_tsk_create     RTX_CM3.lib(rt_task.o)
    0x1a0030c0   0x0000017c   Code   RO          883    i.rt_tsk_delete     RTX_CM3.lib(rt_task.o)
    0x1a00323c   0x00000030   Code   RO          884    i.rt_tsk_pass       RTX_CM3.lib(rt_task.o)
    0x1a00326c   0x0000007c   Code   RO          885    i.rt_tsk_prio       RTX_CM3.lib(rt_task.o)
    0x1a0032e8   0x00000010   Code   RO          886    i.rt_tsk_self       RTX_CM3.lib(rt_task.o)
    0x1a0032f8   0x00000012   Code   RO          312    i.svcDelay          RTX_CM3.lib(rt_cmsis.o)
    0x1a00330a   0x00000002   PAD
    0x1a00330c   0x00000070   Code   RO          313    i.svcKernelInitialize  RTX_CM3.lib(rt_cmsis.o)
    0x1a00337c   0x00000048   Code   RO          315    i.svcKernelStart    RTX_CM3.lib(rt_cmsis.o)
    0x1a0033c4   0x00000024   Code   RO          318    i.svcMessageCreate  RTX_CM3.lib(rt_cmsis.o)
    0x1a0033e8   0x0000003a   Code   RO          319    i.svcMessageGet     RTX_CM3.lib(rt_cmsis.o)
    0x1a003422   0x00000024   Code   RO          331    i.svcSignalSet      RTX_CM3.lib(rt_cmsis.o)
    0x1a003446   0x00000002   PAD
    0x1a003448   0x00000054   Code   RO          332    i.svcSignalWait     RTX_CM3.lib(rt_cmsis.o)
    0x1a00349c   0x0000006c   Code   RO          333    i.svcThreadCreate   RTX_CM3.lib(rt_cmsis.o)
    0x1a003508   0x0000001c   Code   RO          334    i.svcThreadGetId    RTX_CM3.lib(rt_cmsis.o)
    0x1a003524   0x00000038   Code   RO          337    i.svcThreadTerminate  RTX_CM3.lib(rt_cmsis.o)
    0x1a00355c   0x0000000a   Code   RO          338    i.svcThreadYield    RTX_CM3.lib(rt_cmsis.o)
    0x1a003566   0x00000018   Code   RO          339    i.svcTimerCall      RTX_CM3.lib(rt_cmsis.o)
    0x1a00357e   0x00000002   PAD
    0x1a003580   0x0000005c   Code   RO          348    i.sysTimerTick      RTX_CM3.lib(rt_cmsis.o)
    0x1a0035dc   0x00000080   Data   RO            5    .constdata          blinky.o
    0x1a00365c   0x00000050   Data   RO           76    .constdata          led_mcb1800.o
    0x1a0036ac   0x00000068   Data   RO           99    .constdata          rtx_conf_cm.o
    0x1a003714   0x00000018   Data   RO          128    .constdata          eventrecorder.o
    0x1a00372c   0x00000014   Data   RO          226    .constdata          system_lpc18xx.o
    0x1a003740   0x00000020   Data   RO         1679    Region$$Table       anon$$obj.o


    Execution Region RW_RAM1 (Base: 0x20005000, Size: 0x000004a4, Max: 0x00005000, ABSOLUTE, UNINIT)

    Base Addr    Size         Type   Attr      Idx    E Section Name        Object

    0x20005000   0x000004a4   Zero   RW          129    .noinit             eventrecorder.o


==============================================================================

Image component sizes


      Code (inc. data)   RO Data    RW Data    ZI Data      Debug   Object Name

       916         98        128         36          0      14387   blinky.o
      1528         40         24          0       1188      14259   eventrecorder.o
       208         16          0          0          0       1809   gpio_lpc18xx.o
       232          8         80          0          0       5456   led_mcb1800.o
       200         36        104         20      28528       9021   rtx_conf_cm.o
       364         14          0          0          0       2505   scu_lpc18xx.o
        64         26        768          0       1536        808   startup_lpc18xx.o
      2408        196         20          4          0       6328   system_lpc18xx.o

    ----------------------------------------------------------------------
      5920        434       1156         60      31252      54573   Object Totals
         0          0         32          0          0          0   (incl. Generated)
         0          0          0          0          0          0   (incl. Padding)

    ----------------------------------------------------------------------

      Code (inc. data)   RO Data    RW Data    ZI Data      Debug   Library Member Name

       238         24          0          1          0       3312   hal_cm.o
       304         36          0          0          0        768   hal_cm3.o
      1390        166          0          8          0      37219   rt_cmsis.o
       272         18          0          0          0       2650   rt_event.o
       566         44          0          0         48       8792   rt_list.o
       554         10          0          0          0       3949   rt_mailbox.o
       140          0          0          0          0       1925   rt_membox.o
       128          0          0          0          0       2307   rt_memory.o
       352         14          0          0          0       2105   rt_mutex.o
        96         22          0          8          0       1158   rt_robin.o
        52          4          0          0          0        573   rt_semaphore.o
       298         52          0          8          0       6223   rt_system.o
      1264        184          0          8         52      10147   rt_task.o
         6          0          0          4          0        652   rt_time.o
         4          4          0          0          0        208   svc_table.o
         8          0          0          0          0         68   __main.o
       104          0          0          0          0         84   __printf.o
         0          0          0          0          0          0   __rtentry.o
        20          0          0          0          0          0   __rtentry2.o
         6          0          0          0          0          0   __rtentry4.o
        52          8          0          0          0          0   __scatter.o
        26          0          0          0          0          0   __scatter_copy.o
        28          0          0          0          0          0   __scatter_zi.o
        48          6          0          0          0         96   _printf_char_common.o
         6          0          0          0          0          0   _printf_d.o
       120         16          0          0          0         92   _printf_dec.o
       178          0          0          0          0         88   _printf_intcommon.o
         0          0          0          0          0          0   _printf_percent.o
         4          0          0          0          0          0   _printf_percent_end.o
        10          0          0          0          0         68   _sputc.o
        18          0          0          0          0         80   exit.o
         6          0          0          0          0        152   heapauxi.o
         0          0          0          0          0          0   indicate_semi.o
         2          0          0          0          0          0   libinit.o
         2          0          0          0          0          0   libinit2.o
         2          0          0          0          0          0   libshutdown.o
         2          0          0          0          0          0   libshutdown2.o
         8          4          0          0         96         68   libspace.o
       238          0          0          0          0        100   lludivv7m.o
        40          6          0          0          0         84   noretval__2sprintf.o
        78          0          0          0          0         80   rt_memclr_w.o
       138          0          0          0          0         68   rt_memcpy_v6.o
       100          0          0          0          0         80   rt_memcpy_w.o
         2          0          0          0          0          0   rtexit.o
        10          0          0          0          0          0   rtexit2.o
        62          0          0          0          0         76   strlen.o
        12          4          0          0          0         68   sys_exit.o
        74          0          0          0          0         80   sys_stackheap_outer.o
         2          0          0          0          0         68   use_no_semi.o

    ----------------------------------------------------------------------
      7100        622          0         40        204      83488   Library Totals
        30          0          0          3          8          0   (incl. Padding)

    ----------------------------------------------------------------------

      Code (inc. data)   RO Data    RW Data    ZI Data      Debug   Library Name

      5664        578          0         37        100      81988   RTX_CM3.lib
      1406         44          0          0         96       1500   c_w.l

    ----------------------------------------------------------------------
      7100        622          0         40        204      83488   Library Totals

    ----------------------------------------------------------------------

==============================================================================


      Code (inc. data)   RO Data    RW Data    ZI Data      Debug   

     13020       1056       1156        100      31456     132441   Grand Totals
     13020       1056       1156        100      31456     132441   ELF Image Totals
     13020       1056       1156        100          0          0   ROM Totals

==============================================================================

    Total RO  Size (Code + RO Data)                14176 (  13.84kB)
    Total RW  Size (RW Data + ZI Data)             31556 (  30.82kB)
    Total ROM Size (Code + RO Data + RW Data)      14276 (  13.94kB)

==============================================================================

