<html>
<body>
<pre>
<h1>µVision Build Log</h1>
<h2>Tool Versions:</h2>
IDE-Version: µVision V5.23.0.35
Copyright (C) 2017 ARM Ltd and ARM Germany GmbH. All rights reserved.
License Information: bora Win, ARM, LIC=----
 
Tool Versions:
Toolchain:       MDK-Lite  Version: 5.23.0.11
Toolchain Path:  E:\KeilNightlyBuilds\2017_03_27__19_30\ARM\ARMCC\Bin
C Compiler:      Armcc.exe V5.06 update 4 (build 422)
Assembler:       Armasm.exe V5.06 update 4 (build 422)
Linker/Locator:  ArmLink.exe V5.06 update 4 (build 422)
Library Manager: ArmAr.exe V5.06 update 4 (build 422)
Hex Converter:   FromElf.exe V5.06 update 4 (build 422)
CPU DLL:         SARMCM3.DLL V5.23.0.11
Dialog DLL:      DCM.DLL V1.16.0.0
Target DLL:      ULP2CM3.DLL V2.207.14.0
Dialog DLL:      TCM.DLL V1.29.0.0
 
<h2>Project:</h2>
E:\Git\borayildizEDU\Embedded\01_MCB1800_RTOS\RTX_Blinky\Blinky.uvprojx
Project File Date:  04/07/2017

<h2>Output:</h2>
*** Using Compiler 'V5.06 update 4 (build 422)', folder: 'E:\KeilNightlyBuilds\2017_03_27__19_30\ARM\ARMCC\Bin'
Rebuild target 'EventRecorder'
assembling startup_LPC18xx.s...
compiling OOP_Example.cpp...
compiling LED_MCB1800.c...
compiling retarget_io.c...
compiling RTX_Conf_CM.c...
Warning: C3910W: Old syntax, please use '--c99'.
compiling SCU_LPC18xx.c...
compiling GPIO_LPC18xx.c...
compiling EventRecorder.c...
compiling Blinky.cpp...
compiling system_LPC18xx.c...
linking...
Program Size: Code=12284 RO-data=1144 RW-data=96 ZI-data=31452  
After Build - User command #1: E:\KeilNightlyBuilds\2017_03_27__19_30\\ARM\BIN\ElfDwT.exe .\Flash\Blinky.axf BASEADDRESS(0x1A000000)
ELFDWT - Signature Creator V1.2.0.0
COPYRIGHT Copyright (C) 2014-2016, ARM Ldt. and  ARM Germany GmbH
*** Updated Signature over Range[32] (0x1A000000 - 0x1A000018): @0x1A00001C = 0x53FF200E
*** Processing completed, no Errors.
".\Flash\Blinky.axf" - 0 Error(s), 0 Warning(s).

<h2>Software Packages used:</h2>

Package Vendor: ARM
                http://www.keil.com/pack/ARM.CMSIS.5.0.2-dev1.pack
                ::CMSIS:RTOS:1.0.0 (API)
                CMSIS (Cortex Microcontroller Software Interface Standard)
   * Component: RTOS Version: 1.0.0
   * Component: CORE Version: 5.0.1
   * Component: Keil RTX Version: 4.81.0

Package Vendor: Keil
                http://www.keil.com/pack/Keil.ARM_Compiler.1.3.0.pack
                Keil.ARM Compiler::Compiler:I/O:STDIN:ITM:1.2.0
                Keil ARM Compiler extensions for ARM Compiler 5 and ARM Compiler 6
   * Component: STDIN Variant: ITM Version: 1.2.0
   * Component: STDOUT Variant: ITM Version: 1.2.0
   * Component: STDERR Variant: ITM Version: 1.2.0
   * Component: Event Recorder Variant: DAP Version: 1.1.0

Package Vendor: Keil
                http://www.keil.com/pack/Keil.LPC1800_DFP.2.7.0.pack
                Keil::Device:Startup:1.0.0
                NXP LPC1800 Series Device Support, Drivers and Examples
   * Component: Startup Version: 1.0.0
   * Component: SCU Version: 1.1.0
   * Component: GPIO Version: 1.0.0
   * Component: LED Version: 1.0.0

Package Vendor: Keil
                http://www.keil.com/pack/Keil.MDK-Middleware.7.4.1-dev11.pack
                ::Board Support:LED:1.0.0 (API)
                Middleware for Keil MDK-Professional and MDK-Plus
   * Component: LED Version: 1.0.0

<h2>Collection of Component include folders:</h2>
  .\RTE\Compiler
  .\RTE\Device\LPC1857
  .\RTE\_EventRecorder
  E:\KeilNightlyBuilds\2017_03_27__19_30\ARM\PACK\ARM\CMSIS\5.0.2-dev1\CMSIS\Include
  E:\KeilNightlyBuilds\2017_03_27__19_30\ARM\PACK\ARM\CMSIS\5.0.2-dev1\CMSIS\RTOS\RTX\INC
  E:\KeilNightlyBuilds\2017_03_27__19_30\ARM\PACK\Keil\ARM_Compiler\1.3.0\Include
  E:\KeilNightlyBuilds\2017_03_27__19_30\ARM\PACK\Keil\LPC1800_DFP\2.7.0\Device\Include
  E:\KeilNightlyBuilds\2017_03_27__19_30\ARM\PACK\Keil\LPC1800_DFP\2.7.0\RTE_Driver
  E:\KeilNightlyBuilds\2017_03_27__19_30\ARM\PACK\Keil\MDK-Middleware\7.4.1-dev11\Board

<h2>Collection of Component Files used:</h2>

   * Component: ::CMSIS:RTOS:1.0.0 (API)

   * Component: ARM::CMSIS:CORE:5.0.1

   * Component: ARM::CMSIS:RTOS:Keil RTX:4.81.0
      Include file:  CMSIS\RTOS\RTX\INC\cmsis_os.h
      Source file:   CMSIS\RTOS\RTX\Templates\RTX_Conf_CM.c
      Include file:  CMSIS\RTOS\RTX\UserCodeTemplates\osObjects.h
      Source file:   CMSIS\RTOS\RTX\UserCodeTemplates\main.c
      Source file:   CMSIS\RTOS\RTX\UserCodeTemplates\MailQueue.c
      Source file:   CMSIS\RTOS\RTX\UserCodeTemplates\MemPool.c
      Source file:   CMSIS\RTOS\RTX\UserCodeTemplates\MsgQueue.c
      Source file:   CMSIS\RTOS\RTX\UserCodeTemplates\Mutex.c
      Source file:   CMSIS\RTOS\RTX\UserCodeTemplates\Semaphore.c
      Source file:   CMSIS\RTOS\RTX\UserCodeTemplates\Thread.c
      Source file:   CMSIS\RTOS\RTX\UserCodeTemplates\Timer.c
      Source file:   CMSIS\RTOS\RTX\SRC\ARM\SVC_Table.s
      Library file:  CMSIS\RTOS\RTX\LIB\ARM\RTX_CM3.lib

   * Component: Keil.ARM Compiler::Compiler:I/O:STDIN:ITM:1.2.0
      Source file:   Source\retarget_io.c

   * Component: Keil.ARM Compiler::Compiler:I/O:STDOUT:ITM:1.2.0
      Source file:   Source\retarget_io.c

   * Component: Keil.ARM Compiler::Compiler:I/O:STDERR:ITM:1.2.0
      Source file:   Source\retarget_io.c

   * Component: Keil.ARM Compiler::Compiler:Event Recorder:DAP:1.1.0
      Include file:  Config\EventRecorderConf.h
      Include file:  Include\EventRecorder.h
      Source file:   Source\EventRecorder.c

   * Component: Keil::Device:Startup:1.0.0
      Source file:   Device\Source\ARM\startup_LPC18xx.s
      Source file:   Device\Source\system_LPC18xx.c
      Include file:  RTE_Driver\Config\RTE_Device.h

   * Component: Keil::Device:SCU:1.1.0
      Include file:  RTE_Driver\SCU_LPC18xx.h
      Source file:   RTE_Driver\SCU_LPC18xx.c

   * Component: Keil::Device:GPIO:1.0.0
      Include file:  RTE_Driver\GPIO_LPC18xx.h
      Source file:   RTE_Driver\GPIO_LPC18xx.c

   * Component: Keil.MCB1800::Board Support:LED:1.0.0
      Source file:   Boards\Keil\MCB1800\Common\LED_MCB1800.c

   * Component: ::Board Support:LED:1.0.0 (API)
      Include file:  Board\Board_LED.h
Build Time Elapsed:  00:00:04
</pre>
</body>
</html>
